******************************************************************************
            TI ARM Clang Linker PC v4.0.2                      
******************************************************************************
>> Linked Sat Apr 18 17:06:16 2026

OUTPUT FILE NAME:   <Competition_415.out>
ENTRY POINT SYMBOL: "_c_int00_noargs"  address: 00003e91


MEMORY CONFIGURATION

         name            origin    length      used     unused   attr    fill
----------------------  --------  ---------  --------  --------  ----  --------
  FLASH                 00000000   00020000  00004460  0001bba0  R  X
  SRAM                  20200000   00008000  00000826  000077da  RW X
  BCR_CONFIG            41c00000   000000ff  00000000  000000ff  R   
  BSL_CONFIG            41c00100   00000080  00000000  00000080  R   


SEGMENT ALLOCATION MAP

run origin  load origin   length   init length attrs members
----------  ----------- ---------- ----------- ----- -------
00000000    00000000    00004218   00004218    r-x
  00000000    00000000    000000c0   000000c0    r-- .intvecs
  000000c0    000000c0    00004158   00004158    r-x .text
00004220    00004220    00000248   00000248    r--
  00004220    00004220    000001f0   000001f0    r-- .rodata
  00004410    00004410    00000058   00000058    r-- .cinit
20200000    20200000    00000626   00000000    rw-
  20200000    20200000    000004bc   00000000    rw- .bss
  202004bc    202004bc    0000016a   00000000    rw- .data
20207e00    20207e00    00000200   00000000    rw-
  20207e00    20207e00    00000200   00000000    rw- .stack


SECTION ALLOCATION MAP

 output                                  attributes/
section   page    origin      length       input sections
--------  ----  ----------  ----------   ----------------
.intvecs   0    00000000    000000c0     
                  00000000    000000c0     startup_mspm0g350x_ticlang.o (.intvecs)

.text      0    000000c0    00004158     
                  000000c0    000009d0     libc.a : _printfi.c.obj (.text:__TI_printfi)
                  00000a90    000002a8     ti_msp_dl_config.o (.text.SYSCFG_DL_SYSCTL_SYSPLL_init)
                  00000d38    00000234     No_Mcu_Ganv_Grayscale_Sensor.o (.text.normalizeAnalogValues)
                  00000f6c    00000220     libc.a : _printfi.c.obj (.text._pconv_a)
                  0000118c    000001dc            : _printfi.c.obj (.text._pconv_g)
                  00001368    000001d0     key.o (.text.Key_Handle)
                  00001538    00000192     libclang_rt.builtins.a : adddf3.S.obj (.text.adddf3_subdf3)
                  000016ca    00000002     startup_mspm0g350x_ticlang.o (.text.Default_Handler)
                  000016cc    0000018c     No_Mcu_Ganv_Grayscale_Sensor.o (.text.No_MCU_Ganv_Sensor_Init)
                  00001858    00000160     No_Mcu_Ganv_Grayscale_Sensor.o (.text.Get_Analog_value)
                  000019b8    00000140     empty.o (.text.main)
                  00001af8    0000013c     libc.a : _printfi.c.obj (.text.fcvt)
                  00001c34    00000120     No_Mcu_Ganv_Grayscale_Sensor.o (.text.No_Mcu_Ganv_Sensor_Task_Without_tick)
                  00001d54    00000120     libc.a : _printfi.c.obj (.text._pconv_e)
                  00001e74    0000010c     libclang_rt.builtins.a : divdf3.S.obj (.text.__divdf3)
                  00001f80    00000104     driverlib.a : dl_timer.o (.text.DL_Timer_initFourCCPWMMode)
                  00002084    000000fc                 : dl_timer.o (.text.DL_Timer_initTimerMode)
                  00002180    000000f8     buzzer.o (.text.Beep_Times)
                  00002278    000000f4     ti_msp_dl_config.o (.text.SYSCFG_DL_GPIO_init)
                  0000236c    000000e4     app_irtracking.o (.text.LineWalking)
                  00002450    000000e4     bsp_motor_usart.o (.text.Send_Motor_ArrayU8)
                  00002534    000000e4     libclang_rt.builtins.a : muldf3.S.obj (.text.__muldf3)
                  00002618    000000e0     questions.o (.text.Question_Task_1)
                  000026f8    000000dc     driverlib.a : dl_sysctl_mspm0g1x0x_g3x0x.o (.text.DL_SYSCTL_configSYSPLL)
                  000027d4    000000d8     questions.o (.text.Question_Task_4)
                  000028ac    000000d8     questions.o (.text.Question_Task_5)
                  00002984    000000d8     questions.o (.text.Question_Task_6)
                  00002a5c    000000d8     libc.a : s_scalbn.c.obj (.text.scalbn)
                  00002b34    000000d8     libclang_rt.builtins.a : addsf3.S.obj (.text)
                  00002c0c    000000b4     app_motor.o (.text.Motion_Car_Control)
                  00002cc0    000000b0     ti_msp_dl_config.o (.text.SYSCFG_DL_SYSCTL_init)
                  00002d70    000000a2     libclang_rt.builtins.a : udivmoddi4.S.obj (.text)
                  00002e12    0000009a     libc.a : memcpy16.S.obj (.text:memcpy)
                  00002eac    00000094     ti_msp_dl_config.o (.text.SYSCFG_DL_initPower)
                  00002f40    0000008c     ti_msp_dl_config.o (.text.SYSCFG_DL_PWM_MOTOR_init)
                  00002fcc    0000008c     libclang_rt.builtins.a : mulsf3.S.obj (.text.__mulsf3)
                  00003058    00000088     tb6612.o (.text.TB_Control)
                  000030e0    00000084     ti_msp_dl_config.o (.text.SYSCFG_DL_UART_0_init)
                  00003164    00000082     libclang_rt.builtins.a : divsf3.S.obj (.text.__divsf3)
                  000031e6    00000002                            : aeabi_div0.c.obj (.text.__aeabi_idiv0)
                  000031e8    0000007c     libc.a : copy_decompress_lzss.c.obj (.text:decompress:lzss)
                  00003264    00000078     ADC.o (.text.adc_getValue)
                  000032dc    00000074     ti_msp_dl_config.o (.text.SYSCFG_DL_BUZZER_init)
                  00003350    00000074     ti_msp_dl_config.o (.text.SYSCFG_DL_PWM_PHI_init)
                  000033c4    00000074     libclang_rt.builtins.a : comparedf2.c.obj (.text.__gedf2)
                  00003438    00000070     ti_msp_dl_config.o (.text.SYSCFG_DL_MOTOR_init)
                  000034a8    0000006c     ti_msp_dl_config.o (.text.SYSCFG_DL_PWM_THETA_init)
                  00003514    0000006c     app_irtracking.o (.text.deal_IRdata)
                  00003580    00000068     libclang_rt.builtins.a : comparedf2.c.obj (.text.__ledf2)
                  000035e8    00000066     libc.a : _printfi.c.obj (.text._mcpy)
                  0000364e    00000002     libclang_rt.builtins.a : aeabi_div0.c.obj (.text.__aeabi_ldiv0)
                  00003650    00000062                            : aeabi_dcmp.S.obj (.text.__aeabi_dcmp)
                  000036b2    00000062     libc.a : memset16.S.obj (.text:memset)
                  00003714    00000060     ti_msp_dl_config.o (.text.SYSCFG_DL_init)
                  00003774    0000005c     libc.a : s_frexp.c.obj (.text.frexp)
                  000037d0    00000058            : _ltoa.c.obj (.text.__TI_ltoa)
                  00003828    00000058            : _printfi.c.obj (.text._pconv_f)
                  00003880    00000056     libclang_rt.builtins.a : aeabi_idivmod.S.obj (.text.__aeabi_idivmod)
                  000038d6    00000002     --HOLE-- [fill = 0]
                  000038d8    00000054     ti_msp_dl_config.o (.text.SYSCFG_DL_Sensor_init)
                  0000392c    00000052     libc.a : _printfi.c.obj (.text._ecpy)
                  0000397e    00000002     --HOLE-- [fill = 0]
                  00003980    00000050     buzzer.o (.text.Buzzer_Handle)
                  000039d0    0000004c     app_motor_usart.o (.text.Contrl_Pwm)
                  00003a1c    0000004a     libclang_rt.builtins.a : fixdfsi.S.obj (.text.__fixdfsi)
                  00003a66    00000002     --HOLE-- [fill = 0]
                  00003a68    00000048     driverlib.a : dl_uart.o (.text.DL_UART_init)
                  00003ab0    00000048     ti_msp_dl_config.o (.text.SYSCFG_DL_TIMER_0_init)
                  00003af8    00000044     driverlib.a : dl_sysctl_mspm0g1x0x_g3x0x.o (.text.DL_SYSCTL_switchMCLKfromSYSOSCtoHSCLK)
                  00003b3c    00000044     usart.o (.text.UART0_IRQHandler)
                  00003b80    00000044     delay.o (.text.delay_ms)
                  00003bc4    00000040     driverlib.a : dl_adc12.o (.text.DL_ADC12_setClockConfig)
                  00003c04    00000040     libclang_rt.builtins.a : aeabi_uidivmod.S.obj (.text.__aeabi_uidivmod)
                  00003c44    00000040     libc.a : atoi.c.obj (.text.atoi)
                  00003c84    0000003c     libclang_rt.builtins.a : floatsisf.S.obj (.text.__floatsisf)
                  00003cc0    0000003c     libc.a : autoinit.c.obj (.text:__TI_auto_init_nobinit_nopinit)
                  00003cfc    0000003a     libclang_rt.builtins.a : muldsi3.S.obj (.text.__muldsi3)
                  00003d36    00000002     --HOLE-- [fill = 0]
                  00003d38    00000038                            : fixsfsi.S.obj (.text.__fixsfsi)
                  00003d70    00000038     libc.a : sprintf.c.obj (.text.sprintf)
                  00003da8    00000034     usart.o (.text.USART_SendString)
                  00003ddc    00000030     ti_msp_dl_config.o (.text.SYSCFG_DL_ADC1_init)
                  00003e0c    00000030     libc.a : _printfi.c.obj (.text._fcpy)
                  00003e3c    0000002c     libclang_rt.builtins.a : floatsidf.S.obj (.text.__floatsidf)
                  00003e68    00000028     buzzer.o (.text.Buzzer_Toggle)
                  00003e90    00000028     libc.a : boot_cortex_m.c.obj (.text:_c_int00_noargs)
                  00003eb8    00000026     driverlib.a : dl_i2c.o (.text.DL_I2C_setClockConfig)
                  00003ede    00000002     --HOLE-- [fill = 0]
                  00003ee0    00000024     timer.o (.text.TIMG0_IRQHandler)
                  00003f04    00000024     usart.o (.text.USART_Init)
                  00003f28    00000024     libclang_rt.builtins.a : floatunsidf.S.obj (.text.__floatunsidf)
                  00003f4c    00000024                            : muldi3.S.obj (.text.__muldi3)
                  00003f70    00000022     libc.a : memccpy.c.obj (.text.memccpy)
                  00003f92    00000002     --HOLE-- [fill = 0]
                  00003f94    00000020     task.o (.text.Scheduler_Run)
                  00003fb4    0000001e     No_Mcu_Ganv_Grayscale_Sensor.o (.text.Get_Anolog_Value)
                  00003fd2    0000001e     No_Mcu_Ganv_Grayscale_Sensor.o (.text.No_MCU_Ganv_Sensor_Init_Frist)
                  00003ff0    0000001e     libclang_rt.builtins.a : ashldi3.S.obj (.text.__ashldi3)
                  0000400e    00000002     --HOLE-- [fill = 0]
                  00004010    0000001c     driverlib.a : dl_sysctl_mspm0g1x0x_g3x0x.o (.text.DL_SYSCTL_configFCC)
                  0000402c    0000001c                 : dl_timer.o (.text.DL_Timer_setCaptCompUpdateMethod)
                  00004048    0000001c                 : dl_timer.o (.text.DL_Timer_setClockConfig)
                  00004064    0000001c     ti_msp_dl_config.o (.text.SYSCFG_DL_SYSTICK_init)
                  00004080    00000018     driverlib.a : dl_timer.o (.text.DL_Timer_setCaptureCompareOutCtl)
                  00004098    00000018     questions.o (.text.State_Machine_init)
                  000040b0    00000018     libc.a : sprintf.c.obj (.text._outs)
                  000040c8    00000014     libclang_rt.builtins.a : aeabi_uldivmod.S.obj (.text.__aeabi_uldivmod)
                  000040dc    00000014     libc.a : _printfi.c.obj (.text.strchr)
                  000040f0    00000012     driverlib.a : dl_uart.o (.text.DL_UART_setClockConfig)
                  00004102    00000012     libc.a : copy_decompress_none.c.obj (.text:decompress:none)
                  00004114    00000010     driverlib.a : dl_timer.o (.text.DL_Timer_setCaptureCompareValue)
                  00004124    00000010     buzzer.o (.text.PWM_Buzzer_Init)
                  00004134    00000010     libc.a : wcslen.c.obj (.text.wcslen)
                  00004144    00000010            : copy_zero_init.c.obj (.text:decompress:ZI)
                  00004154    0000000e     libclang_rt.builtins.a : aeabi_memset.S.obj (.text.__aeabi_memset)
                  00004162    0000000e     libc.a : _printfi.c.obj (.text.strlen)
                  00004170    0000000c     timer.o (.text.Get_Time)
                  0000417c    0000000c     led.o (.text.LED2_Toggle)
                  00004188    0000000c     led.o (.text.LED_OFF)
                  00004194    0000000c     led.o (.text.LED_ON)
                  000041a0    0000000c     libclang_rt.builtins.a : aeabi_memset.S.obj (.text.__aeabi_memclr)
                  000041ac    0000000a     app_motor_usart.o (.text.Contrl_Speed)
                  000041b6    0000000a     driverlib.a : dl_common.o (.text.DL_Common_delayCycles)
                  000041c0    0000000a     libc.a : _printfi.c.obj (.text.OUTLINED_FUNCTION_0)
                  000041ca    00000002     --HOLE-- [fill = 0]
                  000041cc    00000010     libclang_rt.builtins.a : adddf3.S.obj (.tramp.__aeabi_dsub.1)
                  000041dc    0000000a     libc.a : _printfi.c.obj (.text.OUTLINED_FUNCTION_1)
                  000041e6    0000000a            : sprintf.c.obj (.text._outc)
                  000041f0    00000008            : aeabi_portable.c.obj (.text.__aeabi_errno_addr)
                  000041f8    00000008     libclang_rt.builtins.a : aeabi_memcpy.S.obj (.text.__aeabi_memcpy)
                  00004200    00000006     No_Mcu_Ganv_Grayscale_Sensor.o (.text.Get_Digtal_For_User)
                  00004206    00000006     libc.a : exit.c.obj (.text:abort)
                  0000420c    00000004     libsysbm.a : hostexit.c.obj (.text.HOSTexit)
                  00004210    00000004     startup_mspm0g350x_ticlang.o (.text.Reset_Handler)
                  00004214    00000004     libc.a : pre_init.c.obj (.text._system_pre_init)

.cinit     0    00004410    00000058     
                  00004410    00000033     (.cinit..data.load) [load image, compression = lzss]
                  00004443    00000001     --HOLE-- [fill = 0]
                  00004444    0000000c     (__TI_handler_table)
                  00004450    00000008     (.cinit..bss.load) [load image, compression = zero_init]
                  00004458    00000010     (__TI_cinit_table)

.rodata    0    00004220    000001f0     
                  00004220    00000101     libc.a : aeabi_ctype.S.obj (.rodata:__aeabi_ctype_table_)
                  00004321    00000003     ti_msp_dl_config.o (.rodata.gBUZZERClockConfig)
                  00004324    00000028     ti_msp_dl_config.o (.rodata.gSYSPLLConfig)
                  0000434c    00000021     empty.o (.rodata.str1.9517790425240694019.1)
                  0000436d    00000003     ti_msp_dl_config.o (.rodata.gPWM_MOTORClockConfig)
                  00004370    00000014     ti_msp_dl_config.o (.rodata.gTIMER_0TimerConfig)
                  00004384    00000012     app_motor_usart.o (.rodata.str1.6728806423934458923.1)
                  00004396    00000011     libc.a : _printfi.c.obj (.rodata.str1.10348868589481759720.1)
                  000043a7    00000011            : _printfi.c.obj (.rodata.str1.15363888844622738466.1)
                  000043b8    0000000a     ti_msp_dl_config.o (.rodata.gMOTORConfig)
                  000043c2    0000000a     ti_msp_dl_config.o (.rodata.gUART_0Config)
                  000043cc    00000008     ti_msp_dl_config.o (.rodata.gADC1ClockConfig)
                  000043d4    00000008     ti_msp_dl_config.o (.rodata.gBUZZERConfig)
                  000043dc    00000008     ti_msp_dl_config.o (.rodata.gPWM_MOTORConfig)
                  000043e4    00000008     ti_msp_dl_config.o (.rodata.gPWM_PHIConfig)
                  000043ec    00000008     ti_msp_dl_config.o (.rodata.gPWM_THETAConfig)
                  000043f4    00000003     ti_msp_dl_config.o (.rodata.gPWM_PHIClockConfig)
                  000043f7    00000003     ti_msp_dl_config.o (.rodata.gPWM_THETAClockConfig)
                  000043fa    00000003     ti_msp_dl_config.o (.rodata.gTIMER_0ClockConfig)
                  000043fd    00000002     ti_msp_dl_config.o (.rodata.gMOTORClockConfig)
                  000043ff    00000002     ti_msp_dl_config.o (.rodata.gSensorClockConfig)
                  00004401    00000002     ti_msp_dl_config.o (.rodata.gUART_0ClockConfig)
                  00004403    0000000d     --HOLE-- [fill = 0]

.init_array 
*          0    00000000    00000000     UNINITIALIZED

.binit     0    00000000    00000000     

.bss       0    20200000    000004bc     UNINITIALIZED
                  20200000    00000100     (.common:buffer)
                  20200100    000000bc     (.common:gBUZZERBackup)
                  202001bc    000000bc     (.common:gPWM_PHIBackup)
                  20200278    000000b0     (.common:sensor)
                  20200328    000000a0     (.common:gPWM_MOTORBackup)
                  202003c8    000000a0     (.common:gPWM_THETABackup)
                  20200468    00000032     (.common:send_buff)
                  2020049a    00000002     --HOLE--
                  2020049c    0000001c     (.common:State_Machine)
                  202004b8    00000004     app_irtracking.o (.bss.APP_ELE_PID_Calc.IRTrack_Integral)

.data      0    202004bc    0000016a     UNINITIALIZED
                  202004bc    00000080     usart.o (.data.recv0_buff)
                  2020053c    00000014     key.o (.data.key1)
                  20200550    00000014     key.o (.data.key4)
                  20200564    00000010     empty.o (.data.Anolog)
                  20200574    00000010     empty.o (.data.black)
                  20200584    00000010     empty.o (.data.white)
                  20200594    0000000c     task.o (.data.tasks)
                  202005a0    00000004     key.o (.data.Key_Handle.lastTick)
                  202005a4    00000004     key.o (.data.Key_Handle.task_flag)
                  202005a8    00000004     libc.a : aeabi_portable.c.obj (.data.__aeabi_errno)
                  202005ac    00000004     buzzer.o (.data.bee_time)
                  202005b0    00000004     questions.o (.data.encoder_odometry_flag)
                  202005b4    00000004     empty.o (.data.g_LinePortal_flag)
                  202005b8    00000004     questions.o (.data.odometry_sum)
                  202005bc    00000004     app_irtracking.o (.data.pid_output_IRR)
                  202005c0    00000004     questions.o (.data.q1_circle_N)
                  202005c4    00000004     questions.o (.data.q1_circle_num)
                  202005c8    00000004     questions.o (.data.q1_first_flag)
                  202005cc    00000004     questions.o (.data.q1_turn_num)
                  202005d0    00000004     questions.o (.data.q4_circle_N)
                  202005d4    00000004     questions.o (.data.q4_circle_num)
                  202005d8    00000004     questions.o (.data.q4_first_flag)
                  202005dc    00000004     questions.o (.data.q4_turn_num)
                  202005e0    00000004     questions.o (.data.q5_circle_N)
                  202005e4    00000004     questions.o (.data.q5_circle_num)
                  202005e8    00000004     questions.o (.data.q5_first_flag)
                  202005ec    00000004     questions.o (.data.q5_turn_num)
                  202005f0    00000004     questions.o (.data.q6_circle_N)
                  202005f4    00000004     questions.o (.data.q6_circle_num)
                  202005f8    00000004     questions.o (.data.q6_first_flag)
                  202005fc    00000004     questions.o (.data.q6_turn_num)
                  20200600    00000004     app_motor.o (.data.speed_L1_setup)
                  20200604    00000004     app_motor.o (.data.speed_L2_setup)
                  20200608    00000004     tb6612.o (.data.speed_L)
                  2020060c    00000004     app_motor.o (.data.speed_R1_setup)
                  20200610    00000004     app_motor.o (.data.speed_R2_setup)
                  20200614    00000004     tb6612.o (.data.speed_R)
                  20200618    00000004     timer.o (.data.systick_counter)
                  2020061c    00000004     questions.o (.data.turn_flag)
                  20200620    00000002     usart.o (.data.recv0_length)
                  20200622    00000001     app_irtracking.o (.data.APP_ELE_PID_Calc.error_last)
                  20200623    00000001     buzzer.o (.data.Buzzer_Handle.buzzer_state)
                  20200624    00000001     buzzer.o (.data.Buzzer_Toggle.i)
                  20200625    00000001     usart.o (.data.recv0_flag)

.stack     0    20207e00    00000200     UNINITIALIZED
                  20207e00    00000004     libc.a : boot_cortex_m.c.obj (.stack)
                  20207e04    000001fc     --HOLE--

__llvm_prf_cnts 
*          0    20200000    00000000     UNINITIALIZED

__llvm_prf_bits 
*          0    20200000    00000000     UNINITIALIZED

MODULE SUMMARY

       Module                           code    ro data   rw data
       ------                           ----    -------   -------
    .\
       empty.o                          320     33        484    
       startup_mspm0g350x_ticlang.o     6       192       0      
    +--+--------------------------------+-------+---------+---------+
       Total:                           326     225       484    
                                                                 
    .\BSP\
       usart.o                          156     0         131    
       delay.o                          68      0         0      
    +--+--------------------------------+-------+---------+---------+
       Total:                           224     0         131    
                                                                 
    .\BSP\Buzzer\
       buzzer.o                         384     0         6      
    +--+--------------------------------+-------+---------+---------+
       Total:                           384     0         6      
                                                                 
    .\BSP\Eight_Tracking\
       No_Mcu_Ganv_Grayscale_Sensor.o   1666    0         0      
       app_irtracking.o                 336     0         9      
       ADC.o                            120     0         0      
    +--+--------------------------------+-------+---------+---------+
       Total:                           2122    0         9      
                                                                 
    .\BSP\Key\
       key.o                            464     0         48     
    +--+--------------------------------+-------+---------+---------+
       Total:                           464     0         48     
                                                                 
    .\BSP\LED\
       led.o                            36      0         0      
    +--+--------------------------------+-------+---------+---------+
       Total:                           36      0         0      
                                                                 
    .\BSP\Motor\
       bsp_motor_usart.o                228     0         0      
       app_motor.o                      180     0         16     
       app_motor_usart.o                86      18        50     
    +--+--------------------------------+-------+---------+---------+
       Total:                           494     18        66     
                                                                 
    .\BSP\Questions\
       questions.o                      896     0         104    
    +--+--------------------------------+-------+---------+---------+
       Total:                           896     0         104    
                                                                 
    .\BSP\TB6612\
       tb6612.o                         136     0         8      
    +--+--------------------------------+-------+---------+---------+
       Total:                           136     0         8      
                                                                 
    .\BSP\Task\
       task.o                           32      0         12     
    +--+--------------------------------+-------+---------+---------+
       Total:                           32      0         12     
                                                                 
    .\BSP\Timer\
       timer.o                          48      0         4      
    +--+--------------------------------+-------+---------+---------+
       Total:                           48      0         4      
                                                                 
    .\syscfg\
       ti_msp_dl_config.o               2300    141       696    
    +--+--------------------------------+-------+---------+---------+
       Total:                           2300    141       696    
                                                                 
    C:/ti/mspm0_sdk_2_10_00_04/source/ti/driverlib/lib/ticlang/m0p/mspm0g1x0x_g3x0x/driverlib.a
       dl_timer.o                       608     0         0      
       dl_sysctl_mspm0g1x0x_g3x0x.o     316     0         0      
       dl_uart.o                        90      0         0      
       dl_adc12.o                       64      0         0      
       dl_i2c.o                         38      0         0      
       dl_common.o                      10      0         0      
    +--+--------------------------------+-------+---------+---------+
       Total:                           1126    0         0      
                                                                 
    C:\ti\ti_cgt_arm_llvm_4.0.2.LTS\lib\armv6m-ti-none-eabi/c/libc.a
       _printfi.c.obj                   4510    34        0      
       aeabi_ctype.S.obj                0       257       0      
       s_scalbn.c.obj                   216     0         0      
       memcpy16.S.obj                   154     0         0      
       copy_decompress_lzss.c.obj       124     0         0      
       memset16.S.obj                   98      0         0      
       s_frexp.c.obj                    92      0         0      
       sprintf.c.obj                    90      0         0      
       _ltoa.c.obj                      88      0         0      
       atoi.c.obj                       64      0         0      
       autoinit.c.obj                   60      0         0      
       boot_cortex_m.c.obj              40      0         0      
       memccpy.c.obj                    34      0         0      
       copy_decompress_none.c.obj       18      0         0      
       copy_zero_init.c.obj             16      0         0      
       wcslen.c.obj                     16      0         0      
       aeabi_portable.c.obj             8       0         4      
       exit.c.obj                       6       0         0      
       pre_init.c.obj                   4       0         0      
    +--+--------------------------------+-------+---------+---------+
       Total:                           5638    291       4      
                                                                 
    C:\ti\ti_cgt_arm_llvm_4.0.2.LTS\lib\armv6m-ti-none-eabi/c/libsysbm.a
       hostexit.c.obj                   4       0         0      
    +--+--------------------------------+-------+---------+---------+
       Total:                           4       0         0      
                                                                 
    C:\ti\ti_cgt_arm_llvm_4.0.2.LTS\lib\armv6m-ti-none-eabi/libclang_rt.builtins.a
       adddf3.S.obj                     418     0         0      
       divdf3.S.obj                     268     0         0      
       muldf3.S.obj                     228     0         0      
       comparedf2.c.obj                 220     0         0      
       addsf3.S.obj                     216     0         0      
       udivmoddi4.S.obj                 162     0         0      
       mulsf3.S.obj                     140     0         0      
       divsf3.S.obj                     130     0         0      
       aeabi_dcmp.S.obj                 98      0         0      
       aeabi_idivmod.S.obj              86      0         0      
       fixdfsi.S.obj                    74      0         0      
       aeabi_uidivmod.S.obj             64      0         0      
       floatsisf.S.obj                  60      0         0      
       muldsi3.S.obj                    58      0         0      
       fixsfsi.S.obj                    56      0         0      
       floatsidf.S.obj                  44      0         0      
       floatunsidf.S.obj                36      0         0      
       muldi3.S.obj                     36      0         0      
       ashldi3.S.obj                    30      0         0      
       aeabi_memset.S.obj               26      0         0      
       aeabi_uldivmod.S.obj             20      0         0      
       aeabi_memcpy.S.obj               8       0         0      
       aeabi_div0.c.obj                 4       0         0      
    +--+--------------------------------+-------+---------+---------+
       Total:                           2482    0         0      
                                                                 
       Stack:                           0       0         512    
       Linker Generated:                0       87        0      
    +--+--------------------------------+-------+---------+---------+
       Grand Total:                     16712   762       2084   


LINKER GENERATED COPY TABLES

__TI_cinit_table @ 00004458 records: 2, size/record: 8, table size: 16
	.data: load addr=00004410, load size=00000033 bytes, run addr=202004bc, run size=0000016a bytes, compression=lzss
	.bss: load addr=00004450, load size=00000008 bytes, run addr=20200000, run size=000004bc bytes, compression=zero_init


LINKER GENERATED HANDLER TABLE

__TI_handler_table @ 00004444 records: 3, size/record: 4, table size: 12
	index: 0, handler: __TI_decompress_lzss
	index: 1, handler: __TI_decompress_none
	index: 2, handler: __TI_zero_init


FAR CALL TRAMPOLINES

callee name               trampoline name
   callee addr  tramp addr   call addr  call info
--------------  -----------  ---------  ----------------
__aeabi_dsub              $Tramp$TT$L$PI$$__aeabi_dsub
   00001539     000041cc     000041c8   libc.a : _printfi.c.obj (.text.OUTLINED_FUNCTION_0)

[1 trampolines]
[1 trampoline calls]


GLOBAL SYMBOLS: SORTED ALPHABETICALLY BY Name 

address   name                                 
-------   ----                                 
000016cb  ADC0_IRQHandler                      
000016cb  ADC1_IRQHandler                      
000016cb  AES_IRQHandler                       
20200564  Anolog                               
00002181  Beep_Times                           
00003981  Buzzer_Handle                        
00003e69  Buzzer_Toggle                        
0000420c  C$$EXIT                              
000016cb  CANFD0_IRQHandler                    
000039d1  Contrl_Pwm                           
000041ad  Contrl_Speed                         
000016cb  DAC0_IRQHandler                      
00003bc5  DL_ADC12_setClockConfig              
000041b7  DL_Common_delayCycles                
00003eb9  DL_I2C_setClockConfig                
00004011  DL_SYSCTL_configFCC                  
000026f9  DL_SYSCTL_configSYSPLL               
00003af9  DL_SYSCTL_switchMCLKfromSYSOSCtoHSCLK
00001f81  DL_Timer_initFourCCPWMMode           
00002085  DL_Timer_initTimerMode               
0000402d  DL_Timer_setCaptCompUpdateMethod     
00004081  DL_Timer_setCaptureCompareOutCtl     
00004115  DL_Timer_setCaptureCompareValue      
00004049  DL_Timer_setClockConfig              
00003a69  DL_UART_init                         
000040f1  DL_UART_setClockConfig               
000016cb  DMA_IRQHandler                       
000016cb  Default_Handler                      
000016cb  GROUP0_IRQHandler                    
000016cb  GROUP1_IRQHandler                    
00001859  Get_Analog_value                     
00003fb5  Get_Anolog_Value                     
00004201  Get_Digtal_For_User                  
00004171  Get_Time                             
0000420d  HOSTexit                             
000016cb  HardFault_Handler                    
000016cb  I2C0_IRQHandler                      
000016cb  I2C1_IRQHandler                      
00001369  Key_Handle                           
0000417d  LED2_Toggle                          
00004189  LED_OFF                              
00004195  LED_ON                               
0000236d  LineWalking                          
00002c0d  Motion_Car_Control                   
000016cb  NMI_Handler                          
000016cd  No_MCU_Ganv_Sensor_Init              
00003fd3  No_MCU_Ganv_Sensor_Init_Frist        
00001c35  No_Mcu_Ganv_Sensor_Task_Without_tick 
00004125  PWM_Buzzer_Init                      
000016cb  PendSV_Handler                       
00002619  Question_Task_1                      
000027d5  Question_Task_4                      
000028ad  Question_Task_5                      
00002985  Question_Task_6                      
000016cb  RTC_IRQHandler                       
00004211  Reset_Handler                        
000016cb  SPI0_IRQHandler                      
000016cb  SPI1_IRQHandler                      
000016cb  SVC_Handler                          
00003ddd  SYSCFG_DL_ADC1_init                  
000032dd  SYSCFG_DL_BUZZER_init                
00002279  SYSCFG_DL_GPIO_init                  
00003439  SYSCFG_DL_MOTOR_init                 
00002f41  SYSCFG_DL_PWM_MOTOR_init             
00003351  SYSCFG_DL_PWM_PHI_init               
000034a9  SYSCFG_DL_PWM_THETA_init             
00000a91  SYSCFG_DL_SYSCTL_SYSPLL_init         
00002cc1  SYSCFG_DL_SYSCTL_init                
00004065  SYSCFG_DL_SYSTICK_init               
000038d9  SYSCFG_DL_Sensor_init                
00003ab1  SYSCFG_DL_TIMER_0_init               
000030e1  SYSCFG_DL_UART_0_init                
00003715  SYSCFG_DL_init                       
00002ead  SYSCFG_DL_initPower                  
00003f95  Scheduler_Run                        
00002451  Send_Motor_ArrayU8                   
2020049c  State_Machine                        
00004099  State_Machine_init                   
000016cb  SysTick_Handler                      
00003059  TB_Control                           
000016cb  TIMA0_IRQHandler                     
000016cb  TIMA1_IRQHandler                     
00003ee1  TIMG0_IRQHandler                     
000016cb  TIMG12_IRQHandler                    
000016cb  TIMG6_IRQHandler                     
000016cb  TIMG7_IRQHandler                     
000016cb  TIMG8_IRQHandler                     
00003b3d  UART0_IRQHandler                     
000016cb  UART1_IRQHandler                     
000016cb  UART2_IRQHandler                     
000016cb  UART3_IRQHandler                     
00003f05  USART_Init                           
00003da9  USART_SendString                     
20208000  __STACK_END                          
00000200  __STACK_SIZE                         
00000000  __TI_ATRegion0_region_sz             
00000000  __TI_ATRegion0_src_addr              
00000000  __TI_ATRegion0_trg_addr              
00000000  __TI_ATRegion1_region_sz             
00000000  __TI_ATRegion1_src_addr              
00000000  __TI_ATRegion1_trg_addr              
00000000  __TI_ATRegion2_region_sz             
00000000  __TI_ATRegion2_src_addr              
00000000  __TI_ATRegion2_trg_addr              
00004458  __TI_CINIT_Base                      
00004468  __TI_CINIT_Limit                     
00004468  __TI_CINIT_Warm                      
00004444  __TI_Handler_Table_Base              
00004450  __TI_Handler_Table_Limit             
00003cc1  __TI_auto_init_nobinit_nopinit       
000031e9  __TI_decompress_lzss                 
00004103  __TI_decompress_none                 
000037d1  __TI_ltoa                            
ffffffff  __TI_pprof_out_hndl                  
000000c1  __TI_printfi                         
ffffffff  __TI_prof_data_size                  
ffffffff  __TI_prof_data_start                 
00000000  __TI_static_base__                   
00004145  __TI_zero_init                       
00001543  __adddf3                             
00002b3f  __addsf3                             
00004220  __aeabi_ctype_table_                 
00004220  __aeabi_ctype_table_C                
00003a1d  __aeabi_d2iz                         
00001543  __aeabi_dadd                         
00003651  __aeabi_dcmpeq                       
0000368d  __aeabi_dcmpge                       
000036a1  __aeabi_dcmpgt                       
00003679  __aeabi_dcmple                       
00003665  __aeabi_dcmplt                       
00001e75  __aeabi_ddiv                         
00002535  __aeabi_dmul                         
00001539  __aeabi_dsub                         
202005a8  __aeabi_errno                        
000041f1  __aeabi_errno_addr                   
00003d39  __aeabi_f2iz                         
00002b3f  __aeabi_fadd                         
00003165  __aeabi_fdiv                         
00002fcd  __aeabi_fmul                         
00002b35  __aeabi_fsub                         
00003e3d  __aeabi_i2d                          
00003c85  __aeabi_i2f                          
00003881  __aeabi_idiv                         
000031e7  __aeabi_idiv0                        
00003881  __aeabi_idivmod                      
0000364f  __aeabi_ldiv0                        
00003ff1  __aeabi_llsl                         
00003f4d  __aeabi_lmul                         
000041a1  __aeabi_memclr                       
000041a1  __aeabi_memclr4                      
000041a1  __aeabi_memclr8                      
000041f9  __aeabi_memcpy                       
000041f9  __aeabi_memcpy4                      
000041f9  __aeabi_memcpy8                      
00004155  __aeabi_memset                       
00004155  __aeabi_memset4                      
00004155  __aeabi_memset8                      
00003f29  __aeabi_ui2d                         
00003c05  __aeabi_uidiv                        
00003c05  __aeabi_uidivmod                     
000040c9  __aeabi_uldivmod                     
00003ff1  __ashldi3                            
ffffffff  __binit__                            
00003581  __cmpdf2                             
00001e75  __divdf3                             
00003165  __divsf3                             
00003581  __eqdf2                              
00003a1d  __fixdfsi                            
00003d39  __fixsfsi                            
00003e3d  __floatsidf                          
00003c85  __floatsisf                          
00003f29  __floatunsidf                        
000033c5  __gedf2                              
000033c5  __gtdf2                              
00003581  __ledf2                              
00003581  __ltdf2                              
UNDEFED   __mpu_init                           
00002535  __muldf3                             
00003f4d  __muldi3                             
00003cfd  __muldsi3                            
00002fcd  __mulsf3                             
00003581  __nedf2                              
20207e00  __stack                              
20200000  __start___llvm_prf_bits              
20200000  __start___llvm_prf_cnts              
20200000  __stop___llvm_prf_bits               
20200000  __stop___llvm_prf_cnts               
00001539  __subdf3                             
00002b35  __subsf3                             
00002d71  __udivmoddi4                         
00003e91  _c_int00_noargs                      
UNDEFED   _system_post_cinit                   
00004215  _system_pre_init                     
00004207  abort                                
00003265  adc_getValue                         
00003c45  atoi                                 
202005ac  bee_time                             
ffffffff  binit                                
20200574  black                                
20200000  buffer                               
00003515  deal_IRdata                          
00003b81  delay_ms                             
202005b0  encoder_odometry_flag                
00003775  frexp                                
00003775  frexpl                               
20200100  gBUZZERBackup                        
20200328  gPWM_MOTORBackup                     
202001bc  gPWM_PHIBackup                       
202003c8  gPWM_THETABackup                     
202005b4  g_LinePortal_flag                    
00000000  interruptVectors                     
2020053c  key1                                 
20200550  key4                                 
00002a5d  ldexp                                
00002a5d  ldexpl                               
000019b9  main                                 
00003f71  memccpy                              
00002e13  memcpy                               
000036b3  memset                               
00000d39  normalizeAnalogValues                
202005b8  odometry_sum                         
202005bc  pid_output_IRR                       
202005c0  q1_circle_N                          
202005c4  q1_circle_num                        
202005c8  q1_first_flag                        
202005cc  q1_turn_num                          
202005d0  q4_circle_N                          
202005d4  q4_circle_num                        
202005d8  q4_first_flag                        
202005dc  q4_turn_num                          
202005e0  q5_circle_N                          
202005e4  q5_circle_num                        
202005e8  q5_first_flag                        
202005ec  q5_turn_num                          
202005f0  q6_circle_N                          
202005f4  q6_circle_num                        
202005f8  q6_first_flag                        
202005fc  q6_turn_num                          
202004bc  recv0_buff                           
20200625  recv0_flag                           
20200620  recv0_length                         
00002a5d  scalbn                               
00002a5d  scalbnl                              
20200468  send_buff                            
20200278  sensor                               
20200608  speed_L                              
20200614  speed_R                              
00003d71  sprintf                              
20200618  systick_counter                      
20200594  tasks                                
2020061c  turn_flag                            
00004135  wcslen                               
20200584  white                                


GLOBAL SYMBOLS: SORTED BY Symbol Address 

address   name                                 
-------   ----                                 
00000000  __TI_ATRegion0_region_sz             
00000000  __TI_ATRegion0_src_addr              
00000000  __TI_ATRegion0_trg_addr              
00000000  __TI_ATRegion1_region_sz             
00000000  __TI_ATRegion1_src_addr              
00000000  __TI_ATRegion1_trg_addr              
00000000  __TI_ATRegion2_region_sz             
00000000  __TI_ATRegion2_src_addr              
00000000  __TI_ATRegion2_trg_addr              
00000000  __TI_static_base__                   
00000000  interruptVectors                     
000000c1  __TI_printfi                         
00000200  __STACK_SIZE                         
00000a91  SYSCFG_DL_SYSCTL_SYSPLL_init         
00000d39  normalizeAnalogValues                
00001369  Key_Handle                           
00001539  __aeabi_dsub                         
00001539  __subdf3                             
00001543  __adddf3                             
00001543  __aeabi_dadd                         
000016cb  ADC0_IRQHandler                      
000016cb  ADC1_IRQHandler                      
000016cb  AES_IRQHandler                       
000016cb  CANFD0_IRQHandler                    
000016cb  DAC0_IRQHandler                      
000016cb  DMA_IRQHandler                       
000016cb  Default_Handler                      
000016cb  GROUP0_IRQHandler                    
000016cb  GROUP1_IRQHandler                    
000016cb  HardFault_Handler                    
000016cb  I2C0_IRQHandler                      
000016cb  I2C1_IRQHandler                      
000016cb  NMI_Handler                          
000016cb  PendSV_Handler                       
000016cb  RTC_IRQHandler                       
000016cb  SPI0_IRQHandler                      
000016cb  SPI1_IRQHandler                      
000016cb  SVC_Handler                          
000016cb  SysTick_Handler                      
000016cb  TIMA0_IRQHandler                     
000016cb  TIMA1_IRQHandler                     
000016cb  TIMG12_IRQHandler                    
000016cb  TIMG6_IRQHandler                     
000016cb  TIMG7_IRQHandler                     
000016cb  TIMG8_IRQHandler                     
000016cb  UART1_IRQHandler                     
000016cb  UART2_IRQHandler                     
000016cb  UART3_IRQHandler                     
000016cd  No_MCU_Ganv_Sensor_Init              
00001859  Get_Analog_value                     
000019b9  main                                 
00001c35  No_Mcu_Ganv_Sensor_Task_Without_tick 
00001e75  __aeabi_ddiv                         
00001e75  __divdf3                             
00001f81  DL_Timer_initFourCCPWMMode           
00002085  DL_Timer_initTimerMode               
00002181  Beep_Times                           
00002279  SYSCFG_DL_GPIO_init                  
0000236d  LineWalking                          
00002451  Send_Motor_ArrayU8                   
00002535  __aeabi_dmul                         
00002535  __muldf3                             
00002619  Question_Task_1                      
000026f9  DL_SYSCTL_configSYSPLL               
000027d5  Question_Task_4                      
000028ad  Question_Task_5                      
00002985  Question_Task_6                      
00002a5d  ldexp                                
00002a5d  ldexpl                               
00002a5d  scalbn                               
00002a5d  scalbnl                              
00002b35  __aeabi_fsub                         
00002b35  __subsf3                             
00002b3f  __addsf3                             
00002b3f  __aeabi_fadd                         
00002c0d  Motion_Car_Control                   
00002cc1  SYSCFG_DL_SYSCTL_init                
00002d71  __udivmoddi4                         
00002e13  memcpy                               
00002ead  SYSCFG_DL_initPower                  
00002f41  SYSCFG_DL_PWM_MOTOR_init             
00002fcd  __aeabi_fmul                         
00002fcd  __mulsf3                             
00003059  TB_Control                           
000030e1  SYSCFG_DL_UART_0_init                
00003165  __aeabi_fdiv                         
00003165  __divsf3                             
000031e7  __aeabi_idiv0                        
000031e9  __TI_decompress_lzss                 
00003265  adc_getValue                         
000032dd  SYSCFG_DL_BUZZER_init                
00003351  SYSCFG_DL_PWM_PHI_init               
000033c5  __gedf2                              
000033c5  __gtdf2                              
00003439  SYSCFG_DL_MOTOR_init                 
000034a9  SYSCFG_DL_PWM_THETA_init             
00003515  deal_IRdata                          
00003581  __cmpdf2                             
00003581  __eqdf2                              
00003581  __ledf2                              
00003581  __ltdf2                              
00003581  __nedf2                              
0000364f  __aeabi_ldiv0                        
00003651  __aeabi_dcmpeq                       
00003665  __aeabi_dcmplt                       
00003679  __aeabi_dcmple                       
0000368d  __aeabi_dcmpge                       
000036a1  __aeabi_dcmpgt                       
000036b3  memset                               
00003715  SYSCFG_DL_init                       
00003775  frexp                                
00003775  frexpl                               
000037d1  __TI_ltoa                            
00003881  __aeabi_idiv                         
00003881  __aeabi_idivmod                      
000038d9  SYSCFG_DL_Sensor_init                
00003981  Buzzer_Handle                        
000039d1  Contrl_Pwm                           
00003a1d  __aeabi_d2iz                         
00003a1d  __fixdfsi                            
00003a69  DL_UART_init                         
00003ab1  SYSCFG_DL_TIMER_0_init               
00003af9  DL_SYSCTL_switchMCLKfromSYSOSCtoHSCLK
00003b3d  UART0_IRQHandler                     
00003b81  delay_ms                             
00003bc5  DL_ADC12_setClockConfig              
00003c05  __aeabi_uidiv                        
00003c05  __aeabi_uidivmod                     
00003c45  atoi                                 
00003c85  __aeabi_i2f                          
00003c85  __floatsisf                          
00003cc1  __TI_auto_init_nobinit_nopinit       
00003cfd  __muldsi3                            
00003d39  __aeabi_f2iz                         
00003d39  __fixsfsi                            
00003d71  sprintf                              
00003da9  USART_SendString                     
00003ddd  SYSCFG_DL_ADC1_init                  
00003e3d  __aeabi_i2d                          
00003e3d  __floatsidf                          
00003e69  Buzzer_Toggle                        
00003e91  _c_int00_noargs                      
00003eb9  DL_I2C_setClockConfig                
00003ee1  TIMG0_IRQHandler                     
00003f05  USART_Init                           
00003f29  __aeabi_ui2d                         
00003f29  __floatunsidf                        
00003f4d  __aeabi_lmul                         
00003f4d  __muldi3                             
00003f71  memccpy                              
00003f95  Scheduler_Run                        
00003fb5  Get_Anolog_Value                     
00003fd3  No_MCU_Ganv_Sensor_Init_Frist        
00003ff1  __aeabi_llsl                         
00003ff1  __ashldi3                            
00004011  DL_SYSCTL_configFCC                  
0000402d  DL_Timer_setCaptCompUpdateMethod     
00004049  DL_Timer_setClockConfig              
00004065  SYSCFG_DL_SYSTICK_init               
00004081  DL_Timer_setCaptureCompareOutCtl     
00004099  State_Machine_init                   
000040c9  __aeabi_uldivmod                     
000040f1  DL_UART_setClockConfig               
00004103  __TI_decompress_none                 
00004115  DL_Timer_setCaptureCompareValue      
00004125  PWM_Buzzer_Init                      
00004135  wcslen                               
00004145  __TI_zero_init                       
00004155  __aeabi_memset                       
00004155  __aeabi_memset4                      
00004155  __aeabi_memset8                      
00004171  Get_Time                             
0000417d  LED2_Toggle                          
00004189  LED_OFF                              
00004195  LED_ON                               
000041a1  __aeabi_memclr                       
000041a1  __aeabi_memclr4                      
000041a1  __aeabi_memclr8                      
000041ad  Contrl_Speed                         
000041b7  DL_Common_delayCycles                
000041f1  __aeabi_errno_addr                   
000041f9  __aeabi_memcpy                       
000041f9  __aeabi_memcpy4                      
000041f9  __aeabi_memcpy8                      
00004201  Get_Digtal_For_User                  
00004207  abort                                
0000420c  C$$EXIT                              
0000420d  HOSTexit                             
00004211  Reset_Handler                        
00004215  _system_pre_init                     
00004220  __aeabi_ctype_table_                 
00004220  __aeabi_ctype_table_C                
00004444  __TI_Handler_Table_Base              
00004450  __TI_Handler_Table_Limit             
00004458  __TI_CINIT_Base                      
00004468  __TI_CINIT_Limit                     
00004468  __TI_CINIT_Warm                      
20200000  __start___llvm_prf_bits              
20200000  __start___llvm_prf_cnts              
20200000  __stop___llvm_prf_bits               
20200000  __stop___llvm_prf_cnts               
20200000  buffer                               
20200100  gBUZZERBackup                        
202001bc  gPWM_PHIBackup                       
20200278  sensor                               
20200328  gPWM_MOTORBackup                     
202003c8  gPWM_THETABackup                     
20200468  send_buff                            
2020049c  State_Machine                        
202004bc  recv0_buff                           
2020053c  key1                                 
20200550  key4                                 
20200564  Anolog                               
20200574  black                                
20200584  white                                
20200594  tasks                                
202005a8  __aeabi_errno                        
202005ac  bee_time                             
202005b0  encoder_odometry_flag                
202005b4  g_LinePortal_flag                    
202005b8  odometry_sum                         
202005bc  pid_output_IRR                       
202005c0  q1_circle_N                          
202005c4  q1_circle_num                        
202005c8  q1_first_flag                        
202005cc  q1_turn_num                          
202005d0  q4_circle_N                          
202005d4  q4_circle_num                        
202005d8  q4_first_flag                        
202005dc  q4_turn_num                          
202005e0  q5_circle_N                          
202005e4  q5_circle_num                        
202005e8  q5_first_flag                        
202005ec  q5_turn_num                          
202005f0  q6_circle_N                          
202005f4  q6_circle_num                        
202005f8  q6_first_flag                        
202005fc  q6_turn_num                          
20200608  speed_L                              
20200614  speed_R                              
20200618  systick_counter                      
2020061c  turn_flag                            
20200620  recv0_length                         
20200625  recv0_flag                           
20207e00  __stack                              
20208000  __STACK_END                          
ffffffff  __TI_pprof_out_hndl                  
ffffffff  __TI_prof_data_size                  
ffffffff  __TI_prof_data_start                 
ffffffff  __binit__                            
ffffffff  binit                                
UNDEFED   __mpu_init                           
UNDEFED   _system_post_cinit                   

[253 symbols]
