<?xml version="1.0" encoding="ISO-8859-1" ?>
<link_info>
   <banner>TI ARM Clang Linker PC v4.0.2.LTS</banner>
   <copyright>Copyright (c) 1996-2018 Texas Instruments Incorporated</copyright>
   <command_line>C:\ti\ti_cgt_arm_llvm_4.0.2.LTS\bin\tiarmlnk -IC:\ti\ti_cgt_arm_llvm_4.0.2.LTS\lib -o Competition_415.out -mCompetition_415.map -iC:/ti/mspm0_sdk_2_10_00_04/source -iC:/Users/xxh/workspace_ccstheia/Competition_415/Debug/syscfg -iC:/ti/ti_cgt_arm_llvm_4.0.2.LTS/lib --diag_wrap=off --display_error_number --warn_sections --xml_link_info=Competition_415_linkInfo.xml --rom_model ./empty.o ./syscfg/ti_msp_dl_config.o ./startup_mspm0g350x_ticlang.o ./BSP/Buzzer/buzzer.o ./BSP/Eight_Tracking/ADC.o ./BSP/Eight_Tracking/IIC.o ./BSP/Eight_Tracking/No_Mcu_Ganv_Grayscale_Sensor.o ./BSP/Eight_Tracking/app_irtracking.o ./BSP/Key/key.o ./BSP/LED/led.o ./BSP/Motor/app_motor.o ./BSP/Motor/app_motor_usart.o ./BSP/Motor/bsp_motor_usart.o ./BSP/Questions/questions.o ./BSP/Servo/servo.o ./BSP/Servo/servo_usart.o ./BSP/TB6612/tb6612.o ./BSP/Task/task.o ./BSP/Timer/timer.o ./BSP/delay.o ./BSP/usart.o -lsyscfg/device_linker.cmd -ldevice.cmd.genlibs -llibc.a --start-group -llibc++.a -llibc++abi.a -llibc.a -llibsys.a -llibsysbm.a -llibclang_rt.builtins.a -llibclang_rt.profile.a --end-group --cg_opt_level=2</command_line>
   <link_time>0x69e34988</link_time>
   <link_errors>0x0</link_errors>
   <output_file>C:\Users\xxh\workspace_ccstheia\Competition_415\Debug\Competition_415.out</output_file>
   <entry_point>
      <name>_c_int00_noargs</name>
      <address>0x3e91</address>
   </entry_point>
   <input_file_list>
      <input_file id="fl-1">
         <path>C:\Users\xxh\workspace_ccstheia\Competition_415\Debug\.\</path>
         <kind>object</kind>
         <file>empty.o</file>
         <name>empty.o</name>
      </input_file>
      <input_file id="fl-2">
         <path>C:\Users\xxh\workspace_ccstheia\Competition_415\Debug\.\syscfg\</path>
         <kind>object</kind>
         <file>ti_msp_dl_config.o</file>
         <name>ti_msp_dl_config.o</name>
      </input_file>
      <input_file id="fl-3">
         <path>C:\Users\xxh\workspace_ccstheia\Competition_415\Debug\.\</path>
         <kind>object</kind>
         <file>startup_mspm0g350x_ticlang.o</file>
         <name>startup_mspm0g350x_ticlang.o</name>
      </input_file>
      <input_file id="fl-4">
         <path>C:\Users\xxh\workspace_ccstheia\Competition_415\Debug\.\BSP\Buzzer\</path>
         <kind>object</kind>
         <file>buzzer.o</file>
         <name>buzzer.o</name>
      </input_file>
      <input_file id="fl-5">
         <path>C:\Users\xxh\workspace_ccstheia\Competition_415\Debug\.\BSP\Eight_Tracking\</path>
         <kind>object</kind>
         <file>ADC.o</file>
         <name>ADC.o</name>
      </input_file>
      <input_file id="fl-6">
         <path>C:\Users\xxh\workspace_ccstheia\Competition_415\Debug\.\BSP\Eight_Tracking\</path>
         <kind>object</kind>
         <file>IIC.o</file>
         <name>IIC.o</name>
      </input_file>
      <input_file id="fl-7">
         <path>C:\Users\xxh\workspace_ccstheia\Competition_415\Debug\.\BSP\Eight_Tracking\</path>
         <kind>object</kind>
         <file>No_Mcu_Ganv_Grayscale_Sensor.o</file>
         <name>No_Mcu_Ganv_Grayscale_Sensor.o</name>
      </input_file>
      <input_file id="fl-8">
         <path>C:\Users\xxh\workspace_ccstheia\Competition_415\Debug\.\BSP\Eight_Tracking\</path>
         <kind>object</kind>
         <file>app_irtracking.o</file>
         <name>app_irtracking.o</name>
      </input_file>
      <input_file id="fl-9">
         <path>C:\Users\xxh\workspace_ccstheia\Competition_415\Debug\.\BSP\Key\</path>
         <kind>object</kind>
         <file>key.o</file>
         <name>key.o</name>
      </input_file>
      <input_file id="fl-a">
         <path>C:\Users\xxh\workspace_ccstheia\Competition_415\Debug\.\BSP\LED\</path>
         <kind>object</kind>
         <file>led.o</file>
         <name>led.o</name>
      </input_file>
      <input_file id="fl-b">
         <path>C:\Users\xxh\workspace_ccstheia\Competition_415\Debug\.\BSP\Motor\</path>
         <kind>object</kind>
         <file>app_motor.o</file>
         <name>app_motor.o</name>
      </input_file>
      <input_file id="fl-c">
         <path>C:\Users\xxh\workspace_ccstheia\Competition_415\Debug\.\BSP\Motor\</path>
         <kind>object</kind>
         <file>app_motor_usart.o</file>
         <name>app_motor_usart.o</name>
      </input_file>
      <input_file id="fl-d">
         <path>C:\Users\xxh\workspace_ccstheia\Competition_415\Debug\.\BSP\Motor\</path>
         <kind>object</kind>
         <file>bsp_motor_usart.o</file>
         <name>bsp_motor_usart.o</name>
      </input_file>
      <input_file id="fl-e">
         <path>C:\Users\xxh\workspace_ccstheia\Competition_415\Debug\.\BSP\Questions\</path>
         <kind>object</kind>
         <file>questions.o</file>
         <name>questions.o</name>
      </input_file>
      <input_file id="fl-f">
         <path>C:\Users\xxh\workspace_ccstheia\Competition_415\Debug\.\BSP\Servo\</path>
         <kind>object</kind>
         <file>servo.o</file>
         <name>servo.o</name>
      </input_file>
      <input_file id="fl-10">
         <path>C:\Users\xxh\workspace_ccstheia\Competition_415\Debug\.\BSP\Servo\</path>
         <kind>object</kind>
         <file>servo_usart.o</file>
         <name>servo_usart.o</name>
      </input_file>
      <input_file id="fl-11">
         <path>C:\Users\xxh\workspace_ccstheia\Competition_415\Debug\.\BSP\TB6612\</path>
         <kind>object</kind>
         <file>tb6612.o</file>
         <name>tb6612.o</name>
      </input_file>
      <input_file id="fl-12">
         <path>C:\Users\xxh\workspace_ccstheia\Competition_415\Debug\.\BSP\Task\</path>
         <kind>object</kind>
         <file>task.o</file>
         <name>task.o</name>
      </input_file>
      <input_file id="fl-13">
         <path>C:\Users\xxh\workspace_ccstheia\Competition_415\Debug\.\BSP\Timer\</path>
         <kind>object</kind>
         <file>timer.o</file>
         <name>timer.o</name>
      </input_file>
      <input_file id="fl-14">
         <path>C:\Users\xxh\workspace_ccstheia\Competition_415\Debug\.\BSP\</path>
         <kind>object</kind>
         <file>delay.o</file>
         <name>delay.o</name>
      </input_file>
      <input_file id="fl-15">
         <path>C:\Users\xxh\workspace_ccstheia\Competition_415\Debug\.\BSP\</path>
         <kind>object</kind>
         <file>usart.o</file>
         <name>usart.o</name>
      </input_file>
      <input_file id="fl-22">
         <path>C:\Users\xxh\workspace_ccstheia\Competition_415\Debug\</path>
         <kind>object</kind>
         <file>&lt;internal&gt;</file>
         <name>&lt;internal&gt;</name>
      </input_file>
      <input_file id="fl-23">
         <path>C:\ti\mspm0_sdk_2_10_00_04\source\ti\driverlib\lib\ticlang\m0p\mspm0g1x0x_g3x0x\</path>
         <kind>archive</kind>
         <file>driverlib.a</file>
         <name>dl_adc12.o</name>
      </input_file>
      <input_file id="fl-24">
         <path>C:\ti\mspm0_sdk_2_10_00_04\source\ti\driverlib\lib\ticlang\m0p\mspm0g1x0x_g3x0x\</path>
         <kind>archive</kind>
         <file>driverlib.a</file>
         <name>dl_common.o</name>
      </input_file>
      <input_file id="fl-25">
         <path>C:\ti\mspm0_sdk_2_10_00_04\source\ti\driverlib\lib\ticlang\m0p\mspm0g1x0x_g3x0x\</path>
         <kind>archive</kind>
         <file>driverlib.a</file>
         <name>dl_i2c.o</name>
      </input_file>
      <input_file id="fl-26">
         <path>C:\ti\mspm0_sdk_2_10_00_04\source\ti\driverlib\lib\ticlang\m0p\mspm0g1x0x_g3x0x\</path>
         <kind>archive</kind>
         <file>driverlib.a</file>
         <name>dl_timer.o</name>
      </input_file>
      <input_file id="fl-27">
         <path>C:\ti\mspm0_sdk_2_10_00_04\source\ti\driverlib\lib\ticlang\m0p\mspm0g1x0x_g3x0x\</path>
         <kind>archive</kind>
         <file>driverlib.a</file>
         <name>dl_uart.o</name>
      </input_file>
      <input_file id="fl-28">
         <path>C:\ti\mspm0_sdk_2_10_00_04\source\ti\driverlib\lib\ticlang\m0p\mspm0g1x0x_g3x0x\</path>
         <kind>archive</kind>
         <file>driverlib.a</file>
         <name>dl_sysctl_mspm0g1x0x_g3x0x.o</name>
      </input_file>
      <input_file id="fl-3f">
         <path>C:\ti\ti_cgt_arm_llvm_4.0.2.LTS\lib\armv6m-ti-none-eabi\c\</path>
         <kind>archive</kind>
         <file>libc.a</file>
         <name>s_atan.c.obj</name>
      </input_file>
      <input_file id="fl-40">
         <path>C:\ti\ti_cgt_arm_llvm_4.0.2.LTS\lib\armv6m-ti-none-eabi\c\</path>
         <kind>archive</kind>
         <file>libc.a</file>
         <name>sprintf.c.obj</name>
      </input_file>
      <input_file id="fl-41">
         <path>C:\ti\ti_cgt_arm_llvm_4.0.2.LTS\lib\armv6m-ti-none-eabi\c\</path>
         <kind>archive</kind>
         <file>libc.a</file>
         <name>s_roundf.c.obj</name>
      </input_file>
      <input_file id="fl-42">
         <path>C:\ti\ti_cgt_arm_llvm_4.0.2.LTS\lib\armv6m-ti-none-eabi\c\</path>
         <kind>archive</kind>
         <file>libc.a</file>
         <name>atoi.c.obj</name>
      </input_file>
      <input_file id="fl-43">
         <path>C:\ti\ti_cgt_arm_llvm_4.0.2.LTS\lib\armv6m-ti-none-eabi\c\</path>
         <kind>archive</kind>
         <file>libc.a</file>
         <name>strtok.c.obj</name>
      </input_file>
      <input_file id="fl-44">
         <path>C:\ti\ti_cgt_arm_llvm_4.0.2.LTS\lib\armv6m-ti-none-eabi\c\</path>
         <kind>archive</kind>
         <file>libc.a</file>
         <name>boot_cortex_m.c.obj</name>
      </input_file>
      <input_file id="fl-45">
         <path>C:\ti\ti_cgt_arm_llvm_4.0.2.LTS\lib\armv6m-ti-none-eabi\c\</path>
         <kind>archive</kind>
         <file>libc.a</file>
         <name>mathacl_init.c.obj</name>
      </input_file>
      <input_file id="fl-46">
         <path>C:\ti\ti_cgt_arm_llvm_4.0.2.LTS\lib\armv6m-ti-none-eabi\c\</path>
         <kind>archive</kind>
         <file>libc.a</file>
         <name>autoinit.c.obj</name>
      </input_file>
      <input_file id="fl-47">
         <path>C:\ti\ti_cgt_arm_llvm_4.0.2.LTS\lib\armv6m-ti-none-eabi\c\</path>
         <kind>archive</kind>
         <file>libc.a</file>
         <name>pre_init.c.obj</name>
      </input_file>
      <input_file id="fl-48">
         <path>C:\ti\ti_cgt_arm_llvm_4.0.2.LTS\lib\armv6m-ti-none-eabi\c\</path>
         <kind>archive</kind>
         <file>libc.a</file>
         <name>cpy_tbl.c.obj</name>
      </input_file>
      <input_file id="fl-49">
         <path>C:\ti\ti_cgt_arm_llvm_4.0.2.LTS\lib\armv6m-ti-none-eabi\c\</path>
         <kind>archive</kind>
         <file>libc.a</file>
         <name>copy_zero_init.c.obj</name>
      </input_file>
      <input_file id="fl-4a">
         <path>C:\ti\ti_cgt_arm_llvm_4.0.2.LTS\lib\armv6m-ti-none-eabi\c\</path>
         <kind>archive</kind>
         <file>libc.a</file>
         <name>copy_decompress_none.c.obj</name>
      </input_file>
      <input_file id="fl-4b">
         <path>C:\ti\ti_cgt_arm_llvm_4.0.2.LTS\lib\armv6m-ti-none-eabi\c\</path>
         <kind>archive</kind>
         <file>libc.a</file>
         <name>copy_decompress_lzss.c.obj</name>
      </input_file>
      <input_file id="fl-4c">
         <path>C:\ti\ti_cgt_arm_llvm_4.0.2.LTS\lib\armv6m-ti-none-eabi\c\</path>
         <kind>archive</kind>
         <file>libc.a</file>
         <name>_printfi.c.obj</name>
      </input_file>
      <input_file id="fl-4d">
         <path>C:\ti\ti_cgt_arm_llvm_4.0.2.LTS\lib\armv6m-ti-none-eabi\c\</path>
         <kind>archive</kind>
         <file>libc.a</file>
         <name>s_floorf.c.obj</name>
      </input_file>
      <input_file id="fl-4e">
         <path>C:\ti\ti_cgt_arm_llvm_4.0.2.LTS\lib\armv6m-ti-none-eabi\c\</path>
         <kind>archive</kind>
         <file>libc.a</file>
         <name>aeabi_ctype.S.obj</name>
      </input_file>
      <input_file id="fl-4f">
         <path>C:\ti\ti_cgt_arm_llvm_4.0.2.LTS\lib\armv6m-ti-none-eabi\c\</path>
         <kind>archive</kind>
         <file>libc.a</file>
         <name>aeabi_portable.c.obj</name>
      </input_file>
      <input_file id="fl-50">
         <path>C:\ti\ti_cgt_arm_llvm_4.0.2.LTS\lib\armv6m-ti-none-eabi\c\</path>
         <kind>archive</kind>
         <file>libc.a</file>
         <name>exit.c.obj</name>
      </input_file>
      <input_file id="fl-51">
         <path>C:\ti\ti_cgt_arm_llvm_4.0.2.LTS\lib\armv6m-ti-none-eabi\c\</path>
         <kind>archive</kind>
         <file>libc.a</file>
         <name>_lock.c.obj</name>
      </input_file>
      <input_file id="fl-52">
         <path>C:\ti\ti_cgt_arm_llvm_4.0.2.LTS\lib\armv6m-ti-none-eabi\c\</path>
         <kind>archive</kind>
         <file>libc.a</file>
         <name>_ltoa.c.obj</name>
      </input_file>
      <input_file id="fl-53">
         <path>C:\ti\ti_cgt_arm_llvm_4.0.2.LTS\lib\armv6m-ti-none-eabi\c\</path>
         <kind>archive</kind>
         <file>libc.a</file>
         <name>args_main.c.obj</name>
      </input_file>
      <input_file id="fl-54">
         <path>C:\ti\ti_cgt_arm_llvm_4.0.2.LTS\lib\armv6m-ti-none-eabi\c\</path>
         <kind>archive</kind>
         <file>libc.a</file>
         <name>assert.c.obj</name>
      </input_file>
      <input_file id="fl-55">
         <path>C:\ti\ti_cgt_arm_llvm_4.0.2.LTS\lib\armv6m-ti-none-eabi\c\</path>
         <kind>archive</kind>
         <file>libc.a</file>
         <name>defs.c.obj</name>
      </input_file>
      <input_file id="fl-56">
         <path>C:\ti\ti_cgt_arm_llvm_4.0.2.LTS\lib\armv6m-ti-none-eabi\c\</path>
         <kind>archive</kind>
         <file>libc.a</file>
         <name>memccpy.c.obj</name>
      </input_file>
      <input_file id="fl-57">
         <path>C:\ti\ti_cgt_arm_llvm_4.0.2.LTS\lib\armv6m-ti-none-eabi\c\</path>
         <kind>archive</kind>
         <file>libc.a</file>
         <name>memory.c.obj</name>
      </input_file>
      <input_file id="fl-58">
         <path>C:\ti\ti_cgt_arm_llvm_4.0.2.LTS\lib\armv6m-ti-none-eabi\c\</path>
         <kind>archive</kind>
         <file>libc.a</file>
         <name>strcspn.c.obj</name>
      </input_file>
      <input_file id="fl-59">
         <path>C:\ti\ti_cgt_arm_llvm_4.0.2.LTS\lib\armv6m-ti-none-eabi\c\</path>
         <kind>archive</kind>
         <file>libc.a</file>
         <name>strspn.c.obj</name>
      </input_file>
      <input_file id="fl-5a">
         <path>C:\ti\ti_cgt_arm_llvm_4.0.2.LTS\lib\armv6m-ti-none-eabi\c\</path>
         <kind>archive</kind>
         <file>libc.a</file>
         <name>s_frexp.c.obj</name>
      </input_file>
      <input_file id="fl-5b">
         <path>C:\ti\ti_cgt_arm_llvm_4.0.2.LTS\lib\armv6m-ti-none-eabi\c\</path>
         <kind>archive</kind>
         <file>libc.a</file>
         <name>s_scalbn.c.obj</name>
      </input_file>
      <input_file id="fl-5c">
         <path>C:\ti\ti_cgt_arm_llvm_4.0.2.LTS\lib\armv6m-ti-none-eabi\c\</path>
         <kind>archive</kind>
         <file>libc.a</file>
         <name>wcslen.c.obj</name>
      </input_file>
      <input_file id="fl-5d">
         <path>C:\ti\ti_cgt_arm_llvm_4.0.2.LTS\lib\armv6m-ti-none-eabi\c\</path>
         <kind>archive</kind>
         <file>libc.a</file>
         <name>fflush.c.obj</name>
      </input_file>
      <input_file id="fl-5e">
         <path>C:\ti\ti_cgt_arm_llvm_4.0.2.LTS\lib\armv6m-ti-none-eabi\c\</path>
         <kind>archive</kind>
         <file>libc.a</file>
         <name>fputs.c.obj</name>
      </input_file>
      <input_file id="fl-5f">
         <path>C:\ti\ti_cgt_arm_llvm_4.0.2.LTS\lib\armv6m-ti-none-eabi\c\</path>
         <kind>archive</kind>
         <file>libc.a</file>
         <name>_io_perm.c.obj</name>
      </input_file>
      <input_file id="fl-60">
         <path>C:\ti\ti_cgt_arm_llvm_4.0.2.LTS\lib\armv6m-ti-none-eabi\c\</path>
         <kind>archive</kind>
         <file>libc.a</file>
         <name>setvbuf.c.obj</name>
      </input_file>
      <input_file id="fl-61">
         <path>C:\ti\ti_cgt_arm_llvm_4.0.2.LTS\lib\armv6m-ti-none-eabi\c\</path>
         <kind>archive</kind>
         <file>libc.a</file>
         <name>fopen.c.obj</name>
      </input_file>
      <input_file id="fl-62">
         <path>C:\ti\ti_cgt_arm_llvm_4.0.2.LTS\lib\armv6m-ti-none-eabi\c\</path>
         <kind>archive</kind>
         <file>libc.a</file>
         <name>fseek.c.obj</name>
      </input_file>
      <input_file id="fl-63">
         <path>C:\ti\ti_cgt_arm_llvm_4.0.2.LTS\lib\armv6m-ti-none-eabi\c\</path>
         <kind>archive</kind>
         <file>libc.a</file>
         <name>fclose.c.obj</name>
      </input_file>
      <input_file id="fl-103">
         <path>C:\ti\ti_cgt_arm_llvm_4.0.2.LTS\lib\armv6m-ti-none-eabi\c\</path>
         <kind>archive</kind>
         <file>libsysbm.a</file>
         <name>hostexit.c.obj</name>
      </input_file>
      <input_file id="fl-104">
         <path>C:\ti\ti_cgt_arm_llvm_4.0.2.LTS\lib\armv6m-ti-none-eabi\c\</path>
         <kind>archive</kind>
         <file>libsysbm.a</file>
         <name>write.c.obj</name>
      </input_file>
      <input_file id="fl-105">
         <path>C:\ti\ti_cgt_arm_llvm_4.0.2.LTS\lib\armv6m-ti-none-eabi\c\</path>
         <kind>archive</kind>
         <file>libsysbm.a</file>
         <name>host_device.c.obj</name>
      </input_file>
      <input_file id="fl-106">
         <path>C:\ti\ti_cgt_arm_llvm_4.0.2.LTS\lib\armv6m-ti-none-eabi\c\</path>
         <kind>archive</kind>
         <file>libsysbm.a</file>
         <name>remove.c.obj</name>
      </input_file>
      <input_file id="fl-107">
         <path>C:\ti\ti_cgt_arm_llvm_4.0.2.LTS\lib\armv6m-ti-none-eabi\c\</path>
         <kind>archive</kind>
         <file>libsysbm.a</file>
         <name>open.c.obj</name>
      </input_file>
      <input_file id="fl-108">
         <path>C:\ti\ti_cgt_arm_llvm_4.0.2.LTS\lib\armv6m-ti-none-eabi\c\</path>
         <kind>archive</kind>
         <file>libsysbm.a</file>
         <name>lseek.c.obj</name>
      </input_file>
      <input_file id="fl-109">
         <path>C:\ti\ti_cgt_arm_llvm_4.0.2.LTS\lib\armv6m-ti-none-eabi\c\</path>
         <kind>archive</kind>
         <file>libsysbm.a</file>
         <name>close.c.obj</name>
      </input_file>
      <input_file id="fl-10a">
         <path>C:\ti\ti_cgt_arm_llvm_4.0.2.LTS\lib\armv6m-ti-none-eabi\c\</path>
         <kind>archive</kind>
         <file>libsysbm.a</file>
         <name>unlink.c.obj</name>
      </input_file>
      <input_file id="fl-10b">
         <path>C:\ti\ti_cgt_arm_llvm_4.0.2.LTS\lib\armv6m-ti-none-eabi\c\</path>
         <kind>archive</kind>
         <file>libsysbm.a</file>
         <name>hostclose.c.obj</name>
      </input_file>
      <input_file id="fl-10c">
         <path>C:\ti\ti_cgt_arm_llvm_4.0.2.LTS\lib\armv6m-ti-none-eabi\c\</path>
         <kind>archive</kind>
         <file>libsysbm.a</file>
         <name>hostlseek.c.obj</name>
      </input_file>
      <input_file id="fl-10d">
         <path>C:\ti\ti_cgt_arm_llvm_4.0.2.LTS\lib\armv6m-ti-none-eabi\c\</path>
         <kind>archive</kind>
         <file>libsysbm.a</file>
         <name>hostopen.c.obj</name>
      </input_file>
      <input_file id="fl-10e">
         <path>C:\ti\ti_cgt_arm_llvm_4.0.2.LTS\lib\armv6m-ti-none-eabi\c\</path>
         <kind>archive</kind>
         <file>libsysbm.a</file>
         <name>hostread.c.obj</name>
      </input_file>
      <input_file id="fl-10f">
         <path>C:\ti\ti_cgt_arm_llvm_4.0.2.LTS\lib\armv6m-ti-none-eabi\c\</path>
         <kind>archive</kind>
         <file>libsysbm.a</file>
         <name>hostrename.c.obj</name>
      </input_file>
      <input_file id="fl-110">
         <path>C:\ti\ti_cgt_arm_llvm_4.0.2.LTS\lib\armv6m-ti-none-eabi\c\</path>
         <kind>archive</kind>
         <file>libsysbm.a</file>
         <name>hostunlink.c.obj</name>
      </input_file>
      <input_file id="fl-111">
         <path>C:\ti\ti_cgt_arm_llvm_4.0.2.LTS\lib\armv6m-ti-none-eabi\c\</path>
         <kind>archive</kind>
         <file>libsysbm.a</file>
         <name>hostwrite.c.obj</name>
      </input_file>
      <input_file id="fl-112">
         <path>C:\ti\ti_cgt_arm_llvm_4.0.2.LTS\lib\armv6m-ti-none-eabi\c\</path>
         <kind>archive</kind>
         <file>libsysbm.a</file>
         <name>trgmsg.c.obj</name>
      </input_file>
      <input_file id="fl-113">
         <path>C:\ti\ti_cgt_arm_llvm_4.0.2.LTS\lib\armv6m-ti-none-eabi\</path>
         <kind>archive</kind>
         <file>libclang_rt.builtins.a</file>
         <name>addsf3.S.obj</name>
      </input_file>
      <input_file id="fl-114">
         <path>C:\ti\ti_cgt_arm_llvm_4.0.2.LTS\lib\armv6m-ti-none-eabi\</path>
         <kind>archive</kind>
         <file>libclang_rt.builtins.a</file>
         <name>adddf3.S.obj</name>
      </input_file>
      <input_file id="fl-115">
         <path>C:\ti\ti_cgt_arm_llvm_4.0.2.LTS\lib\armv6m-ti-none-eabi\</path>
         <kind>archive</kind>
         <file>libclang_rt.builtins.a</file>
         <name>muldf3.S.obj</name>
      </input_file>
      <input_file id="fl-116">
         <path>C:\ti\ti_cgt_arm_llvm_4.0.2.LTS\lib\armv6m-ti-none-eabi\</path>
         <kind>archive</kind>
         <file>libclang_rt.builtins.a</file>
         <name>muldsi3.S.obj</name>
      </input_file>
      <input_file id="fl-117">
         <path>C:\ti\ti_cgt_arm_llvm_4.0.2.LTS\lib\armv6m-ti-none-eabi\</path>
         <kind>archive</kind>
         <file>libclang_rt.builtins.a</file>
         <name>mulsf3.S.obj</name>
      </input_file>
      <input_file id="fl-118">
         <path>C:\ti\ti_cgt_arm_llvm_4.0.2.LTS\lib\armv6m-ti-none-eabi\</path>
         <kind>archive</kind>
         <file>libclang_rt.builtins.a</file>
         <name>divsf3.S.obj</name>
      </input_file>
      <input_file id="fl-119">
         <path>C:\ti\ti_cgt_arm_llvm_4.0.2.LTS\lib\armv6m-ti-none-eabi\</path>
         <kind>archive</kind>
         <file>libclang_rt.builtins.a</file>
         <name>divdf3.S.obj</name>
      </input_file>
      <input_file id="fl-11a">
         <path>C:\ti\ti_cgt_arm_llvm_4.0.2.LTS\lib\armv6m-ti-none-eabi\</path>
         <kind>archive</kind>
         <file>libclang_rt.builtins.a</file>
         <name>extendsfdf2.S.obj</name>
      </input_file>
      <input_file id="fl-11b">
         <path>C:\ti\ti_cgt_arm_llvm_4.0.2.LTS\lib\armv6m-ti-none-eabi\</path>
         <kind>archive</kind>
         <file>libclang_rt.builtins.a</file>
         <name>fixdfsi.S.obj</name>
      </input_file>
      <input_file id="fl-11c">
         <path>C:\ti\ti_cgt_arm_llvm_4.0.2.LTS\lib\armv6m-ti-none-eabi\</path>
         <kind>archive</kind>
         <file>libclang_rt.builtins.a</file>
         <name>fixsfsi.S.obj</name>
      </input_file>
      <input_file id="fl-11d">
         <path>C:\ti\ti_cgt_arm_llvm_4.0.2.LTS\lib\armv6m-ti-none-eabi\</path>
         <kind>archive</kind>
         <file>libclang_rt.builtins.a</file>
         <name>fixunssfsi.S.obj</name>
      </input_file>
      <input_file id="fl-11e">
         <path>C:\ti\ti_cgt_arm_llvm_4.0.2.LTS\lib\armv6m-ti-none-eabi\</path>
         <kind>archive</kind>
         <file>libclang_rt.builtins.a</file>
         <name>floatsidf.S.obj</name>
      </input_file>
      <input_file id="fl-11f">
         <path>C:\ti\ti_cgt_arm_llvm_4.0.2.LTS\lib\armv6m-ti-none-eabi\</path>
         <kind>archive</kind>
         <file>libclang_rt.builtins.a</file>
         <name>floatsisf.S.obj</name>
      </input_file>
      <input_file id="fl-120">
         <path>C:\ti\ti_cgt_arm_llvm_4.0.2.LTS\lib\armv6m-ti-none-eabi\</path>
         <kind>archive</kind>
         <file>libclang_rt.builtins.a</file>
         <name>floatunsidf.S.obj</name>
      </input_file>
      <input_file id="fl-121">
         <path>C:\ti\ti_cgt_arm_llvm_4.0.2.LTS\lib\armv6m-ti-none-eabi\</path>
         <kind>archive</kind>
         <file>libclang_rt.builtins.a</file>
         <name>muldi3.S.obj</name>
      </input_file>
      <input_file id="fl-122">
         <path>C:\ti\ti_cgt_arm_llvm_4.0.2.LTS\lib\armv6m-ti-none-eabi\</path>
         <kind>archive</kind>
         <file>libclang_rt.builtins.a</file>
         <name>truncdfsf2.S.obj</name>
      </input_file>
      <input_file id="fl-123">
         <path>C:\ti\ti_cgt_arm_llvm_4.0.2.LTS\lib\armv6m-ti-none-eabi\</path>
         <kind>archive</kind>
         <file>libclang_rt.builtins.a</file>
         <name>aeabi_dcmp.S.obj</name>
      </input_file>
      <input_file id="fl-124">
         <path>C:\ti\ti_cgt_arm_llvm_4.0.2.LTS\lib\armv6m-ti-none-eabi\</path>
         <kind>archive</kind>
         <file>libclang_rt.builtins.a</file>
         <name>aeabi_fcmp.S.obj</name>
      </input_file>
      <input_file id="fl-125">
         <path>C:\ti\ti_cgt_arm_llvm_4.0.2.LTS\lib\armv6m-ti-none-eabi\</path>
         <kind>archive</kind>
         <file>libclang_rt.builtins.a</file>
         <name>aeabi_idivmod.S.obj</name>
      </input_file>
      <input_file id="fl-126">
         <path>C:\ti\ti_cgt_arm_llvm_4.0.2.LTS\lib\armv6m-ti-none-eabi\</path>
         <kind>archive</kind>
         <file>libclang_rt.builtins.a</file>
         <name>aeabi_memcpy.S.obj</name>
      </input_file>
      <input_file id="fl-127">
         <path>C:\ti\ti_cgt_arm_llvm_4.0.2.LTS\lib\armv6m-ti-none-eabi\</path>
         <kind>archive</kind>
         <file>libclang_rt.builtins.a</file>
         <name>aeabi_memset.S.obj</name>
      </input_file>
      <input_file id="fl-128">
         <path>C:\ti\ti_cgt_arm_llvm_4.0.2.LTS\lib\armv6m-ti-none-eabi\</path>
         <kind>archive</kind>
         <file>libclang_rt.builtins.a</file>
         <name>aeabi_uidivmod.S.obj</name>
      </input_file>
      <input_file id="fl-129">
         <path>C:\ti\ti_cgt_arm_llvm_4.0.2.LTS\lib\armv6m-ti-none-eabi\</path>
         <kind>archive</kind>
         <file>libclang_rt.builtins.a</file>
         <name>aeabi_uldivmod.S.obj</name>
      </input_file>
      <input_file id="fl-12a">
         <path>C:\ti\ti_cgt_arm_llvm_4.0.2.LTS\lib\armv6m-ti-none-eabi\</path>
         <kind>archive</kind>
         <file>libclang_rt.builtins.a</file>
         <name>comparesf2.S.obj</name>
      </input_file>
      <input_file id="fl-12b">
         <path>C:\ti\ti_cgt_arm_llvm_4.0.2.LTS\lib\armv6m-ti-none-eabi\</path>
         <kind>archive</kind>
         <file>libclang_rt.builtins.a</file>
         <name>udivmoddi4.S.obj</name>
      </input_file>
      <input_file id="fl-12c">
         <path>C:\ti\ti_cgt_arm_llvm_4.0.2.LTS\lib\armv6m-ti-none-eabi\</path>
         <kind>archive</kind>
         <file>libclang_rt.builtins.a</file>
         <name>ashldi3.S.obj</name>
      </input_file>
      <input_file id="fl-12d">
         <path>C:\ti\ti_cgt_arm_llvm_4.0.2.LTS\lib\armv6m-ti-none-eabi\</path>
         <kind>archive</kind>
         <file>libclang_rt.builtins.a</file>
         <name>comparedf2.c.obj</name>
      </input_file>
      <input_file id="fl-12e">
         <path>C:\ti\ti_cgt_arm_llvm_4.0.2.LTS\lib\armv6m-ti-none-eabi\</path>
         <kind>archive</kind>
         <file>libclang_rt.builtins.a</file>
         <name>aeabi_div0.c.obj</name>
      </input_file>
      <input_file id="fl-12f">
         <path>C:\ti\ti_cgt_arm_llvm_4.0.2.LTS\lib\armv6m-ti-none-eabi\c\</path>
         <kind>archive</kind>
         <file>libc.a</file>
         <name>getdevice.c.obj</name>
      </input_file>
      <input_file id="fl-130">
         <path>C:\ti\ti_cgt_arm_llvm_4.0.2.LTS\lib\armv6m-ti-none-eabi\c\</path>
         <kind>archive</kind>
         <file>libc.a</file>
         <name>memcpy16.S.obj</name>
      </input_file>
      <input_file id="fl-131">
         <path>C:\ti\ti_cgt_arm_llvm_4.0.2.LTS\lib\armv6m-ti-none-eabi\c\</path>
         <kind>archive</kind>
         <file>libc.a</file>
         <name>memset16.S.obj</name>
      </input_file>
      <input_file id="fl-132">
         <path>C:\ti\ti_cgt_arm_llvm_4.0.2.LTS\lib\armv6m-ti-none-eabi\c\</path>
         <kind>archive</kind>
         <file>libc.a</file>
         <name>strcmp-armv6m.S.obj</name>
      </input_file>
   </input_file_list>
   <object_component_list>
      <object_component id="oc-18">
         <name>.intvecs</name>
         <load_address>0x0</load_address>
         <readonly>true</readonly>
         <run_address>0x0</run_address>
         <size>0xc0</size>
         <alignment>0x4</alignment>
         <input_file_ref idref="fl-3"/>
      </object_component>
      <object_component id="oc-18c">
         <name>.text:__TI_printfi</name>
         <load_address>0xc0</load_address>
         <readonly>true</readonly>
         <executable>true</executable>
         <run_address>0xc0</run_address>
         <size>0x9d0</size>
         <alignment>0x4</alignment>
         <input_file_ref idref="fl-4c"/>
      </object_component>
      <object_component id="oc-1cb">
         <name>.text.SYSCFG_DL_SYSCTL_SYSPLL_init</name>
         <load_address>0xa90</load_address>
         <readonly>true</readonly>
         <executable>true</executable>
         <run_address>0xa90</run_address>
         <size>0x2a8</size>
         <alignment>0x4</alignment>
         <input_file_ref idref="fl-2"/>
      </object_component>
      <object_component id="oc-10e">
         <name>.text.normalizeAnalogValues</name>
         <load_address>0xd38</load_address>
         <readonly>true</readonly>
         <executable>true</executable>
         <run_address>0xd38</run_address>
         <size>0x234</size>
         <alignment>0x2</alignment>
         <input_file_ref idref="fl-7"/>
      </object_component>
      <object_component id="oc-224">
         <name>.text._pconv_a</name>
         <load_address>0xf6c</load_address>
         <readonly>true</readonly>
         <executable>true</executable>
         <run_address>0xf6c</run_address>
         <size>0x220</size>
         <alignment>0x4</alignment>
         <input_file_ref idref="fl-4c"/>
      </object_component>
      <object_component id="oc-225">
         <name>.text._pconv_g</name>
         <load_address>0x118c</load_address>
         <readonly>true</readonly>
         <executable>true</executable>
         <run_address>0x118c</run_address>
         <size>0x1dc</size>
         <alignment>0x4</alignment>
         <input_file_ref idref="fl-4c"/>
      </object_component>
      <object_component id="oc-196">
         <name>.text.Key_Handle</name>
         <load_address>0x1368</load_address>
         <readonly>true</readonly>
         <executable>true</executable>
         <run_address>0x1368</run_address>
         <size>0x1d0</size>
         <alignment>0x4</alignment>
         <input_file_ref idref="fl-9"/>
      </object_component>
      <object_component id="oc-11c">
         <name>.text.adddf3_subdf3</name>
         <load_address>0x1538</load_address>
         <readonly>true</readonly>
         <executable>true</executable>
         <run_address>0x1538</run_address>
         <size>0x192</size>
         <alignment>0x4</alignment>
         <input_file_ref idref="fl-114"/>
      </object_component>
      <object_component id="oc-33">
         <name>.text.Default_Handler</name>
         <load_address>0x16ca</load_address>
         <readonly>true</readonly>
         <executable>true</executable>
         <run_address>0x16ca</run_address>
         <size>0x2</size>
         <alignment>0x2</alignment>
         <input_file_ref idref="fl-3"/>
      </object_component>
      <object_component id="oc-c0">
         <name>.text.No_MCU_Ganv_Sensor_Init</name>
         <load_address>0x16cc</load_address>
         <readonly>true</readonly>
         <executable>true</executable>
         <run_address>0x16cc</run_address>
         <size>0x18c</size>
         <alignment>0x4</alignment>
         <input_file_ref idref="fl-7"/>
      </object_component>
      <object_component id="oc-10d">
         <name>.text.Get_Analog_value</name>
         <load_address>0x1858</load_address>
         <readonly>true</readonly>
         <executable>true</executable>
         <run_address>0x1858</run_address>
         <size>0x160</size>
         <alignment>0x4</alignment>
         <input_file_ref idref="fl-7"/>
      </object_component>
      <object_component id="oc-7b">
         <name>.text.main</name>
         <load_address>0x19b8</load_address>
         <readonly>true</readonly>
         <executable>true</executable>
         <run_address>0x19b8</run_address>
         <size>0x140</size>
         <alignment>0x4</alignment>
         <input_file_ref idref="fl-1"/>
      </object_component>
      <object_component id="oc-27b">
         <name>.text.fcvt</name>
         <load_address>0x1af8</load_address>
         <readonly>true</readonly>
         <executable>true</executable>
         <run_address>0x1af8</run_address>
         <size>0x13c</size>
         <alignment>0x4</alignment>
         <input_file_ref idref="fl-4c"/>
      </object_component>
      <object_component id="oc-b7">
         <name>.text.No_Mcu_Ganv_Sensor_Task_Without_tick</name>
         <load_address>0x1c34</load_address>
         <readonly>true</readonly>
         <executable>true</executable>
         <run_address>0x1c34</run_address>
         <size>0x120</size>
         <alignment>0x2</alignment>
         <input_file_ref idref="fl-7"/>
      </object_component>
      <object_component id="oc-227">
         <name>.text._pconv_e</name>
         <load_address>0x1d54</load_address>
         <readonly>true</readonly>
         <executable>true</executable>
         <run_address>0x1d54</run_address>
         <size>0x120</size>
         <alignment>0x4</alignment>
         <input_file_ref idref="fl-4c"/>
      </object_component>
      <object_component id="oc-120">
         <name>.text.__divdf3</name>
         <load_address>0x1e74</load_address>
         <readonly>true</readonly>
         <executable>true</executable>
         <run_address>0x1e74</run_address>
         <size>0x10c</size>
         <alignment>0x4</alignment>
         <input_file_ref idref="fl-119"/>
      </object_component>
      <object_component id="oc-1cf">
         <name>.text.DL_Timer_initFourCCPWMMode</name>
         <load_address>0x1f80</load_address>
         <readonly>true</readonly>
         <executable>true</executable>
         <run_address>0x1f80</run_address>
         <size>0x104</size>
         <alignment>0x4</alignment>
         <input_file_ref idref="fl-26"/>
      </object_component>
      <object_component id="oc-1da">
         <name>.text.DL_Timer_initTimerMode</name>
         <load_address>0x2084</load_address>
         <readonly>true</readonly>
         <executable>true</executable>
         <run_address>0x2084</run_address>
         <size>0xfc</size>
         <alignment>0x4</alignment>
         <input_file_ref idref="fl-26"/>
      </object_component>
      <object_component id="oc-231">
         <name>.text.Beep_Times</name>
         <load_address>0x2180</load_address>
         <readonly>true</readonly>
         <executable>true</executable>
         <run_address>0x2180</run_address>
         <size>0xf8</size>
         <alignment>0x4</alignment>
         <input_file_ref idref="fl-4"/>
      </object_component>
      <object_component id="oc-161">
         <name>.text.SYSCFG_DL_GPIO_init</name>
         <load_address>0x2278</load_address>
         <readonly>true</readonly>
         <executable>true</executable>
         <run_address>0x2278</run_address>
         <size>0xf4</size>
         <alignment>0x4</alignment>
         <input_file_ref idref="fl-2"/>
      </object_component>
      <object_component id="oc-12f">
         <name>.text.LineWalking</name>
         <load_address>0x236c</load_address>
         <readonly>true</readonly>
         <executable>true</executable>
         <run_address>0x236c</run_address>
         <size>0xe4</size>
         <alignment>0x4</alignment>
         <input_file_ref idref="fl-8"/>
      </object_component>
      <object_component id="oc-27d">
         <name>.text.Send_Motor_ArrayU8</name>
         <load_address>0x2450</load_address>
         <readonly>true</readonly>
         <executable>true</executable>
         <run_address>0x2450</run_address>
         <size>0xe4</size>
         <alignment>0x4</alignment>
         <input_file_ref idref="fl-d"/>
      </object_component>
      <object_component id="oc-17d">
         <name>.text.__muldf3</name>
         <load_address>0x2534</load_address>
         <readonly>true</readonly>
         <executable>true</executable>
         <run_address>0x2534</run_address>
         <size>0xe4</size>
         <alignment>0x4</alignment>
         <input_file_ref idref="fl-115"/>
      </object_component>
      <object_component id="oc-d0">
         <name>.text.Question_Task_1</name>
         <load_address>0x2618</load_address>
         <readonly>true</readonly>
         <executable>true</executable>
         <run_address>0x2618</run_address>
         <size>0xe0</size>
         <alignment>0x4</alignment>
         <input_file_ref idref="fl-e"/>
      </object_component>
      <object_component id="oc-1c5">
         <name>.text.DL_SYSCTL_configSYSPLL</name>
         <load_address>0x26f8</load_address>
         <readonly>true</readonly>
         <executable>true</executable>
         <run_address>0x26f8</run_address>
         <size>0xdc</size>
         <alignment>0x4</alignment>
         <input_file_ref idref="fl-28"/>
      </object_component>
      <object_component id="oc-ce">
         <name>.text.Question_Task_4</name>
         <load_address>0x27d4</load_address>
         <readonly>true</readonly>
         <executable>true</executable>
         <run_address>0x27d4</run_address>
         <size>0xd8</size>
         <alignment>0x4</alignment>
         <input_file_ref idref="fl-e"/>
      </object_component>
      <object_component id="oc-cf">
         <name>.text.Question_Task_5</name>
         <load_address>0x28ac</load_address>
         <readonly>true</readonly>
         <executable>true</executable>
         <run_address>0x28ac</run_address>
         <size>0xd8</size>
         <alignment>0x4</alignment>
         <input_file_ref idref="fl-e"/>
      </object_component>
      <object_component id="oc-c7">
         <name>.text.Question_Task_6</name>
         <load_address>0x2984</load_address>
         <readonly>true</readonly>
         <executable>true</executable>
         <run_address>0x2984</run_address>
         <size>0xd8</size>
         <alignment>0x4</alignment>
         <input_file_ref idref="fl-e"/>
      </object_component>
      <object_component id="oc-26e">
         <name>.text.scalbn</name>
         <load_address>0x2a5c</load_address>
         <readonly>true</readonly>
         <executable>true</executable>
         <run_address>0x2a5c</run_address>
         <size>0xd8</size>
         <alignment>0x4</alignment>
         <input_file_ref idref="fl-5b"/>
      </object_component>
      <object_component id="oc-1a1">
         <name>.text</name>
         <load_address>0x2b34</load_address>
         <readonly>true</readonly>
         <executable>true</executable>
         <run_address>0x2b34</run_address>
         <size>0xd8</size>
         <alignment>0x4</alignment>
         <input_file_ref idref="fl-113"/>
      </object_component>
      <object_component id="oc-1ad">
         <name>.text.Motion_Car_Control</name>
         <load_address>0x2c0c</load_address>
         <readonly>true</readonly>
         <executable>true</executable>
         <run_address>0x2c0c</run_address>
         <size>0xb4</size>
         <alignment>0x4</alignment>
         <input_file_ref idref="fl-b"/>
      </object_component>
      <object_component id="oc-162">
         <name>.text.SYSCFG_DL_SYSCTL_init</name>
         <load_address>0x2cc0</load_address>
         <readonly>true</readonly>
         <executable>true</executable>
         <run_address>0x2cc0</run_address>
         <size>0xb0</size>
         <alignment>0x4</alignment>
         <input_file_ref idref="fl-2"/>
      </object_component>
      <object_component id="oc-265">
         <name>.text</name>
         <load_address>0x2d70</load_address>
         <readonly>true</readonly>
         <executable>true</executable>
         <run_address>0x2d70</run_address>
         <size>0xa2</size>
         <alignment>0x4</alignment>
         <input_file_ref idref="fl-12b"/>
      </object_component>
      <object_component id="oc-9f">
         <name>.text:memcpy</name>
         <load_address>0x2e12</load_address>
         <readonly>true</readonly>
         <executable>true</executable>
         <run_address>0x2e12</run_address>
         <size>0x9a</size>
         <alignment>0x1</alignment>
         <input_file_ref idref="fl-130"/>
      </object_component>
      <object_component id="oc-15f">
         <name>.text.SYSCFG_DL_initPower</name>
         <load_address>0x2eac</load_address>
         <readonly>true</readonly>
         <executable>true</executable>
         <run_address>0x2eac</run_address>
         <size>0x94</size>
         <alignment>0x4</alignment>
         <input_file_ref idref="fl-2"/>
      </object_component>
      <object_component id="oc-166">
         <name>.text.SYSCFG_DL_PWM_MOTOR_init</name>
         <load_address>0x2f40</load_address>
         <readonly>true</readonly>
         <executable>true</executable>
         <run_address>0x2f40</run_address>
         <size>0x8c</size>
         <alignment>0x4</alignment>
         <input_file_ref idref="fl-2"/>
      </object_component>
      <object_component id="oc-1a5">
         <name>.text.__mulsf3</name>
         <load_address>0x2fcc</load_address>
         <readonly>true</readonly>
         <executable>true</executable>
         <run_address>0x2fcc</run_address>
         <size>0x8c</size>
         <alignment>0x4</alignment>
         <input_file_ref idref="fl-117"/>
      </object_component>
      <object_component id="oc-c8">
         <name>.text.TB_Control</name>
         <load_address>0x3058</load_address>
         <readonly>true</readonly>
         <executable>true</executable>
         <run_address>0x3058</run_address>
         <size>0x88</size>
         <alignment>0x4</alignment>
         <input_file_ref idref="fl-11"/>
      </object_component>
      <object_component id="oc-169">
         <name>.text.SYSCFG_DL_UART_0_init</name>
         <load_address>0x30e0</load_address>
         <readonly>true</readonly>
         <executable>true</executable>
         <run_address>0x30e0</run_address>
         <size>0x84</size>
         <alignment>0x4</alignment>
         <input_file_ref idref="fl-2"/>
      </object_component>
      <object_component id="oc-23c">
         <name>.text.__divsf3</name>
         <load_address>0x3164</load_address>
         <readonly>true</readonly>
         <executable>true</executable>
         <run_address>0x3164</run_address>
         <size>0x82</size>
         <alignment>0x4</alignment>
         <input_file_ref idref="fl-118"/>
      </object_component>
      <object_component id="oc-18d">
         <name>.text.__aeabi_idiv0</name>
         <load_address>0x31e6</load_address>
         <readonly>true</readonly>
         <executable>true</executable>
         <run_address>0x31e6</run_address>
         <size>0x2</size>
         <alignment>0x2</alignment>
         <input_file_ref idref="fl-12e"/>
      </object_component>
      <object_component id="oc-1c">
         <name>.text:decompress:lzss</name>
         <load_address>0x31e8</load_address>
         <readonly>true</readonly>
         <executable>true</executable>
         <run_address>0x31e8</run_address>
         <size>0x7c</size>
         <alignment>0x4</alignment>
         <input_file_ref idref="fl-4b"/>
      </object_component>
      <object_component id="oc-173">
         <name>.text.adc_getValue</name>
         <load_address>0x3264</load_address>
         <readonly>true</readonly>
         <executable>true</executable>
         <run_address>0x3264</run_address>
         <size>0x78</size>
         <alignment>0x4</alignment>
         <input_file_ref idref="fl-5"/>
      </object_component>
      <object_component id="oc-163">
         <name>.text.SYSCFG_DL_BUZZER_init</name>
         <load_address>0x32dc</load_address>
         <readonly>true</readonly>
         <executable>true</executable>
         <run_address>0x32dc</run_address>
         <size>0x74</size>
         <alignment>0x4</alignment>
         <input_file_ref idref="fl-2"/>
      </object_component>
      <object_component id="oc-165">
         <name>.text.SYSCFG_DL_PWM_PHI_init</name>
         <load_address>0x3350</load_address>
         <readonly>true</readonly>
         <executable>true</executable>
         <run_address>0x3350</run_address>
         <size>0x74</size>
         <alignment>0x4</alignment>
         <input_file_ref idref="fl-2"/>
      </object_component>
      <object_component id="oc-203">
         <name>.text.__gedf2</name>
         <load_address>0x33c4</load_address>
         <readonly>true</readonly>
         <executable>true</executable>
         <run_address>0x33c4</run_address>
         <size>0x74</size>
         <alignment>0x4</alignment>
         <input_file_ref idref="fl-12d"/>
      </object_component>
      <object_component id="oc-16a">
         <name>.text.SYSCFG_DL_MOTOR_init</name>
         <load_address>0x3438</load_address>
         <readonly>true</readonly>
         <executable>true</executable>
         <run_address>0x3438</run_address>
         <size>0x70</size>
         <alignment>0x4</alignment>
         <input_file_ref idref="fl-2"/>
      </object_component>
      <object_component id="oc-164">
         <name>.text.SYSCFG_DL_PWM_THETA_init</name>
         <load_address>0x34a8</load_address>
         <readonly>true</readonly>
         <executable>true</executable>
         <run_address>0x34a8</run_address>
         <size>0x6c</size>
         <alignment>0x4</alignment>
         <input_file_ref idref="fl-2"/>
      </object_component>
      <object_component id="oc-12a">
         <name>.text.deal_IRdata</name>
         <load_address>0x3514</load_address>
         <readonly>true</readonly>
         <executable>true</executable>
         <run_address>0x3514</run_address>
         <size>0x6c</size>
         <alignment>0x4</alignment>
         <input_file_ref idref="fl-8"/>
      </object_component>
      <object_component id="oc-1fd">
         <name>.text.__ledf2</name>
         <load_address>0x3580</load_address>
         <readonly>true</readonly>
         <executable>true</executable>
         <run_address>0x3580</run_address>
         <size>0x68</size>
         <alignment>0x4</alignment>
         <input_file_ref idref="fl-12d"/>
      </object_component>
      <object_component id="oc-27a">
         <name>.text._mcpy</name>
         <load_address>0x35e8</load_address>
         <readonly>true</readonly>
         <executable>true</executable>
         <run_address>0x35e8</run_address>
         <size>0x66</size>
         <alignment>0x2</alignment>
         <input_file_ref idref="fl-4c"/>
      </object_component>
      <object_component id="oc-289">
         <name>.text.__aeabi_ldiv0</name>
         <load_address>0x364e</load_address>
         <readonly>true</readonly>
         <executable>true</executable>
         <run_address>0x364e</run_address>
         <size>0x2</size>
         <alignment>0x2</alignment>
         <input_file_ref idref="fl-12e"/>
      </object_component>
      <object_component id="oc-181">
         <name>.text.__aeabi_dcmp</name>
         <load_address>0x3650</load_address>
         <readonly>true</readonly>
         <executable>true</executable>
         <run_address>0x3650</run_address>
         <size>0x62</size>
         <alignment>0x4</alignment>
         <input_file_ref idref="fl-123"/>
      </object_component>
      <object_component id="oc-101">
         <name>.text:memset</name>
         <load_address>0x36b2</load_address>
         <readonly>true</readonly>
         <executable>true</executable>
         <run_address>0x36b2</run_address>
         <size>0x62</size>
         <alignment>0x1</alignment>
         <input_file_ref idref="fl-131"/>
      </object_component>
      <object_component id="oc-102">
         <name>.text.SYSCFG_DL_init</name>
         <load_address>0x3714</load_address>
         <readonly>true</readonly>
         <executable>true</executable>
         <run_address>0x3714</run_address>
         <size>0x60</size>
         <alignment>0x4</alignment>
         <input_file_ref idref="fl-2"/>
      </object_component>
      <object_component id="oc-26a">
         <name>.text.frexp</name>
         <load_address>0x3774</load_address>
         <readonly>true</readonly>
         <executable>true</executable>
         <run_address>0x3774</run_address>
         <size>0x5c</size>
         <alignment>0x4</alignment>
         <input_file_ref idref="fl-5a"/>
      </object_component>
      <object_component id="oc-272">
         <name>.text.__TI_ltoa</name>
         <load_address>0x37d0</load_address>
         <readonly>true</readonly>
         <executable>true</executable>
         <run_address>0x37d0</run_address>
         <size>0x58</size>
         <alignment>0x2</alignment>
         <input_file_ref idref="fl-52"/>
      </object_component>
      <object_component id="oc-226">
         <name>.text._pconv_f</name>
         <load_address>0x3828</load_address>
         <readonly>true</readonly>
         <executable>true</executable>
         <run_address>0x3828</run_address>
         <size>0x58</size>
         <alignment>0x2</alignment>
         <input_file_ref idref="fl-4c"/>
      </object_component>
      <object_component id="oc-295">
         <name>.text.__aeabi_idivmod</name>
         <load_address>0x3880</load_address>
         <readonly>true</readonly>
         <executable>true</executable>
         <run_address>0x3880</run_address>
         <size>0x56</size>
         <alignment>0x4</alignment>
         <input_file_ref idref="fl-125"/>
      </object_component>
      <object_component id="oc-168">
         <name>.text.SYSCFG_DL_Sensor_init</name>
         <load_address>0x38d8</load_address>
         <readonly>true</readonly>
         <executable>true</executable>
         <run_address>0x38d8</run_address>
         <size>0x54</size>
         <alignment>0x4</alignment>
         <input_file_ref idref="fl-2"/>
      </object_component>
      <object_component id="oc-278">
         <name>.text._ecpy</name>
         <load_address>0x392c</load_address>
         <readonly>true</readonly>
         <executable>true</executable>
         <run_address>0x392c</run_address>
         <size>0x52</size>
         <alignment>0x2</alignment>
         <input_file_ref idref="fl-4c"/>
      </object_component>
      <object_component id="oc-66">
         <name>.text.Buzzer_Handle</name>
         <load_address>0x3980</load_address>
         <readonly>true</readonly>
         <executable>true</executable>
         <run_address>0x3980</run_address>
         <size>0x50</size>
         <alignment>0x4</alignment>
         <input_file_ref idref="fl-4"/>
      </object_component>
      <object_component id="oc-22b">
         <name>.text.Contrl_Pwm</name>
         <load_address>0x39d0</load_address>
         <readonly>true</readonly>
         <executable>true</executable>
         <run_address>0x39d0</run_address>
         <size>0x4c</size>
         <alignment>0x4</alignment>
         <input_file_ref idref="fl-c"/>
      </object_component>
      <object_component id="oc-175">
         <name>.text.__fixdfsi</name>
         <load_address>0x3a1c</load_address>
         <readonly>true</readonly>
         <executable>true</executable>
         <run_address>0x3a1c</run_address>
         <size>0x4a</size>
         <alignment>0x4</alignment>
         <input_file_ref idref="fl-11b"/>
      </object_component>
      <object_component id="oc-1ea">
         <name>.text.DL_UART_init</name>
         <load_address>0x3a68</load_address>
         <readonly>true</readonly>
         <executable>true</executable>
         <run_address>0x3a68</run_address>
         <size>0x48</size>
         <alignment>0x4</alignment>
         <input_file_ref idref="fl-27"/>
      </object_component>
      <object_component id="oc-167">
         <name>.text.SYSCFG_DL_TIMER_0_init</name>
         <load_address>0x3ab0</load_address>
         <readonly>true</readonly>
         <executable>true</executable>
         <run_address>0x3ab0</run_address>
         <size>0x48</size>
         <alignment>0x4</alignment>
         <input_file_ref idref="fl-2"/>
      </object_component>
      <object_component id="oc-1cc">
         <name>.text.DL_SYSCTL_switchMCLKfromSYSOSCtoHSCLK</name>
         <load_address>0x3af8</load_address>
         <readonly>true</readonly>
         <executable>true</executable>
         <run_address>0x3af8</run_address>
         <size>0x44</size>
         <alignment>0x4</alignment>
         <input_file_ref idref="fl-28"/>
      </object_component>
      <object_component id="oc-34">
         <name>.text.UART0_IRQHandler</name>
         <load_address>0x3b3c</load_address>
         <readonly>true</readonly>
         <executable>true</executable>
         <run_address>0x3b3c</run_address>
         <size>0x44</size>
         <alignment>0x4</alignment>
         <input_file_ref idref="fl-15"/>
      </object_component>
      <object_component id="oc-a5">
         <name>.text.delay_ms</name>
         <load_address>0x3b80</load_address>
         <readonly>true</readonly>
         <executable>true</executable>
         <run_address>0x3b80</run_address>
         <size>0x44</size>
         <alignment>0x4</alignment>
         <input_file_ref idref="fl-14"/>
      </object_component>
      <object_component id="oc-1ef">
         <name>.text.DL_ADC12_setClockConfig</name>
         <load_address>0x3bc4</load_address>
         <readonly>true</readonly>
         <executable>true</executable>
         <run_address>0x3bc4</run_address>
         <size>0x40</size>
         <alignment>0x4</alignment>
         <input_file_ref idref="fl-23"/>
      </object_component>
      <object_component id="oc-114">
         <name>.text.__aeabi_uidivmod</name>
         <load_address>0x3c04</load_address>
         <readonly>true</readonly>
         <executable>true</executable>
         <run_address>0x3c04</run_address>
         <size>0x40</size>
         <alignment>0x4</alignment>
         <input_file_ref idref="fl-128"/>
      </object_component>
      <object_component id="oc-20e">
         <name>.text.atoi</name>
         <load_address>0x3c44</load_address>
         <readonly>true</readonly>
         <executable>true</executable>
         <run_address>0x3c44</run_address>
         <size>0x40</size>
         <alignment>0x4</alignment>
         <input_file_ref idref="fl-42"/>
      </object_component>
      <object_component id="oc-19d">
         <name>.text.__floatsisf</name>
         <load_address>0x3c84</load_address>
         <readonly>true</readonly>
         <executable>true</executable>
         <run_address>0x3c84</run_address>
         <size>0x3c</size>
         <alignment>0x4</alignment>
         <input_file_ref idref="fl-11f"/>
      </object_component>
      <object_component id="oc-e5">
         <name>.text:__TI_auto_init_nobinit_nopinit</name>
         <load_address>0x3cc0</load_address>
         <readonly>true</readonly>
         <executable>true</executable>
         <run_address>0x3cc0</run_address>
         <size>0x3c</size>
         <alignment>0x4</alignment>
         <input_file_ref idref="fl-46"/>
      </object_component>
      <object_component id="oc-1f8">
         <name>.text.__muldsi3</name>
         <load_address>0x3cfc</load_address>
         <readonly>true</readonly>
         <executable>true</executable>
         <run_address>0x3cfc</run_address>
         <size>0x3a</size>
         <alignment>0x4</alignment>
         <input_file_ref idref="fl-116"/>
      </object_component>
      <object_component id="oc-1a9">
         <name>.text.__fixsfsi</name>
         <load_address>0x3d38</load_address>
         <readonly>true</readonly>
         <executable>true</executable>
         <run_address>0x3d38</run_address>
         <size>0x38</size>
         <alignment>0x4</alignment>
         <input_file_ref idref="fl-11c"/>
      </object_component>
      <object_component id="oc-b9">
         <name>.text.sprintf</name>
         <load_address>0x3d70</load_address>
         <readonly>true</readonly>
         <executable>true</executable>
         <run_address>0x3d70</run_address>
         <size>0x38</size>
         <alignment>0x4</alignment>
         <input_file_ref idref="fl-40"/>
      </object_component>
      <object_component id="oc-bf">
         <name>.text.USART_SendString</name>
         <load_address>0x3da8</load_address>
         <readonly>true</readonly>
         <executable>true</executable>
         <run_address>0x3da8</run_address>
         <size>0x34</size>
         <alignment>0x4</alignment>
         <input_file_ref idref="fl-15"/>
      </object_component>
      <object_component id="oc-16b">
         <name>.text.SYSCFG_DL_ADC1_init</name>
         <load_address>0x3ddc</load_address>
         <readonly>true</readonly>
         <executable>true</executable>
         <run_address>0x3ddc</run_address>
         <size>0x30</size>
         <alignment>0x4</alignment>
         <input_file_ref idref="fl-2"/>
      </object_component>
      <object_component id="oc-279">
         <name>.text._fcpy</name>
         <load_address>0x3e0c</load_address>
         <readonly>true</readonly>
         <executable>true</executable>
         <run_address>0x3e0c</run_address>
         <size>0x30</size>
         <alignment>0x2</alignment>
         <input_file_ref idref="fl-4c"/>
      </object_component>
      <object_component id="oc-179">
         <name>.text.__floatsidf</name>
         <load_address>0x3e3c</load_address>
         <readonly>true</readonly>
         <executable>true</executable>
         <run_address>0x3e3c</run_address>
         <size>0x2c</size>
         <alignment>0x4</alignment>
         <input_file_ref idref="fl-11e"/>
      </object_component>
      <object_component id="oc-c2">
         <name>.text.Buzzer_Toggle</name>
         <load_address>0x3e68</load_address>
         <readonly>true</readonly>
         <executable>true</executable>
         <run_address>0x3e68</run_address>
         <size>0x28</size>
         <alignment>0x4</alignment>
         <input_file_ref idref="fl-4"/>
      </object_component>
      <object_component id="oc-5a">
         <name>.text:_c_int00_noargs</name>
         <load_address>0x3e90</load_address>
         <readonly>true</readonly>
         <executable>true</executable>
         <run_address>0x3e90</run_address>
         <size>0x28</size>
         <alignment>0x4</alignment>
         <input_file_ref idref="fl-44"/>
      </object_component>
      <object_component id="oc-1dd">
         <name>.text.DL_I2C_setClockConfig</name>
         <load_address>0x3eb8</load_address>
         <readonly>true</readonly>
         <executable>true</executable>
         <run_address>0x3eb8</run_address>
         <size>0x26</size>
         <alignment>0x2</alignment>
         <input_file_ref idref="fl-25"/>
      </object_component>
      <object_component id="oc-3a">
         <name>.text.TIMG0_IRQHandler</name>
         <load_address>0x3ee0</load_address>
         <readonly>true</readonly>
         <executable>true</executable>
         <run_address>0x3ee0</run_address>
         <size>0x24</size>
         <alignment>0x4</alignment>
         <input_file_ref idref="fl-13"/>
      </object_component>
      <object_component id="oc-a4">
         <name>.text.USART_Init</name>
         <load_address>0x3f04</load_address>
         <readonly>true</readonly>
         <executable>true</executable>
         <run_address>0x3f04</run_address>
         <size>0x24</size>
         <alignment>0x4</alignment>
         <input_file_ref idref="fl-15"/>
      </object_component>
      <object_component id="oc-118">
         <name>.text.__floatunsidf</name>
         <load_address>0x3f28</load_address>
         <readonly>true</readonly>
         <executable>true</executable>
         <run_address>0x3f28</run_address>
         <size>0x24</size>
         <alignment>0x4</alignment>
         <input_file_ref idref="fl-120"/>
      </object_component>
      <object_component id="oc-21b">
         <name>.text.__muldi3</name>
         <load_address>0x3f4c</load_address>
         <readonly>true</readonly>
         <executable>true</executable>
         <run_address>0x3f4c</run_address>
         <size>0x24</size>
         <alignment>0x4</alignment>
         <input_file_ref idref="fl-121"/>
      </object_component>
      <object_component id="oc-207">
         <name>.text.memccpy</name>
         <load_address>0x3f70</load_address>
         <readonly>true</readonly>
         <executable>true</executable>
         <run_address>0x3f70</run_address>
         <size>0x22</size>
         <alignment>0x2</alignment>
         <input_file_ref idref="fl-56"/>
      </object_component>
      <object_component id="oc-c3">
         <name>.text.Scheduler_Run</name>
         <load_address>0x3f94</load_address>
         <readonly>true</readonly>
         <executable>true</executable>
         <run_address>0x3f94</run_address>
         <size>0x20</size>
         <alignment>0x4</alignment>
         <input_file_ref idref="fl-12"/>
      </object_component>
      <object_component id="oc-b8">
         <name>.text.Get_Anolog_Value</name>
         <load_address>0x3fb4</load_address>
         <readonly>true</readonly>
         <executable>true</executable>
         <run_address>0x3fb4</run_address>
         <size>0x1e</size>
         <alignment>0x2</alignment>
         <input_file_ref idref="fl-7"/>
      </object_component>
      <object_component id="oc-b1">
         <name>.text.No_MCU_Ganv_Sensor_Init_Frist</name>
         <load_address>0x3fd2</load_address>
         <readonly>true</readonly>
         <executable>true</executable>
         <run_address>0x3fd2</run_address>
         <size>0x1e</size>
         <alignment>0x2</alignment>
         <input_file_ref idref="fl-7"/>
      </object_component>
      <object_component id="oc-28a">
         <name>.text.__ashldi3</name>
         <load_address>0x3ff0</load_address>
         <readonly>true</readonly>
         <executable>true</executable>
         <run_address>0x3ff0</run_address>
         <size>0x1e</size>
         <alignment>0x4</alignment>
         <input_file_ref idref="fl-12c"/>
      </object_component>
      <object_component id="oc-24c">
         <name>.text.DL_SYSCTL_configFCC</name>
         <load_address>0x4010</load_address>
         <readonly>true</readonly>
         <executable>true</executable>
         <run_address>0x4010</run_address>
         <size>0x1c</size>
         <alignment>0x4</alignment>
         <input_file_ref idref="fl-28"/>
      </object_component>
      <object_component id="oc-1d1">
         <name>.text.DL_Timer_setCaptCompUpdateMethod</name>
         <load_address>0x402c</load_address>
         <readonly>true</readonly>
         <executable>true</executable>
         <run_address>0x402c</run_address>
         <size>0x1c</size>
         <alignment>0x4</alignment>
         <input_file_ref idref="fl-26"/>
      </object_component>
      <object_component id="oc-1ce">
         <name>.text.DL_Timer_setClockConfig</name>
         <load_address>0x4048</load_address>
         <readonly>true</readonly>
         <executable>true</executable>
         <run_address>0x4048</run_address>
         <size>0x1c</size>
         <alignment>0x4</alignment>
         <input_file_ref idref="fl-26"/>
      </object_component>
      <object_component id="oc-16c">
         <name>.text.SYSCFG_DL_SYSTICK_init</name>
         <load_address>0x4064</load_address>
         <readonly>true</readonly>
         <executable>true</executable>
         <run_address>0x4064</run_address>
         <size>0x1c</size>
         <alignment>0x4</alignment>
         <input_file_ref idref="fl-2"/>
      </object_component>
      <object_component id="oc-1d0">
         <name>.text.DL_Timer_setCaptureCompareOutCtl</name>
         <load_address>0x4080</load_address>
         <readonly>true</readonly>
         <executable>true</executable>
         <run_address>0x4080</run_address>
         <size>0x18</size>
         <alignment>0x4</alignment>
         <input_file_ref idref="fl-26"/>
      </object_component>
      <object_component id="oc-ac">
         <name>.text.State_Machine_init</name>
         <load_address>0x4098</load_address>
         <readonly>true</readonly>
         <executable>true</executable>
         <run_address>0x4098</run_address>
         <size>0x18</size>
         <alignment>0x4</alignment>
         <input_file_ref idref="fl-e"/>
      </object_component>
      <object_component id="oc-110">
         <name>.text._outs</name>
         <load_address>0x40b0</load_address>
         <readonly>true</readonly>
         <executable>true</executable>
         <run_address>0x40b0</run_address>
         <size>0x18</size>
         <alignment>0x2</alignment>
         <input_file_ref idref="fl-40"/>
      </object_component>
      <object_component id="oc-220">
         <name>.text.__aeabi_uldivmod</name>
         <load_address>0x40c8</load_address>
         <readonly>true</readonly>
         <executable>true</executable>
         <run_address>0x40c8</run_address>
         <size>0x14</size>
         <alignment>0x4</alignment>
         <input_file_ref idref="fl-129"/>
      </object_component>
      <object_component id="oc-277">
         <name>.text.strchr</name>
         <load_address>0x40dc</load_address>
         <readonly>true</readonly>
         <executable>true</executable>
         <run_address>0x40dc</run_address>
         <size>0x14</size>
         <alignment>0x2</alignment>
         <input_file_ref idref="fl-4c"/>
      </object_component>
      <object_component id="oc-1e4">
         <name>.text.DL_UART_setClockConfig</name>
         <load_address>0x40f0</load_address>
         <readonly>true</readonly>
         <executable>true</executable>
         <run_address>0x40f0</run_address>
         <size>0x12</size>
         <alignment>0x2</alignment>
         <input_file_ref idref="fl-27"/>
      </object_component>
      <object_component id="oc-20">
         <name>.text:decompress:none</name>
         <load_address>0x4102</load_address>
         <readonly>true</readonly>
         <executable>true</executable>
         <run_address>0x4102</run_address>
         <size>0x12</size>
         <alignment>0x2</alignment>
         <input_file_ref idref="fl-4a"/>
      </object_component>
      <object_component id="oc-8e">
         <name>.text.DL_Timer_setCaptureCompareValue</name>
         <load_address>0x4114</load_address>
         <readonly>true</readonly>
         <executable>true</executable>
         <run_address>0x4114</run_address>
         <size>0x10</size>
         <alignment>0x4</alignment>
         <input_file_ref idref="fl-26"/>
      </object_component>
      <object_component id="oc-ab">
         <name>.text.PWM_Buzzer_Init</name>
         <load_address>0x4124</load_address>
         <readonly>true</readonly>
         <executable>true</executable>
         <run_address>0x4124</run_address>
         <size>0x10</size>
         <alignment>0x4</alignment>
         <input_file_ref idref="fl-4"/>
      </object_component>
      <object_component id="oc-212">
         <name>.text.wcslen</name>
         <load_address>0x4134</load_address>
         <readonly>true</readonly>
         <executable>true</executable>
         <run_address>0x4134</run_address>
         <size>0x10</size>
         <alignment>0x2</alignment>
         <input_file_ref idref="fl-5c"/>
      </object_component>
      <object_component id="oc-57">
         <name>.text:decompress:ZI</name>
         <load_address>0x4144</load_address>
         <readonly>true</readonly>
         <executable>true</executable>
         <run_address>0x4144</run_address>
         <size>0x10</size>
         <alignment>0x2</alignment>
         <input_file_ref idref="fl-49"/>
      </object_component>
      <object_component id="oc-206">
         <name>.text.__aeabi_memset</name>
         <load_address>0x4154</load_address>
         <readonly>true</readonly>
         <executable>true</executable>
         <run_address>0x4154</run_address>
         <size>0xe</size>
         <alignment>0x4</alignment>
         <input_file_ref idref="fl-127"/>
      </object_component>
      <object_component id="oc-205">
         <name>.text.strlen</name>
         <load_address>0x4162</load_address>
         <readonly>true</readonly>
         <executable>true</executable>
         <run_address>0x4162</run_address>
         <size>0xe</size>
         <alignment>0x2</alignment>
         <input_file_ref idref="fl-4c"/>
      </object_component>
      <object_component id="oc-125">
         <name>.text.Get_Time</name>
         <load_address>0x4170</load_address>
         <readonly>true</readonly>
         <executable>true</executable>
         <run_address>0x4170</run_address>
         <size>0xc</size>
         <alignment>0x4</alignment>
         <input_file_ref idref="fl-13"/>
      </object_component>
      <object_component id="oc-c1">
         <name>.text.LED2_Toggle</name>
         <load_address>0x417c</load_address>
         <readonly>true</readonly>
         <executable>true</executable>
         <run_address>0x417c</run_address>
         <size>0xc</size>
         <alignment>0x4</alignment>
         <input_file_ref idref="fl-a"/>
      </object_component>
      <object_component id="oc-94">
         <name>.text.LED_OFF</name>
         <load_address>0x4188</load_address>
         <readonly>true</readonly>
         <executable>true</executable>
         <run_address>0x4188</run_address>
         <size>0xc</size>
         <alignment>0x4</alignment>
         <input_file_ref idref="fl-a"/>
      </object_component>
      <object_component id="oc-89">
         <name>.text.LED_ON</name>
         <load_address>0x4194</load_address>
         <readonly>true</readonly>
         <executable>true</executable>
         <run_address>0x4194</run_address>
         <size>0xc</size>
         <alignment>0x4</alignment>
         <input_file_ref idref="fl-a"/>
      </object_component>
      <object_component id="oc-72">
         <name>.text.__aeabi_memclr</name>
         <load_address>0x41a0</load_address>
         <readonly>true</readonly>
         <executable>true</executable>
         <run_address>0x41a0</run_address>
         <size>0xc</size>
         <alignment>0x4</alignment>
         <input_file_ref idref="fl-127"/>
      </object_component>
      <object_component id="oc-240">
         <name>.text.Contrl_Speed</name>
         <load_address>0x41ac</load_address>
         <readonly>true</readonly>
         <executable>true</executable>
         <run_address>0x41ac</run_address>
         <size>0xa</size>
         <alignment>0x2</alignment>
         <input_file_ref idref="fl-c"/>
      </object_component>
      <object_component id="oc-1c1">
         <name>.text.DL_Common_delayCycles</name>
         <load_address>0x41b6</load_address>
         <readonly>true</readonly>
         <executable>true</executable>
         <run_address>0x41b6</run_address>
         <size>0xa</size>
         <alignment>0x2</alignment>
         <input_file_ref idref="fl-24"/>
      </object_component>
      <object_component id="oc-276">
         <name>.text.OUTLINED_FUNCTION_0</name>
         <load_address>0x41c0</load_address>
         <readonly>true</readonly>
         <executable>true</executable>
         <run_address>0x41c0</run_address>
         <size>0xa</size>
         <alignment>0x2</alignment>
         <input_file_ref idref="fl-4c"/>
      </object_component>
      <object_component id="oc-2ec">
         <name>.tramp.__aeabi_dsub.1</name>
         <load_address>0x41cc</load_address>
         <readonly>true</readonly>
         <executable>true</executable>
         <run_address>0x41cc</run_address>
         <size>0x10</size>
         <alignment>0x4</alignment>
         <input_file_ref idref="fl-114"/>
      </object_component>
      <object_component id="oc-27c">
         <name>.text.OUTLINED_FUNCTION_1</name>
         <load_address>0x41dc</load_address>
         <readonly>true</readonly>
         <executable>true</executable>
         <run_address>0x41dc</run_address>
         <size>0xa</size>
         <alignment>0x2</alignment>
         <input_file_ref idref="fl-4c"/>
      </object_component>
      <object_component id="oc-111">
         <name>.text._outc</name>
         <load_address>0x41e6</load_address>
         <readonly>true</readonly>
         <executable>true</executable>
         <run_address>0x41e6</run_address>
         <size>0xa</size>
         <alignment>0x2</alignment>
         <input_file_ref idref="fl-40"/>
      </object_component>
      <object_component id="oc-216">
         <name>.text.__aeabi_errno_addr</name>
         <load_address>0x41f0</load_address>
         <readonly>true</readonly>
         <executable>true</executable>
         <run_address>0x41f0</run_address>
         <size>0x8</size>
         <alignment>0x4</alignment>
         <input_file_ref idref="fl-4f"/>
      </object_component>
      <object_component id="oc-4a">
         <name>.text.__aeabi_memcpy</name>
         <load_address>0x41f8</load_address>
         <readonly>true</readonly>
         <executable>true</executable>
         <run_address>0x41f8</run_address>
         <size>0x8</size>
         <alignment>0x4</alignment>
         <input_file_ref idref="fl-126"/>
      </object_component>
      <object_component id="oc-19c">
         <name>.text.Get_Digtal_For_User</name>
         <load_address>0x4200</load_address>
         <readonly>true</readonly>
         <executable>true</executable>
         <run_address>0x4200</run_address>
         <size>0x6</size>
         <alignment>0x2</alignment>
         <input_file_ref idref="fl-7"/>
      </object_component>
      <object_component id="oc-de">
         <name>.text:abort</name>
         <load_address>0x4206</load_address>
         <readonly>true</readonly>
         <executable>true</executable>
         <run_address>0x4206</run_address>
         <size>0x6</size>
         <alignment>0x2</alignment>
         <input_file_ref idref="fl-50"/>
      </object_component>
      <object_component id="oc-14e">
         <name>.text.HOSTexit</name>
         <load_address>0x420c</load_address>
         <readonly>true</readonly>
         <executable>true</executable>
         <run_address>0x420c</run_address>
         <size>0x4</size>
         <alignment>0x2</alignment>
         <input_file_ref idref="fl-103"/>
      </object_component>
      <object_component id="oc-2f">
         <name>.text.Reset_Handler</name>
         <load_address>0x4210</load_address>
         <readonly>true</readonly>
         <executable>true</executable>
         <run_address>0x4210</run_address>
         <size>0x4</size>
         <alignment>0x2</alignment>
         <input_file_ref idref="fl-3"/>
      </object_component>
      <object_component id="oc-77">
         <name>.text._system_pre_init</name>
         <load_address>0x4214</load_address>
         <readonly>true</readonly>
         <executable>true</executable>
         <run_address>0x4214</run_address>
         <size>0x4</size>
         <alignment>0x2</alignment>
         <input_file_ref idref="fl-47"/>
      </object_component>
      <object_component id="oc-2e8">
         <name>.cinit..data.load</name>
         <load_address>0x4410</load_address>
         <readonly>true</readonly>
         <run_address>0x4410</run_address>
         <size>0x33</size>
         <alignment>0x1</alignment>
      </object_component>
      <object_component id="oc-2e6">
         <name>__TI_handler_table</name>
         <load_address>0x4444</load_address>
         <readonly>true</readonly>
         <run_address>0x4444</run_address>
         <size>0xc</size>
         <alignment>0x4</alignment>
      </object_component>
      <object_component id="oc-2e9">
         <name>.cinit..bss.load</name>
         <load_address>0x4450</load_address>
         <readonly>true</readonly>
         <run_address>0x4450</run_address>
         <size>0x8</size>
         <alignment>0x4</alignment>
      </object_component>
      <object_component id="oc-2e7">
         <name>__TI_cinit_table</name>
         <load_address>0x4458</load_address>
         <readonly>true</readonly>
         <run_address>0x4458</run_address>
         <size>0x10</size>
         <alignment>0x4</alignment>
      </object_component>
      <object_component id="oc-259">
         <name>.rodata:__aeabi_ctype_table_</name>
         <load_address>0x4220</load_address>
         <readonly>true</readonly>
         <run_address>0x4220</run_address>
         <size>0x101</size>
         <alignment>0x10</alignment>
         <input_file_ref idref="fl-4e"/>
      </object_component>
      <object_component id="oc-1d2">
         <name>.rodata.gBUZZERClockConfig</name>
         <load_address>0x4321</load_address>
         <readonly>true</readonly>
         <run_address>0x4321</run_address>
         <size>0x3</size>
         <alignment>0x1</alignment>
         <input_file_ref idref="fl-2"/>
      </object_component>
      <object_component id="oc-1cd">
         <name>.rodata.gSYSPLLConfig</name>
         <load_address>0x4324</load_address>
         <readonly>true</readonly>
         <run_address>0x4324</run_address>
         <size>0x28</size>
         <alignment>0x4</alignment>
         <input_file_ref idref="fl-2"/>
      </object_component>
      <object_component id="oc-d6">
         <name>.rodata.str1.9517790425240694019.1</name>
         <load_address>0x434c</load_address>
         <readonly>true</readonly>
         <run_address>0x434c</run_address>
         <size>0x21</size>
         <alignment>0x1</alignment>
         <input_file_ref idref="fl-1"/>
      </object_component>
      <object_component id="oc-1d8">
         <name>.rodata.gPWM_MOTORClockConfig</name>
         <load_address>0x436d</load_address>
         <readonly>true</readonly>
         <run_address>0x436d</run_address>
         <size>0x3</size>
         <alignment>0x1</alignment>
         <input_file_ref idref="fl-2"/>
      </object_component>
      <object_component id="oc-1dc">
         <name>.rodata.gTIMER_0TimerConfig</name>
         <load_address>0x4370</load_address>
         <readonly>true</readonly>
         <run_address>0x4370</run_address>
         <size>0x14</size>
         <alignment>0x4</alignment>
         <input_file_ref idref="fl-2"/>
      </object_component>
      <object_component id="oc-285">
         <name>.rodata.str1.6728806423934458923.1</name>
         <load_address>0x4384</load_address>
         <readonly>true</readonly>
         <run_address>0x4384</run_address>
         <size>0x12</size>
         <alignment>0x1</alignment>
         <input_file_ref idref="fl-c"/>
      </object_component>
      <object_component id="oc-21f">
         <name>.rodata.str1.10348868589481759720.1</name>
         <load_address>0x4396</load_address>
         <readonly>true</readonly>
         <run_address>0x4396</run_address>
         <size>0x11</size>
         <alignment>0x1</alignment>
         <input_file_ref idref="fl-4c"/>
      </object_component>
      <object_component id="oc-20b">
         <name>.rodata.str1.15363888844622738466.1</name>
         <load_address>0x43a7</load_address>
         <readonly>true</readonly>
         <run_address>0x43a7</run_address>
         <size>0x11</size>
         <alignment>0x1</alignment>
         <input_file_ref idref="fl-4c"/>
      </object_component>
      <object_component id="oc-1ee">
[...]
         <object_component_ref idref="oc-135"/>
      </symbol>
      <symbol id="sm-1c7">
         <name>speed_L</name>
         <value>0x20200608</value>
         <object_component_ref idref="oc-137"/>
      </symbol>
      <symbol id="sm-1c8">
         <name>speed_R</name>
         <value>0x20200614</value>
         <object_component_ref idref="oc-138"/>
      </symbol>
      <symbol id="sm-1c9">
         <name>TB_Control</name>
         <value>0x3059</value>
         <object_component_ref idref="oc-c8"/>
      </symbol>
      <symbol id="sm-1d3">
         <name>Scheduler_Run</name>
         <value>0x3f95</value>
         <object_component_ref idref="oc-c3"/>
      </symbol>
      <symbol id="sm-1d4">
         <name>tasks</name>
         <value>0x20200594</value>
         <object_component_ref idref="oc-126"/>
      </symbol>
      <symbol id="sm-1e1">
         <name>TIMG0_IRQHandler</name>
         <value>0x3ee1</value>
         <object_component_ref idref="oc-3a"/>
      </symbol>
      <symbol id="sm-1e2">
         <name>systick_counter</name>
         <value>0x20200618</value>
         <object_component_ref idref="oc-6b"/>
      </symbol>
      <symbol id="sm-1e3">
         <name>Get_Time</name>
         <value>0x4171</value>
         <object_component_ref idref="oc-125"/>
      </symbol>
      <symbol id="sm-1ee">
         <name>delay_ms</name>
         <value>0x3b81</value>
         <object_component_ref idref="oc-a5"/>
      </symbol>
      <symbol id="sm-1ff">
         <name>USART_Init</name>
         <value>0x3f05</value>
         <object_component_ref idref="oc-a4"/>
      </symbol>
      <symbol id="sm-200">
         <name>USART_SendString</name>
         <value>0x3da9</value>
         <object_component_ref idref="oc-bf"/>
      </symbol>
      <symbol id="sm-201">
         <name>UART0_IRQHandler</name>
         <value>0x3b3d</value>
         <object_component_ref idref="oc-34"/>
      </symbol>
      <symbol id="sm-202">
         <name>recv0_length</name>
         <value>0x20200620</value>
         <object_component_ref idref="oc-61"/>
      </symbol>
      <symbol id="sm-203">
         <name>recv0_buff</name>
         <value>0x202004bc</value>
         <object_component_ref idref="oc-62"/>
      </symbol>
      <symbol id="sm-204">
         <name>recv0_flag</name>
         <value>0x20200625</value>
         <object_component_ref idref="oc-63"/>
      </symbol>
      <symbol id="sm-205">
         <name>__TI_ATRegion0_src_addr</name>
         <value>0x0</value>
      </symbol>
      <symbol id="sm-206">
         <name>__TI_ATRegion0_trg_addr</name>
         <value>0x0</value>
      </symbol>
      <symbol id="sm-207">
         <name>__TI_ATRegion0_region_sz</name>
         <value>0x0</value>
      </symbol>
      <symbol id="sm-208">
         <name>__TI_ATRegion1_src_addr</name>
         <value>0x0</value>
      </symbol>
      <symbol id="sm-209">
         <name>__TI_ATRegion1_trg_addr</name>
         <value>0x0</value>
      </symbol>
      <symbol id="sm-20a">
         <name>__TI_ATRegion1_region_sz</name>
         <value>0x0</value>
      </symbol>
      <symbol id="sm-20b">
         <name>__TI_ATRegion2_src_addr</name>
         <value>0x0</value>
      </symbol>
      <symbol id="sm-20c">
         <name>__TI_ATRegion2_trg_addr</name>
         <value>0x0</value>
      </symbol>
      <symbol id="sm-20d">
         <name>__TI_ATRegion2_region_sz</name>
         <value>0x0</value>
      </symbol>
      <symbol id="sm-218">
         <name>DL_ADC12_setClockConfig</name>
         <value>0x3bc5</value>
         <object_component_ref idref="oc-1ef"/>
      </symbol>
      <symbol id="sm-221">
         <name>DL_Common_delayCycles</name>
         <value>0x41b7</value>
         <object_component_ref idref="oc-1c1"/>
      </symbol>
      <symbol id="sm-22b">
         <name>DL_I2C_setClockConfig</name>
         <value>0x3eb9</value>
         <object_component_ref idref="oc-1dd"/>
      </symbol>
      <symbol id="sm-247">
         <name>DL_Timer_setClockConfig</name>
         <value>0x4049</value>
         <object_component_ref idref="oc-1ce"/>
      </symbol>
      <symbol id="sm-248">
         <name>DL_Timer_initTimerMode</name>
         <value>0x2085</value>
         <object_component_ref idref="oc-1da"/>
      </symbol>
      <symbol id="sm-249">
         <name>DL_Timer_setCaptureCompareValue</name>
         <value>0x4115</value>
         <object_component_ref idref="oc-8e"/>
      </symbol>
      <symbol id="sm-24a">
         <name>DL_Timer_setCaptCompUpdateMethod</name>
         <value>0x402d</value>
         <object_component_ref idref="oc-1d1"/>
      </symbol>
      <symbol id="sm-24b">
         <name>DL_Timer_setCaptureCompareOutCtl</name>
         <value>0x4081</value>
         <object_component_ref idref="oc-1d0"/>
      </symbol>
      <symbol id="sm-24c">
         <name>DL_Timer_initFourCCPWMMode</name>
         <value>0x1f81</value>
         <object_component_ref idref="oc-1cf"/>
      </symbol>
      <symbol id="sm-259">
         <name>DL_UART_init</name>
         <value>0x3a69</value>
         <object_component_ref idref="oc-1ea"/>
      </symbol>
      <symbol id="sm-25a">
         <name>DL_UART_setClockConfig</name>
         <value>0x40f1</value>
         <object_component_ref idref="oc-1e4"/>
      </symbol>
      <symbol id="sm-26b">
         <name>DL_SYSCTL_configSYSPLL</name>
         <value>0x26f9</value>
         <object_component_ref idref="oc-1c5"/>
      </symbol>
      <symbol id="sm-26c">
         <name>DL_SYSCTL_switchMCLKfromSYSOSCtoHSCLK</name>
         <value>0x3af9</value>
         <object_component_ref idref="oc-1cc"/>
      </symbol>
      <symbol id="sm-26d">
         <name>DL_SYSCTL_configFCC</name>
         <value>0x4011</value>
         <object_component_ref idref="oc-24c"/>
      </symbol>
      <symbol id="sm-27f">
         <name>sprintf</name>
         <value>0x3d71</value>
         <object_component_ref idref="oc-b9"/>
      </symbol>
      <symbol id="sm-28a">
         <name>atoi</name>
         <value>0x3c45</value>
         <object_component_ref idref="oc-20e"/>
      </symbol>
      <symbol id="sm-296">
         <name>_c_int00_noargs</name>
         <value>0x3e91</value>
         <object_component_ref idref="oc-5a"/>
      </symbol>
      <symbol id="sm-297">
         <name>__stack</name>
         <value>0x20207e00</value>
         <object_component_ref idref="oc-1a"/>
      </symbol>
      <symbol id="sm-2a3">
         <name>__TI_auto_init_nobinit_nopinit</name>
         <value>0x3cc1</value>
         <object_component_ref idref="oc-e5"/>
      </symbol>
      <symbol id="sm-2ab">
         <name>_system_pre_init</name>
         <value>0x4215</value>
         <object_component_ref idref="oc-77"/>
      </symbol>
      <symbol id="sm-2b6">
         <name>__TI_zero_init</name>
         <value>0x4145</value>
         <object_component_ref idref="oc-57"/>
      </symbol>
      <symbol id="sm-2bf">
         <name>__TI_decompress_none</name>
         <value>0x4103</value>
         <object_component_ref idref="oc-20"/>
      </symbol>
      <symbol id="sm-2ca">
         <name>__TI_decompress_lzss</name>
         <value>0x31e9</value>
         <object_component_ref idref="oc-1c"/>
      </symbol>
      <symbol id="sm-313">
         <name>__TI_printfi</name>
         <value>0xc1</value>
         <object_component_ref idref="oc-18c"/>
      </symbol>
      <symbol id="sm-315">
         <name>__aeabi_ctype_table_</name>
         <value>0x4220</value>
         <object_component_ref idref="oc-259"/>
      </symbol>
      <symbol id="sm-316">
         <name>__aeabi_ctype_table_C</name>
         <value>0x4220</value>
         <object_component_ref idref="oc-259"/>
      </symbol>
      <symbol id="sm-321">
         <name>__aeabi_errno_addr</name>
         <value>0x41f1</value>
         <object_component_ref idref="oc-216"/>
      </symbol>
      <symbol id="sm-322">
         <name>__aeabi_errno</name>
         <value>0x202005a8</value>
         <object_component_ref idref="oc-260"/>
      </symbol>
      <symbol id="sm-32c">
         <name>abort</name>
         <value>0x4207</value>
         <object_component_ref idref="oc-de"/>
      </symbol>
      <symbol id="sm-336">
         <name>__TI_ltoa</name>
         <value>0x37d1</value>
         <object_component_ref idref="oc-272"/>
      </symbol>
      <symbol id="sm-342">
         <name>memccpy</name>
         <value>0x3f71</value>
         <object_component_ref idref="oc-207"/>
      </symbol>
      <symbol id="sm-34f">
         <name>frexp</name>
         <value>0x3775</value>
         <object_component_ref idref="oc-26a"/>
      </symbol>
      <symbol id="sm-350">
         <name>frexpl</name>
         <value>0x3775</value>
         <object_component_ref idref="oc-26a"/>
      </symbol>
      <symbol id="sm-35a">
         <name>scalbn</name>
         <value>0x2a5d</value>
         <object_component_ref idref="oc-26e"/>
      </symbol>
      <symbol id="sm-35b">
         <name>ldexp</name>
         <value>0x2a5d</value>
         <object_component_ref idref="oc-26e"/>
      </symbol>
      <symbol id="sm-35c">
         <name>scalbnl</name>
         <value>0x2a5d</value>
         <object_component_ref idref="oc-26e"/>
      </symbol>
      <symbol id="sm-35d">
         <name>ldexpl</name>
         <value>0x2a5d</value>
         <object_component_ref idref="oc-26e"/>
      </symbol>
      <symbol id="sm-366">
         <name>wcslen</name>
         <value>0x4135</value>
         <object_component_ref idref="oc-212"/>
      </symbol>
      <symbol id="sm-375">
         <name>HOSTexit</name>
         <value>0x420d</value>
         <object_component_ref idref="oc-14e"/>
      </symbol>
      <symbol id="sm-376">
         <name>C$$EXIT</name>
         <value>0x420c</value>
         <object_component_ref idref="oc-14e"/>
      </symbol>
      <symbol id="sm-38b">
         <name>__aeabi_fadd</name>
         <value>0x2b3f</value>
         <object_component_ref idref="oc-1a1"/>
      </symbol>
      <symbol id="sm-38c">
         <name>__addsf3</name>
         <value>0x2b3f</value>
         <object_component_ref idref="oc-1a1"/>
      </symbol>
      <symbol id="sm-38d">
         <name>__aeabi_fsub</name>
         <value>0x2b35</value>
         <object_component_ref idref="oc-1a1"/>
      </symbol>
      <symbol id="sm-38e">
         <name>__subsf3</name>
         <value>0x2b35</value>
         <object_component_ref idref="oc-1a1"/>
      </symbol>
      <symbol id="sm-394">
         <name>__aeabi_dadd</name>
         <value>0x1543</value>
         <object_component_ref idref="oc-11c"/>
      </symbol>
      <symbol id="sm-395">
         <name>__adddf3</name>
         <value>0x1543</value>
         <object_component_ref idref="oc-11c"/>
      </symbol>
      <symbol id="sm-396">
         <name>__aeabi_dsub</name>
         <value>0x1539</value>
         <object_component_ref idref="oc-11c"/>
      </symbol>
      <symbol id="sm-397">
         <name>__subdf3</name>
         <value>0x1539</value>
         <object_component_ref idref="oc-11c"/>
      </symbol>
      <symbol id="sm-3a0">
         <name>__aeabi_dmul</name>
         <value>0x2535</value>
         <object_component_ref idref="oc-17d"/>
      </symbol>
      <symbol id="sm-3a1">
         <name>__muldf3</name>
         <value>0x2535</value>
         <object_component_ref idref="oc-17d"/>
      </symbol>
      <symbol id="sm-3a7">
         <name>__muldsi3</name>
         <value>0x3cfd</value>
         <object_component_ref idref="oc-1f8"/>
      </symbol>
      <symbol id="sm-3ad">
         <name>__aeabi_fmul</name>
         <value>0x2fcd</value>
         <object_component_ref idref="oc-1a5"/>
      </symbol>
      <symbol id="sm-3ae">
         <name>__mulsf3</name>
         <value>0x2fcd</value>
         <object_component_ref idref="oc-1a5"/>
      </symbol>
      <symbol id="sm-3b4">
         <name>__aeabi_fdiv</name>
         <value>0x3165</value>
         <object_component_ref idref="oc-23c"/>
      </symbol>
      <symbol id="sm-3b5">
         <name>__divsf3</name>
         <value>0x3165</value>
         <object_component_ref idref="oc-23c"/>
      </symbol>
      <symbol id="sm-3bb">
         <name>__aeabi_ddiv</name>
         <value>0x1e75</value>
         <object_component_ref idref="oc-120"/>
      </symbol>
      <symbol id="sm-3bc">
         <name>__divdf3</name>
         <value>0x1e75</value>
         <object_component_ref idref="oc-120"/>
      </symbol>
      <symbol id="sm-3c2">
         <name>__aeabi_d2iz</name>
         <value>0x3a1d</value>
         <object_component_ref idref="oc-175"/>
      </symbol>
      <symbol id="sm-3c3">
         <name>__fixdfsi</name>
         <value>0x3a1d</value>
         <object_component_ref idref="oc-175"/>
      </symbol>
      <symbol id="sm-3c9">
         <name>__aeabi_f2iz</name>
         <value>0x3d39</value>
         <object_component_ref idref="oc-1a9"/>
      </symbol>
      <symbol id="sm-3ca">
         <name>__fixsfsi</name>
         <value>0x3d39</value>
         <object_component_ref idref="oc-1a9"/>
      </symbol>
      <symbol id="sm-3d0">
         <name>__aeabi_i2d</name>
         <value>0x3e3d</value>
         <object_component_ref idref="oc-179"/>
      </symbol>
      <symbol id="sm-3d1">
         <name>__floatsidf</name>
         <value>0x3e3d</value>
         <object_component_ref idref="oc-179"/>
      </symbol>
      <symbol id="sm-3d7">
         <name>__aeabi_i2f</name>
         <value>0x3c85</value>
         <object_component_ref idref="oc-19d"/>
      </symbol>
      <symbol id="sm-3d8">
         <name>__floatsisf</name>
         <value>0x3c85</value>
         <object_component_ref idref="oc-19d"/>
      </symbol>
      <symbol id="sm-3de">
         <name>__aeabi_ui2d</name>
         <value>0x3f29</value>
         <object_component_ref idref="oc-118"/>
      </symbol>
      <symbol id="sm-3df">
         <name>__floatunsidf</name>
         <value>0x3f29</value>
         <object_component_ref idref="oc-118"/>
      </symbol>
      <symbol id="sm-3e5">
         <name>__aeabi_lmul</name>
         <value>0x3f4d</value>
         <object_component_ref idref="oc-21b"/>
      </symbol>
      <symbol id="sm-3e6">
         <name>__muldi3</name>
         <value>0x3f4d</value>
         <object_component_ref idref="oc-21b"/>
      </symbol>
      <symbol id="sm-3ec">
         <name>__aeabi_dcmpeq</name>
         <value>0x3651</value>
         <object_component_ref idref="oc-181"/>
      </symbol>
      <symbol id="sm-3ed">
         <name>__aeabi_dcmplt</name>
         <value>0x3665</value>
         <object_component_ref idref="oc-181"/>
      </symbol>
      <symbol id="sm-3ee">
         <name>__aeabi_dcmple</name>
         <value>0x3679</value>
         <object_component_ref idref="oc-181"/>
      </symbol>
      <symbol id="sm-3ef">
         <name>__aeabi_dcmpge</name>
         <value>0x368d</value>
         <object_component_ref idref="oc-181"/>
      </symbol>
      <symbol id="sm-3f0">
         <name>__aeabi_dcmpgt</name>
         <value>0x36a1</value>
         <object_component_ref idref="oc-181"/>
      </symbol>
      <symbol id="sm-3f6">
         <name>__aeabi_idiv</name>
         <value>0x3881</value>
         <object_component_ref idref="oc-295"/>
      </symbol>
      <symbol id="sm-3f7">
         <name>__aeabi_idivmod</name>
         <value>0x3881</value>
         <object_component_ref idref="oc-295"/>
      </symbol>
      <symbol id="sm-3fd">
         <name>__aeabi_memcpy</name>
         <value>0x41f9</value>
         <object_component_ref idref="oc-4a"/>
      </symbol>
      <symbol id="sm-3fe">
         <name>__aeabi_memcpy4</name>
         <value>0x41f9</value>
         <object_component_ref idref="oc-4a"/>
      </symbol>
      <symbol id="sm-3ff">
         <name>__aeabi_memcpy8</name>
         <value>0x41f9</value>
         <object_component_ref idref="oc-4a"/>
      </symbol>
      <symbol id="sm-408">
         <name>__aeabi_memset</name>
         <value>0x4155</value>
         <object_component_ref idref="oc-206"/>
      </symbol>
      <symbol id="sm-409">
         <name>__aeabi_memset4</name>
         <value>0x4155</value>
         <object_component_ref idref="oc-206"/>
      </symbol>
      <symbol id="sm-40a">
         <name>__aeabi_memset8</name>
         <value>0x4155</value>
         <object_component_ref idref="oc-206"/>
      </symbol>
      <symbol id="sm-40b">
         <name>__aeabi_memclr</name>
         <value>0x41a1</value>
         <object_component_ref idref="oc-72"/>
      </symbol>
      <symbol id="sm-40c">
         <name>__aeabi_memclr4</name>
         <value>0x41a1</value>
         <object_component_ref idref="oc-72"/>
      </symbol>
      <symbol id="sm-40d">
         <name>__aeabi_memclr8</name>
         <value>0x41a1</value>
         <object_component_ref idref="oc-72"/>
      </symbol>
      <symbol id="sm-413">
         <name>__aeabi_uidiv</name>
         <value>0x3c05</value>
         <object_component_ref idref="oc-114"/>
      </symbol>
      <symbol id="sm-414">
         <name>__aeabi_uidivmod</name>
         <value>0x3c05</value>
         <object_component_ref idref="oc-114"/>
      </symbol>
      <symbol id="sm-41a">
         <name>__aeabi_uldivmod</name>
         <value>0x40c9</value>
         <object_component_ref idref="oc-220"/>
      </symbol>
      <symbol id="sm-420">
         <name>__udivmoddi4</name>
         <value>0x2d71</value>
         <object_component_ref idref="oc-265"/>
      </symbol>
      <symbol id="sm-426">
         <name>__aeabi_llsl</name>
         <value>0x3ff1</value>
         <object_component_ref idref="oc-28a"/>
      </symbol>
      <symbol id="sm-427">
         <name>__ashldi3</name>
         <value>0x3ff1</value>
         <object_component_ref idref="oc-28a"/>
      </symbol>
      <symbol id="sm-435">
         <name>__ledf2</name>
         <value>0x3581</value>
         <object_component_ref idref="oc-1fd"/>
      </symbol>
      <symbol id="sm-436">
         <name>__gedf2</name>
         <value>0x33c5</value>
         <object_component_ref idref="oc-203"/>
      </symbol>
      <symbol id="sm-437">
         <name>__cmpdf2</name>
         <value>0x3581</value>
         <object_component_ref idref="oc-1fd"/>
      </symbol>
      <symbol id="sm-438">
         <name>__eqdf2</name>
         <value>0x3581</value>
         <object_component_ref idref="oc-1fd"/>
      </symbol>
      <symbol id="sm-439">
         <name>__ltdf2</name>
         <value>0x3581</value>
         <object_component_ref idref="oc-1fd"/>
      </symbol>
      <symbol id="sm-43a">
         <name>__nedf2</name>
         <value>0x3581</value>
         <object_component_ref idref="oc-1fd"/>
      </symbol>
      <symbol id="sm-43b">
         <name>__gtdf2</name>
         <value>0x33c5</value>
         <object_component_ref idref="oc-203"/>
      </symbol>
      <symbol id="sm-447">
         <name>__aeabi_idiv0</name>
         <value>0x31e7</value>
         <object_component_ref idref="oc-18d"/>
      </symbol>
      <symbol id="sm-448">
         <name>__aeabi_ldiv0</name>
         <value>0x364f</value>
         <object_component_ref idref="oc-289"/>
      </symbol>
      <symbol id="sm-462">
         <name>memcpy</name>
         <value>0x2e13</value>
         <object_component_ref idref="oc-9f"/>
      </symbol>
      <symbol id="sm-471">
         <name>memset</name>
         <value>0x36b3</value>
         <object_component_ref idref="oc-101"/>
      </symbol>
      <symbol id="sm-472">
         <name>__TI_static_base__</name>
         <value>0x0</value>
      </symbol>
      <symbol id="sm-476">
         <name>__mpu_init</name>
         <value>0x0</value>
      </symbol>
      <symbol id="sm-477">
         <name>_system_post_cinit</name>
         <value>0x0</value>
      </symbol>
   </symbol_table>
   <title>Link successful</title>
</link_info>
