<?xml version="1.0" encoding="ISO-8859-1" ?>
<link_info>
   <banner>TI ARM Clang Linker PC v4.0.3.LTS</banner>
   <copyright>Copyright (c) 1996-2018 Texas Instruments Incorporated</copyright>
   <command_line>D:\TI\CCS\ccs\tools\compiler\ti-cgt-armllvm_4.0.3.LTS\bin\tiarmlnk -ID:\TI\CCS\ccs\tools\compiler\ti-cgt-armllvm_4.0.3.LTS\lib -o Competition_415.out -mCompetition_415.map -iC:/TI/mspm0_sdk_2_05_00_05/source -iC:/Users/33253/workspace_ccstheia/Competition_415/Debug/syscfg -iD:/TI/CCS/ccs/tools/compiler/ti-cgt-armllvm_4.0.3.LTS/lib --diag_wrap=off --display_error_number --warn_sections --xml_link_info=Competition_415_linkInfo.xml --rom_model ./empty.o ./syscfg/ti_msp_dl_config.o ./startup_mspm0g350x_ticlang.o ./BSP/Buzzer/buzzer.o ./BSP/Eight_Tracking/ADC.o ./BSP/Eight_Tracking/IIC.o ./BSP/Eight_Tracking/No_Mcu_Ganv_Grayscale_Sensor.o ./BSP/Eight_Tracking/app_irtracking.o ./BSP/Key/key.o ./BSP/LED/led.o ./BSP/Motor/app_motor.o ./BSP/Motor/app_motor_usart.o ./BSP/Motor/bsp_motor_usart.o ./BSP/Questions/questions.o ./BSP/Servo/servo.o ./BSP/Servo/servo_usart.o ./BSP/TB6612/tb6612.o ./BSP/Task/task.o ./BSP/Timer/timer.o ./BSP/delay.o ./BSP/usart.o -lsyscfg/device_linker.cmd -ldevice.cmd.genlibs -llibc.a --start-group -llibc++.a -llibc++abi.a -llibc.a -llibsys.a -llibsysbm.a -llibclang_rt.builtins.a -llibclang_rt.profile.a --end-group --cg_opt_level=2</command_line>
   <link_time>0x688ddaa1</link_time>
   <link_errors>0x0</link_errors>
   <output_file>C:\Users\33253\workspace_ccstheia\Competition_415\Debug\Competition_415.out</output_file>
   <entry_point>
      <name>_c_int00_noargs</name>
      <address>0x3b91</address>
   </entry_point>
   <input_file_list>
      <input_file id="fl-1">
         <path>C:\Users\33253\workspace_ccstheia\Competition_415\Debug\.\</path>
         <kind>object</kind>
         <file>empty.o</file>
         <name>empty.o</name>
      </input_file>
      <input_file id="fl-2">
         <path>C:\Users\33253\workspace_ccstheia\Competition_415\Debug\.\syscfg\</path>
         <kind>object</kind>
         <file>ti_msp_dl_config.o</file>
         <name>ti_msp_dl_config.o</name>
      </input_file>
      <input_file id="fl-3">
         <path>C:\Users\33253\workspace_ccstheia\Competition_415\Debug\.\</path>
         <kind>object</kind>
         <file>startup_mspm0g350x_ticlang.o</file>
         <name>startup_mspm0g350x_ticlang.o</name>
      </input_file>
      <input_file id="fl-4">
         <path>C:\Users\33253\workspace_ccstheia\Competition_415\Debug\.\BSP\Buzzer\</path>
         <kind>object</kind>
         <file>buzzer.o</file>
         <name>buzzer.o</name>
      </input_file>
      <input_file id="fl-5">
         <path>C:\Users\33253\workspace_ccstheia\Competition_415\Debug\.\BSP\Eight_Tracking\</path>
         <kind>object</kind>
         <file>ADC.o</file>
         <name>ADC.o</name>
      </input_file>
      <input_file id="fl-6">
         <path>C:\Users\33253\workspace_ccstheia\Competition_415\Debug\.\BSP\Eight_Tracking\</path>
         <kind>object</kind>
         <file>IIC.o</file>
         <name>IIC.o</name>
      </input_file>
      <input_file id="fl-7">
         <path>C:\Users\33253\workspace_ccstheia\Competition_415\Debug\.\BSP\Eight_Tracking\</path>
         <kind>object</kind>
         <file>No_Mcu_Ganv_Grayscale_Sensor.o</file>
         <name>No_Mcu_Ganv_Grayscale_Sensor.o</name>
      </input_file>
      <input_file id="fl-8">
         <path>C:\Users\33253\workspace_ccstheia\Competition_415\Debug\.\BSP\Eight_Tracking\</path>
         <kind>object</kind>
         <file>app_irtracking.o</file>
         <name>app_irtracking.o</name>
      </input_file>
      <input_file id="fl-9">
         <path>C:\Users\33253\workspace_ccstheia\Competition_415\Debug\.\BSP\Key\</path>
         <kind>object</kind>
         <file>key.o</file>
         <name>key.o</name>
      </input_file>
      <input_file id="fl-a">
         <path>C:\Users\33253\workspace_ccstheia\Competition_415\Debug\.\BSP\LED\</path>
         <kind>object</kind>
         <file>led.o</file>
         <name>led.o</name>
      </input_file>
      <input_file id="fl-b">
         <path>C:\Users\33253\workspace_ccstheia\Competition_415\Debug\.\BSP\Motor\</path>
         <kind>object</kind>
         <file>app_motor.o</file>
         <name>app_motor.o</name>
      </input_file>
      <input_file id="fl-c">
         <path>C:\Users\33253\workspace_ccstheia\Competition_415\Debug\.\BSP\Motor\</path>
         <kind>object</kind>
         <file>app_motor_usart.o</file>
         <name>app_motor_usart.o</name>
      </input_file>
      <input_file id="fl-d">
         <path>C:\Users\33253\workspace_ccstheia\Competition_415\Debug\.\BSP\Motor\</path>
         <kind>object</kind>
         <file>bsp_motor_usart.o</file>
         <name>bsp_motor_usart.o</name>
      </input_file>
      <input_file id="fl-e">
         <path>C:\Users\33253\workspace_ccstheia\Competition_415\Debug\.\BSP\Questions\</path>
         <kind>object</kind>
         <file>questions.o</file>
         <name>questions.o</name>
      </input_file>
      <input_file id="fl-f">
         <path>C:\Users\33253\workspace_ccstheia\Competition_415\Debug\.\BSP\Servo\</path>
         <kind>object</kind>
         <file>servo.o</file>
         <name>servo.o</name>
      </input_file>
      <input_file id="fl-10">
         <path>C:\Users\33253\workspace_ccstheia\Competition_415\Debug\.\BSP\Servo\</path>
         <kind>object</kind>
         <file>servo_usart.o</file>
         <name>servo_usart.o</name>
      </input_file>
      <input_file id="fl-11">
         <path>C:\Users\33253\workspace_ccstheia\Competition_415\Debug\.\BSP\TB6612\</path>
         <kind>object</kind>
         <file>tb6612.o</file>
         <name>tb6612.o</name>
      </input_file>
      <input_file id="fl-12">
         <path>C:\Users\33253\workspace_ccstheia\Competition_415\Debug\.\BSP\Task\</path>
         <kind>object</kind>
         <file>task.o</file>
         <name>task.o</name>
      </input_file>
      <input_file id="fl-13">
         <path>C:\Users\33253\workspace_ccstheia\Competition_415\Debug\.\BSP\Timer\</path>
         <kind>object</kind>
         <file>timer.o</file>
         <name>timer.o</name>
      </input_file>
      <input_file id="fl-14">
         <path>C:\Users\33253\workspace_ccstheia\Competition_415\Debug\.\BSP\</path>
         <kind>object</kind>
         <file>delay.o</file>
         <name>delay.o</name>
      </input_file>
      <input_file id="fl-15">
         <path>C:\Users\33253\workspace_ccstheia\Competition_415\Debug\.\BSP\</path>
         <kind>object</kind>
         <file>usart.o</file>
         <name>usart.o</name>
      </input_file>
      <input_file id="fl-22">
         <path>C:\Users\33253\workspace_ccstheia\Competition_415\Debug\</path>
         <kind>object</kind>
         <file>&lt;internal&gt;</file>
         <name>&lt;internal&gt;</name>
      </input_file>
      <input_file id="fl-23">
         <path>C:\TI\mspm0_sdk_2_05_00_05\source\ti\driverlib\lib\ticlang\m0p\mspm0g1x0x_g3x0x\</path>
         <kind>archive</kind>
         <file>driverlib.a</file>
         <name>dl_adc12.o</name>
      </input_file>
      <input_file id="fl-24">
         <path>C:\TI\mspm0_sdk_2_05_00_05\source\ti\driverlib\lib\ticlang\m0p\mspm0g1x0x_g3x0x\</path>
         <kind>archive</kind>
         <file>driverlib.a</file>
         <name>dl_common.o</name>
      </input_file>
      <input_file id="fl-25">
         <path>C:\TI\mspm0_sdk_2_05_00_05\source\ti\driverlib\lib\ticlang\m0p\mspm0g1x0x_g3x0x\</path>
         <kind>archive</kind>
         <file>driverlib.a</file>
         <name>dl_i2c.o</name>
      </input_file>
      <input_file id="fl-26">
         <path>C:\TI\mspm0_sdk_2_05_00_05\source\ti\driverlib\lib\ticlang\m0p\mspm0g1x0x_g3x0x\</path>
         <kind>archive</kind>
         <file>driverlib.a</file>
         <name>dl_timer.o</name>
      </input_file>
      <input_file id="fl-27">
         <path>C:\TI\mspm0_sdk_2_05_00_05\source\ti\driverlib\lib\ticlang\m0p\mspm0g1x0x_g3x0x\</path>
         <kind>archive</kind>
         <file>driverlib.a</file>
         <name>dl_uart.o</name>
      </input_file>
      <input_file id="fl-28">
         <path>C:\TI\mspm0_sdk_2_05_00_05\source\ti\driverlib\lib\ticlang\m0p\mspm0g1x0x_g3x0x\</path>
         <kind>archive</kind>
         <file>driverlib.a</file>
         <name>dl_sysctl_mspm0g1x0x_g3x0x.o</name>
      </input_file>
      <input_file id="fl-3f">
         <path>D:\TI\CCS\ccs\tools\compiler\ti-cgt-armllvm_4.0.3.LTS\lib\armv6m-ti-none-eabi\c\</path>
         <kind>archive</kind>
         <file>libc.a</file>
         <name>sprintf.c.obj</name>
      </input_file>
      <input_file id="fl-40">
         <path>D:\TI\CCS\ccs\tools\compiler\ti-cgt-armllvm_4.0.3.LTS\lib\armv6m-ti-none-eabi\c\</path>
         <kind>archive</kind>
         <file>libc.a</file>
         <name>s_atan.c.obj</name>
      </input_file>
      <input_file id="fl-41">
         <path>D:\TI\CCS\ccs\tools\compiler\ti-cgt-armllvm_4.0.3.LTS\lib\armv6m-ti-none-eabi\c\</path>
         <kind>archive</kind>
         <file>libc.a</file>
         <name>s_roundf.c.obj</name>
      </input_file>
      <input_file id="fl-42">
         <path>D:\TI\CCS\ccs\tools\compiler\ti-cgt-armllvm_4.0.3.LTS\lib\armv6m-ti-none-eabi\c\</path>
         <kind>archive</kind>
         <file>libc.a</file>
         <name>atoi.c.obj</name>
      </input_file>
      <input_file id="fl-43">
         <path>D:\TI\CCS\ccs\tools\compiler\ti-cgt-armllvm_4.0.3.LTS\lib\armv6m-ti-none-eabi\c\</path>
         <kind>archive</kind>
         <file>libc.a</file>
         <name>strtok.c.obj</name>
      </input_file>
      <input_file id="fl-44">
         <path>D:\TI\CCS\ccs\tools\compiler\ti-cgt-armllvm_4.0.3.LTS\lib\armv6m-ti-none-eabi\c\</path>
         <kind>archive</kind>
         <file>libc.a</file>
         <name>boot_cortex_m.c.obj</name>
      </input_file>
      <input_file id="fl-45">
         <path>D:\TI\CCS\ccs\tools\compiler\ti-cgt-armllvm_4.0.3.LTS\lib\armv6m-ti-none-eabi\c\</path>
         <kind>archive</kind>
         <file>libc.a</file>
         <name>mathacl_init.c.obj</name>
      </input_file>
      <input_file id="fl-46">
         <path>D:\TI\CCS\ccs\tools\compiler\ti-cgt-armllvm_4.0.3.LTS\lib\armv6m-ti-none-eabi\c\</path>
         <kind>archive</kind>
         <file>libc.a</file>
         <name>autoinit.c.obj</name>
      </input_file>
      <input_file id="fl-47">
         <path>D:\TI\CCS\ccs\tools\compiler\ti-cgt-armllvm_4.0.3.LTS\lib\armv6m-ti-none-eabi\c\</path>
         <kind>archive</kind>
         <file>libc.a</file>
         <name>pre_init.c.obj</name>
      </input_file>
      <input_file id="fl-48">
         <path>D:\TI\CCS\ccs\tools\compiler\ti-cgt-armllvm_4.0.3.LTS\lib\armv6m-ti-none-eabi\c\</path>
         <kind>archive</kind>
         <file>libc.a</file>
         <name>cpy_tbl.c.obj</name>
      </input_file>
      <input_file id="fl-49">
         <path>D:\TI\CCS\ccs\tools\compiler\ti-cgt-armllvm_4.0.3.LTS\lib\armv6m-ti-none-eabi\c\</path>
         <kind>archive</kind>
         <file>libc.a</file>
         <name>copy_zero_init.c.obj</name>
      </input_file>
      <input_file id="fl-4a">
         <path>D:\TI\CCS\ccs\tools\compiler\ti-cgt-armllvm_4.0.3.LTS\lib\armv6m-ti-none-eabi\c\</path>
         <kind>archive</kind>
         <file>libc.a</file>
         <name>copy_decompress_none.c.obj</name>
      </input_file>
      <input_file id="fl-4b">
         <path>D:\TI\CCS\ccs\tools\compiler\ti-cgt-armllvm_4.0.3.LTS\lib\armv6m-ti-none-eabi\c\</path>
         <kind>archive</kind>
         <file>libc.a</file>
         <name>copy_decompress_lzss.c.obj</name>
      </input_file>
      <input_file id="fl-4c">
         <path>D:\TI\CCS\ccs\tools\compiler\ti-cgt-armllvm_4.0.3.LTS\lib\armv6m-ti-none-eabi\c\</path>
         <kind>archive</kind>
         <file>libc.a</file>
         <name>_printfi.c.obj</name>
      </input_file>
      <input_file id="fl-4d">
         <path>D:\TI\CCS\ccs\tools\compiler\ti-cgt-armllvm_4.0.3.LTS\lib\armv6m-ti-none-eabi\c\</path>
         <kind>archive</kind>
         <file>libc.a</file>
         <name>s_frexp.c.obj</name>
      </input_file>
      <input_file id="fl-4e">
         <path>D:\TI\CCS\ccs\tools\compiler\ti-cgt-armllvm_4.0.3.LTS\lib\armv6m-ti-none-eabi\c\</path>
         <kind>archive</kind>
         <file>libc.a</file>
         <name>s_scalbn.c.obj</name>
      </input_file>
      <input_file id="fl-4f">
         <path>D:\TI\CCS\ccs\tools\compiler\ti-cgt-armllvm_4.0.3.LTS\lib\armv6m-ti-none-eabi\c\</path>
         <kind>archive</kind>
         <file>libc.a</file>
         <name>s_floorf.c.obj</name>
      </input_file>
      <input_file id="fl-50">
         <path>D:\TI\CCS\ccs\tools\compiler\ti-cgt-armllvm_4.0.3.LTS\lib\armv6m-ti-none-eabi\c\</path>
         <kind>archive</kind>
         <file>libc.a</file>
         <name>wcslen.c.obj</name>
      </input_file>
      <input_file id="fl-51">
         <path>D:\TI\CCS\ccs\tools\compiler\ti-cgt-armllvm_4.0.3.LTS\lib\armv6m-ti-none-eabi\c\</path>
         <kind>archive</kind>
         <file>libc.a</file>
         <name>aeabi_ctype.S.obj</name>
      </input_file>
      <input_file id="fl-52">
         <path>D:\TI\CCS\ccs\tools\compiler\ti-cgt-armllvm_4.0.3.LTS\lib\armv6m-ti-none-eabi\c\</path>
         <kind>archive</kind>
         <file>libc.a</file>
         <name>aeabi_portable.c.obj</name>
      </input_file>
      <input_file id="fl-53">
         <path>D:\TI\CCS\ccs\tools\compiler\ti-cgt-armllvm_4.0.3.LTS\lib\armv6m-ti-none-eabi\c\</path>
         <kind>archive</kind>
         <file>libc.a</file>
         <name>exit.c.obj</name>
      </input_file>
      <input_file id="fl-54">
         <path>D:\TI\CCS\ccs\tools\compiler\ti-cgt-armllvm_4.0.3.LTS\lib\armv6m-ti-none-eabi\c\</path>
         <kind>archive</kind>
         <file>libc.a</file>
         <name>_lock.c.obj</name>
      </input_file>
      <input_file id="fl-55">
         <path>D:\TI\CCS\ccs\tools\compiler\ti-cgt-armllvm_4.0.3.LTS\lib\armv6m-ti-none-eabi\c\</path>
         <kind>archive</kind>
         <file>libc.a</file>
         <name>_ltoa.c.obj</name>
      </input_file>
      <input_file id="fl-56">
         <path>D:\TI\CCS\ccs\tools\compiler\ti-cgt-armllvm_4.0.3.LTS\lib\armv6m-ti-none-eabi\c\</path>
         <kind>archive</kind>
         <file>libc.a</file>
         <name>args_main.c.obj</name>
      </input_file>
      <input_file id="fl-57">
         <path>D:\TI\CCS\ccs\tools\compiler\ti-cgt-armllvm_4.0.3.LTS\lib\armv6m-ti-none-eabi\c\</path>
         <kind>archive</kind>
         <file>libc.a</file>
         <name>assert.c.obj</name>
      </input_file>
      <input_file id="fl-58">
         <path>D:\TI\CCS\ccs\tools\compiler\ti-cgt-armllvm_4.0.3.LTS\lib\armv6m-ti-none-eabi\c\</path>
         <kind>archive</kind>
         <file>libc.a</file>
         <name>defs.c.obj</name>
      </input_file>
      <input_file id="fl-59">
         <path>D:\TI\CCS\ccs\tools\compiler\ti-cgt-armllvm_4.0.3.LTS\lib\armv6m-ti-none-eabi\c\</path>
         <kind>archive</kind>
         <file>libc.a</file>
         <name>memccpy.c.obj</name>
      </input_file>
      <input_file id="fl-5a">
         <path>D:\TI\CCS\ccs\tools\compiler\ti-cgt-armllvm_4.0.3.LTS\lib\armv6m-ti-none-eabi\c\</path>
         <kind>archive</kind>
         <file>libc.a</file>
         <name>memory.c.obj</name>
      </input_file>
      <input_file id="fl-5b">
         <path>D:\TI\CCS\ccs\tools\compiler\ti-cgt-armllvm_4.0.3.LTS\lib\armv6m-ti-none-eabi\c\</path>
         <kind>archive</kind>
         <file>libc.a</file>
         <name>strcspn.c.obj</name>
      </input_file>
      <input_file id="fl-5c">
         <path>D:\TI\CCS\ccs\tools\compiler\ti-cgt-armllvm_4.0.3.LTS\lib\armv6m-ti-none-eabi\c\</path>
         <kind>archive</kind>
         <file>libc.a</file>
         <name>strspn.c.obj</name>
      </input_file>
      <input_file id="fl-5d">
         <path>D:\TI\CCS\ccs\tools\compiler\ti-cgt-armllvm_4.0.3.LTS\lib\armv6m-ti-none-eabi\c\</path>
         <kind>archive</kind>
         <file>libc.a</file>
         <name>fflush.c.obj</name>
      </input_file>
      <input_file id="fl-5e">
         <path>D:\TI\CCS\ccs\tools\compiler\ti-cgt-armllvm_4.0.3.LTS\lib\armv6m-ti-none-eabi\c\</path>
         <kind>archive</kind>
         <file>libc.a</file>
         <name>fputs.c.obj</name>
      </input_file>
      <input_file id="fl-5f">
         <path>D:\TI\CCS\ccs\tools\compiler\ti-cgt-armllvm_4.0.3.LTS\lib\armv6m-ti-none-eabi\c\</path>
         <kind>archive</kind>
         <file>libc.a</file>
         <name>_io_perm.c.obj</name>
      </input_file>
      <input_file id="fl-60">
         <path>D:\TI\CCS\ccs\tools\compiler\ti-cgt-armllvm_4.0.3.LTS\lib\armv6m-ti-none-eabi\c\</path>
         <kind>archive</kind>
         <file>libc.a</file>
         <name>setvbuf.c.obj</name>
      </input_file>
      <input_file id="fl-61">
         <path>D:\TI\CCS\ccs\tools\compiler\ti-cgt-armllvm_4.0.3.LTS\lib\armv6m-ti-none-eabi\c\</path>
         <kind>archive</kind>
         <file>libc.a</file>
         <name>fopen.c.obj</name>
      </input_file>
      <input_file id="fl-62">
         <path>D:\TI\CCS\ccs\tools\compiler\ti-cgt-armllvm_4.0.3.LTS\lib\armv6m-ti-none-eabi\c\</path>
         <kind>archive</kind>
         <file>libc.a</file>
         <name>fseek.c.obj</name>
      </input_file>
      <input_file id="fl-63">
         <path>D:\TI\CCS\ccs\tools\compiler\ti-cgt-armllvm_4.0.3.LTS\lib\armv6m-ti-none-eabi\c\</path>
         <kind>archive</kind>
         <file>libc.a</file>
         <name>fclose.c.obj</name>
      </input_file>
      <input_file id="fl-103">
         <path>D:\TI\CCS\ccs\tools\compiler\ti-cgt-armllvm_4.0.3.LTS\lib\armv6m-ti-none-eabi\c\</path>
         <kind>archive</kind>
         <file>libsysbm.a</file>
         <name>hostexit.c.obj</name>
      </input_file>
      <input_file id="fl-104">
         <path>D:\TI\CCS\ccs\tools\compiler\ti-cgt-armllvm_4.0.3.LTS\lib\armv6m-ti-none-eabi\c\</path>
         <kind>archive</kind>
         <file>libsysbm.a</file>
         <name>write.c.obj</name>
      </input_file>
      <input_file id="fl-105">
         <path>D:\TI\CCS\ccs\tools\compiler\ti-cgt-armllvm_4.0.3.LTS\lib\armv6m-ti-none-eabi\c\</path>
         <kind>archive</kind>
         <file>libsysbm.a</file>
         <name>host_device.c.obj</name>
      </input_file>
      <input_file id="fl-106">
         <path>D:\TI\CCS\ccs\tools\compiler\ti-cgt-armllvm_4.0.3.LTS\lib\armv6m-ti-none-eabi\c\</path>
         <kind>archive</kind>
         <file>libsysbm.a</file>
         <name>remove.c.obj</name>
      </input_file>
      <input_file id="fl-107">
         <path>D:\TI\CCS\ccs\tools\compiler\ti-cgt-armllvm_4.0.3.LTS\lib\armv6m-ti-none-eabi\c\</path>
         <kind>archive</kind>
         <file>libsysbm.a</file>
         <name>open.c.obj</name>
      </input_file>
      <input_file id="fl-108">
         <path>D:\TI\CCS\ccs\tools\compiler\ti-cgt-armllvm_4.0.3.LTS\lib\armv6m-ti-none-eabi\c\</path>
         <kind>archive</kind>
         <file>libsysbm.a</file>
         <name>lseek.c.obj</name>
      </input_file>
      <input_file id="fl-109">
         <path>D:\TI\CCS\ccs\tools\compiler\ti-cgt-armllvm_4.0.3.LTS\lib\armv6m-ti-none-eabi\c\</path>
         <kind>archive</kind>
         <file>libsysbm.a</file>
         <name>close.c.obj</name>
      </input_file>
      <input_file id="fl-10a">
         <path>D:\TI\CCS\ccs\tools\compiler\ti-cgt-armllvm_4.0.3.LTS\lib\armv6m-ti-none-eabi\c\</path>
         <kind>archive</kind>
         <file>libsysbm.a</file>
         <name>unlink.c.obj</name>
      </input_file>
      <input_file id="fl-10b">
         <path>D:\TI\CCS\ccs\tools\compiler\ti-cgt-armllvm_4.0.3.LTS\lib\armv6m-ti-none-eabi\c\</path>
         <kind>archive</kind>
         <file>libsysbm.a</file>
         <name>hostclose.c.obj</name>
      </input_file>
      <input_file id="fl-10c">
         <path>D:\TI\CCS\ccs\tools\compiler\ti-cgt-armllvm_4.0.3.LTS\lib\armv6m-ti-none-eabi\c\</path>
         <kind>archive</kind>
         <file>libsysbm.a</file>
         <name>hostlseek.c.obj</name>
      </input_file>
      <input_file id="fl-10d">
         <path>D:\TI\CCS\ccs\tools\compiler\ti-cgt-armllvm_4.0.3.LTS\lib\armv6m-ti-none-eabi\c\</path>
         <kind>archive</kind>
         <file>libsysbm.a</file>
         <name>hostopen.c.obj</name>
      </input_file>
      <input_file id="fl-10e">
         <path>D:\TI\CCS\ccs\tools\compiler\ti-cgt-armllvm_4.0.3.LTS\lib\armv6m-ti-none-eabi\c\</path>
         <kind>archive</kind>
         <file>libsysbm.a</file>
         <name>hostread.c.obj</name>
      </input_file>
      <input_file id="fl-10f">
         <path>D:\TI\CCS\ccs\tools\compiler\ti-cgt-armllvm_4.0.3.LTS\lib\armv6m-ti-none-eabi\c\</path>
         <kind>archive</kind>
         <file>libsysbm.a</file>
         <name>hostrename.c.obj</name>
      </input_file>
      <input_file id="fl-110">
         <path>D:\TI\CCS\ccs\tools\compiler\ti-cgt-armllvm_4.0.3.LTS\lib\armv6m-ti-none-eabi\c\</path>
         <kind>archive</kind>
         <file>libsysbm.a</file>
         <name>hostunlink.c.obj</name>
      </input_file>
      <input_file id="fl-111">
         <path>D:\TI\CCS\ccs\tools\compiler\ti-cgt-armllvm_4.0.3.LTS\lib\armv6m-ti-none-eabi\c\</path>
         <kind>archive</kind>
         <file>libsysbm.a</file>
         <name>hostwrite.c.obj</name>
      </input_file>
      <input_file id="fl-112">
         <path>D:\TI\CCS\ccs\tools\compiler\ti-cgt-armllvm_4.0.3.LTS\lib\armv6m-ti-none-eabi\c\</path>
         <kind>archive</kind>
         <file>libsysbm.a</file>
         <name>trgmsg.c.obj</name>
      </input_file>
      <input_file id="fl-113">
         <path>D:\TI\CCS\ccs\tools\compiler\ti-cgt-armllvm_4.0.3.LTS\lib\armv6m-ti-none-eabi\</path>
         <kind>archive</kind>
         <file>libclang_rt.builtins.a</file>
         <name>addsf3.S.obj</name>
      </input_file>
      <input_file id="fl-114">
         <path>D:\TI\CCS\ccs\tools\compiler\ti-cgt-armllvm_4.0.3.LTS\lib\armv6m-ti-none-eabi\</path>
         <kind>archive</kind>
         <file>libclang_rt.builtins.a</file>
         <name>adddf3.S.obj</name>
      </input_file>
      <input_file id="fl-115">
         <path>D:\TI\CCS\ccs\tools\compiler\ti-cgt-armllvm_4.0.3.LTS\lib\armv6m-ti-none-eabi\</path>
         <kind>archive</kind>
         <file>libclang_rt.builtins.a</file>
         <name>muldf3.S.obj</name>
      </input_file>
      <input_file id="fl-116">
         <path>D:\TI\CCS\ccs\tools\compiler\ti-cgt-armllvm_4.0.3.LTS\lib\armv6m-ti-none-eabi\</path>
         <kind>archive</kind>
         <file>libclang_rt.builtins.a</file>
         <name>muldsi3.S.obj</name>
      </input_file>
      <input_file id="fl-117">
         <path>D:\TI\CCS\ccs\tools\compiler\ti-cgt-armllvm_4.0.3.LTS\lib\armv6m-ti-none-eabi\</path>
         <kind>archive</kind>
         <file>libclang_rt.builtins.a</file>
         <name>mulsf3.S.obj</name>
      </input_file>
      <input_file id="fl-118">
         <path>D:\TI\CCS\ccs\tools\compiler\ti-cgt-armllvm_4.0.3.LTS\lib\armv6m-ti-none-eabi\</path>
         <kind>archive</kind>
         <file>libclang_rt.builtins.a</file>
         <name>divsf3.S.obj</name>
      </input_file>
      <input_file id="fl-119">
         <path>D:\TI\CCS\ccs\tools\compiler\ti-cgt-armllvm_4.0.3.LTS\lib\armv6m-ti-none-eabi\</path>
         <kind>archive</kind>
         <file>libclang_rt.builtins.a</file>
         <name>divdf3.S.obj</name>
      </input_file>
      <input_file id="fl-11a">
         <path>D:\TI\CCS\ccs\tools\compiler\ti-cgt-armllvm_4.0.3.LTS\lib\armv6m-ti-none-eabi\</path>
         <kind>archive</kind>
         <file>libclang_rt.builtins.a</file>
         <name>extendsfdf2.S.obj</name>
      </input_file>
      <input_file id="fl-11b">
         <path>D:\TI\CCS\ccs\tools\compiler\ti-cgt-armllvm_4.0.3.LTS\lib\armv6m-ti-none-eabi\</path>
         <kind>archive</kind>
         <file>libclang_rt.builtins.a</file>
         <name>fixdfsi.S.obj</name>
      </input_file>
      <input_file id="fl-11c">
         <path>D:\TI\CCS\ccs\tools\compiler\ti-cgt-armllvm_4.0.3.LTS\lib\armv6m-ti-none-eabi\</path>
         <kind>archive</kind>
         <file>libclang_rt.builtins.a</file>
         <name>fixsfsi.S.obj</name>
      </input_file>
      <input_file id="fl-11d">
         <path>D:\TI\CCS\ccs\tools\compiler\ti-cgt-armllvm_4.0.3.LTS\lib\armv6m-ti-none-eabi\</path>
         <kind>archive</kind>
         <file>libclang_rt.builtins.a</file>
         <name>fixunssfsi.S.obj</name>
      </input_file>
      <input_file id="fl-11e">
         <path>D:\TI\CCS\ccs\tools\compiler\ti-cgt-armllvm_4.0.3.LTS\lib\armv6m-ti-none-eabi\</path>
         <kind>archive</kind>
         <file>libclang_rt.builtins.a</file>
         <name>floatsidf.S.obj</name>
      </input_file>
      <input_file id="fl-11f">
         <path>D:\TI\CCS\ccs\tools\compiler\ti-cgt-armllvm_4.0.3.LTS\lib\armv6m-ti-none-eabi\</path>
         <kind>archive</kind>
         <file>libclang_rt.builtins.a</file>
         <name>floatsisf.S.obj</name>
      </input_file>
      <input_file id="fl-120">
         <path>D:\TI\CCS\ccs\tools\compiler\ti-cgt-armllvm_4.0.3.LTS\lib\armv6m-ti-none-eabi\</path>
         <kind>archive</kind>
         <file>libclang_rt.builtins.a</file>
         <name>floatunsidf.S.obj</name>
      </input_file>
      <input_file id="fl-121">
         <path>D:\TI\CCS\ccs\tools\compiler\ti-cgt-armllvm_4.0.3.LTS\lib\armv6m-ti-none-eabi\</path>
         <kind>archive</kind>
         <file>libclang_rt.builtins.a</file>
         <name>muldi3.S.obj</name>
      </input_file>
      <input_file id="fl-122">
         <path>D:\TI\CCS\ccs\tools\compiler\ti-cgt-armllvm_4.0.3.LTS\lib\armv6m-ti-none-eabi\</path>
         <kind>archive</kind>
         <file>libclang_rt.builtins.a</file>
         <name>truncdfsf2.S.obj</name>
      </input_file>
      <input_file id="fl-123">
         <path>D:\TI\CCS\ccs\tools\compiler\ti-cgt-armllvm_4.0.3.LTS\lib\armv6m-ti-none-eabi\</path>
         <kind>archive</kind>
         <file>libclang_rt.builtins.a</file>
         <name>aeabi_dcmp.S.obj</name>
      </input_file>
      <input_file id="fl-124">
         <path>D:\TI\CCS\ccs\tools\compiler\ti-cgt-armllvm_4.0.3.LTS\lib\armv6m-ti-none-eabi\</path>
         <kind>archive</kind>
         <file>libclang_rt.builtins.a</file>
         <name>aeabi_fcmp.S.obj</name>
      </input_file>
      <input_file id="fl-125">
         <path>D:\TI\CCS\ccs\tools\compiler\ti-cgt-armllvm_4.0.3.LTS\lib\armv6m-ti-none-eabi\</path>
         <kind>archive</kind>
         <file>libclang_rt.builtins.a</file>
         <name>aeabi_idivmod.S.obj</name>
      </input_file>
      <input_file id="fl-126">
         <path>D:\TI\CCS\ccs\tools\compiler\ti-cgt-armllvm_4.0.3.LTS\lib\armv6m-ti-none-eabi\</path>
         <kind>archive</kind>
         <file>libclang_rt.builtins.a</file>
         <name>aeabi_memcpy.S.obj</name>
      </input_file>
      <input_file id="fl-127">
         <path>D:\TI\CCS\ccs\tools\compiler\ti-cgt-armllvm_4.0.3.LTS\lib\armv6m-ti-none-eabi\</path>
         <kind>archive</kind>
         <file>libclang_rt.builtins.a</file>
         <name>aeabi_memset.S.obj</name>
      </input_file>
      <input_file id="fl-128">
         <path>D:\TI\CCS\ccs\tools\compiler\ti-cgt-armllvm_4.0.3.LTS\lib\armv6m-ti-none-eabi\</path>
         <kind>archive</kind>
         <file>libclang_rt.builtins.a</file>
         <name>aeabi_uidivmod.S.obj</name>
      </input_file>
      <input_file id="fl-129">
         <path>D:\TI\CCS\ccs\tools\compiler\ti-cgt-armllvm_4.0.3.LTS\lib\armv6m-ti-none-eabi\</path>
         <kind>archive</kind>
         <file>libclang_rt.builtins.a</file>
         <name>aeabi_uldivmod.S.obj</name>
      </input_file>
      <input_file id="fl-12a">
         <path>D:\TI\CCS\ccs\tools\compiler\ti-cgt-armllvm_4.0.3.LTS\lib\armv6m-ti-none-eabi\</path>
         <kind>archive</kind>
         <file>libclang_rt.builtins.a</file>
         <name>comparesf2.S.obj</name>
      </input_file>
      <input_file id="fl-12b">
         <path>D:\TI\CCS\ccs\tools\compiler\ti-cgt-armllvm_4.0.3.LTS\lib\armv6m-ti-none-eabi\</path>
         <kind>archive</kind>
         <file>libclang_rt.builtins.a</file>
         <name>udivmoddi4.S.obj</name>
      </input_file>
      <input_file id="fl-12c">
         <path>D:\TI\CCS\ccs\tools\compiler\ti-cgt-armllvm_4.0.3.LTS\lib\armv6m-ti-none-eabi\</path>
         <kind>archive</kind>
         <file>libclang_rt.builtins.a</file>
         <name>ashldi3.S.obj</name>
      </input_file>
      <input_file id="fl-12d">
         <path>D:\TI\CCS\ccs\tools\compiler\ti-cgt-armllvm_4.0.3.LTS\lib\armv6m-ti-none-eabi\</path>
         <kind>archive</kind>
         <file>libclang_rt.builtins.a</file>
         <name>comparedf2.c.obj</name>
      </input_file>
      <input_file id="fl-12e">
         <path>D:\TI\CCS\ccs\tools\compiler\ti-cgt-armllvm_4.0.3.LTS\lib\armv6m-ti-none-eabi\</path>
         <kind>archive</kind>
         <file>libclang_rt.builtins.a</file>
         <name>aeabi_div0.c.obj</name>
      </input_file>
      <input_file id="fl-12f">
         <path>D:\TI\CCS\ccs\tools\compiler\ti-cgt-armllvm_4.0.3.LTS\lib\armv6m-ti-none-eabi\c\</path>
         <kind>archive</kind>
         <file>libc.a</file>
         <name>getdevice.c.obj</name>
      </input_file>
      <input_file id="fl-130">
         <path>D:\TI\CCS\ccs\tools\compiler\ti-cgt-armllvm_4.0.3.LTS\lib\armv6m-ti-none-eabi\c\</path>
         <kind>archive</kind>
         <file>libc.a</file>
         <name>memcpy16.S.obj</name>
      </input_file>
      <input_file id="fl-131">
         <path>D:\TI\CCS\ccs\tools\compiler\ti-cgt-armllvm_4.0.3.LTS\lib\armv6m-ti-none-eabi\c\</path>
         <kind>archive</kind>
         <file>libc.a</file>
         <name>memset16.S.obj</name>
      </input_file>
      <input_file id="fl-132">
         <path>D:\TI\CCS\ccs\tools\compiler\ti-cgt-armllvm_4.0.3.LTS\lib\armv6m-ti-none-eabi\c\</path>
         <kind>archive</kind>
         <file>libc.a</file>
         <name>strcmp-armv6m.S.obj</name>
      </input_file>
   </input_file_list>
   <object_component_list>
      <object_component id="oc-18">
         <name>.intvecs</name>
         <load_address>0x0</load_address>
         <readonly>true</readonly>
         <run_address>0x0</run_address>
         <size>0xc0</size>
         <alignment>0x4</alignment>
         <input_file_ref idref="fl-3"/>
      </object_component>
      <object_component id="oc-18d">
         <name>.text:__TI_printfi</name>
         <load_address>0xc0</load_address>
         <readonly>true</readonly>
         <executable>true</executable>
         <run_address>0xc0</run_address>
         <size>0x9d0</size>
         <alignment>0x4</alignment>
         <input_file_ref idref="fl-4c"/>
      </object_component>
      <object_component id="oc-10e">
         <name>.text.normalizeAnalogValues</name>
         <load_address>0xa90</load_address>
         <readonly>true</readonly>
         <executable>true</executable>
         <run_address>0xa90</run_address>
         <size>0x234</size>
         <alignment>0x2</alignment>
         <input_file_ref idref="fl-7"/>
      </object_component>
      <object_component id="oc-224">
         <name>.text._pconv_a</name>
         <load_address>0xcc4</load_address>
         <readonly>true</readonly>
         <executable>true</executable>
         <run_address>0xcc4</run_address>
         <size>0x220</size>
         <alignment>0x4</alignment>
         <input_file_ref idref="fl-4c"/>
      </object_component>
      <object_component id="oc-225">
         <name>.text._pconv_g</name>
         <load_address>0xee4</load_address>
         <readonly>true</readonly>
         <executable>true</executable>
         <run_address>0xee4</run_address>
         <size>0x1dc</size>
         <alignment>0x4</alignment>
         <input_file_ref idref="fl-4c"/>
      </object_component>
      <object_component id="oc-197">
         <name>.text.Key_Handle</name>
         <load_address>0x10c0</load_address>
         <readonly>true</readonly>
         <executable>true</executable>
         <run_address>0x10c0</run_address>
         <size>0x1d0</size>
         <alignment>0x4</alignment>
         <input_file_ref idref="fl-9"/>
      </object_component>
      <object_component id="oc-11c">
         <name>.text.adddf3_subdf3</name>
         <load_address>0x1290</load_address>
         <readonly>true</readonly>
         <executable>true</executable>
         <run_address>0x1290</run_address>
         <size>0x192</size>
         <alignment>0x4</alignment>
         <input_file_ref idref="fl-114"/>
      </object_component>
      <object_component id="oc-33">
         <name>.text.Default_Handler</name>
         <load_address>0x1422</load_address>
         <readonly>true</readonly>
         <executable>true</executable>
         <run_address>0x1422</run_address>
         <size>0x2</size>
         <alignment>0x2</alignment>
         <input_file_ref idref="fl-3"/>
      </object_component>
      <object_component id="oc-c0">
         <name>.text.No_MCU_Ganv_Sensor_Init</name>
         <load_address>0x1424</load_address>
         <readonly>true</readonly>
         <executable>true</executable>
         <run_address>0x1424</run_address>
         <size>0x18c</size>
         <alignment>0x4</alignment>
         <input_file_ref idref="fl-7"/>
      </object_component>
      <object_component id="oc-10d">
         <name>.text.Get_Analog_value</name>
         <load_address>0x15b0</load_address>
         <readonly>true</readonly>
         <executable>true</executable>
         <run_address>0x15b0</run_address>
         <size>0x160</size>
         <alignment>0x4</alignment>
         <input_file_ref idref="fl-7"/>
      </object_component>
      <object_component id="oc-7b">
         <name>.text.main</name>
         <load_address>0x1710</load_address>
         <readonly>true</readonly>
         <executable>true</executable>
         <run_address>0x1710</run_address>
         <size>0x140</size>
         <alignment>0x4</alignment>
         <input_file_ref idref="fl-1"/>
      </object_component>
      <object_component id="oc-27a">
         <name>.text.fcvt</name>
         <load_address>0x1850</load_address>
         <readonly>true</readonly>
         <executable>true</executable>
         <run_address>0x1850</run_address>
         <size>0x13c</size>
         <alignment>0x4</alignment>
         <input_file_ref idref="fl-4c"/>
      </object_component>
      <object_component id="oc-b7">
         <name>.text.No_Mcu_Ganv_Sensor_Task_Without_tick</name>
         <load_address>0x198c</load_address>
         <readonly>true</readonly>
         <executable>true</executable>
         <run_address>0x198c</run_address>
         <size>0x120</size>
         <alignment>0x2</alignment>
         <input_file_ref idref="fl-7"/>
      </object_component>
      <object_component id="oc-227">
         <name>.text._pconv_e</name>
         <load_address>0x1aac</load_address>
         <readonly>true</readonly>
         <executable>true</executable>
         <run_address>0x1aac</run_address>
         <size>0x120</size>
         <alignment>0x4</alignment>
         <input_file_ref idref="fl-4c"/>
      </object_component>
      <object_component id="oc-120">
         <name>.text.__divdf3</name>
         <load_address>0x1bcc</load_address>
         <readonly>true</readonly>
         <executable>true</executable>
         <run_address>0x1bcc</run_address>
         <size>0x10c</size>
         <alignment>0x4</alignment>
         <input_file_ref idref="fl-119"/>
      </object_component>
      <object_component id="oc-1cf">
         <name>.text.DL_Timer_initFourCCPWMMode</name>
         <load_address>0x1cd8</load_address>
         <readonly>true</readonly>
         <executable>true</executable>
         <run_address>0x1cd8</run_address>
         <size>0x104</size>
         <alignment>0x4</alignment>
         <input_file_ref idref="fl-26"/>
      </object_component>
      <object_component id="oc-d0">
         <name>.text.Question_Task_1</name>
         <load_address>0x1ddc</load_address>
         <readonly>true</readonly>
         <executable>true</executable>
         <run_address>0x1ddc</run_address>
         <size>0x100</size>
         <alignment>0x4</alignment>
         <input_file_ref idref="fl-e"/>
      </object_component>
      <object_component id="oc-231">
         <name>.text.Beep_Times</name>
         <load_address>0x1edc</load_address>
         <readonly>true</readonly>
         <executable>true</executable>
         <run_address>0x1edc</run_address>
         <size>0xf8</size>
         <alignment>0x4</alignment>
         <input_file_ref idref="fl-4"/>
      </object_component>
      <object_component id="oc-1da">
         <name>.text.DL_Timer_initTimerMode</name>
         <load_address>0x1fd4</load_address>
         <readonly>true</readonly>
         <executable>true</executable>
         <run_address>0x1fd4</run_address>
         <size>0xe8</size>
         <alignment>0x4</alignment>
         <input_file_ref idref="fl-26"/>
      </object_component>
      <object_component id="oc-12f">
         <name>.text.LineWalking</name>
         <load_address>0x20bc</load_address>
         <readonly>true</readonly>
         <executable>true</executable>
         <run_address>0x20bc</run_address>
         <size>0xe4</size>
         <alignment>0x4</alignment>
         <input_file_ref idref="fl-8"/>
      </object_component>
      <object_component id="oc-27c">
         <name>.text.Send_Motor_ArrayU8</name>
         <load_address>0x21a0</load_address>
         <readonly>true</readonly>
         <executable>true</executable>
         <run_address>0x21a0</run_address>
         <size>0xe4</size>
         <alignment>0x4</alignment>
         <input_file_ref idref="fl-d"/>
      </object_component>
      <object_component id="oc-17e">
         <name>.text.__muldf3</name>
         <load_address>0x2284</load_address>
         <readonly>true</readonly>
         <executable>true</executable>
         <run_address>0x2284</run_address>
         <size>0xe4</size>
         <alignment>0x4</alignment>
         <input_file_ref idref="fl-115"/>
      </object_component>
      <object_component id="oc-1c6">
         <name>.text.DL_SYSCTL_configSYSPLL</name>
         <load_address>0x2368</load_address>
         <readonly>true</readonly>
         <executable>true</executable>
         <run_address>0x2368</run_address>
         <size>0xdc</size>
         <alignment>0x4</alignment>
         <input_file_ref idref="fl-28"/>
      </object_component>
      <object_component id="oc-162">
         <name>.text.SYSCFG_DL_GPIO_init</name>
         <load_address>0x2444</load_address>
         <readonly>true</readonly>
         <executable>true</executable>
         <run_address>0x2444</run_address>
         <size>0xdc</size>
         <alignment>0x4</alignment>
         <input_file_ref idref="fl-2"/>
      </object_component>
      <object_component id="oc-ce">
         <name>.text.Question_Task_4</name>
         <load_address>0x2520</load_address>
         <readonly>true</readonly>
         <executable>true</executable>
         <run_address>0x2520</run_address>
         <size>0xd8</size>
         <alignment>0x4</alignment>
         <input_file_ref idref="fl-e"/>
      </object_component>
      <object_component id="oc-cf">
         <name>.text.Question_Task_5</name>
         <load_address>0x25f8</load_address>
         <readonly>true</readonly>
         <executable>true</executable>
         <run_address>0x25f8</run_address>
         <size>0xd8</size>
         <alignment>0x4</alignment>
         <input_file_ref idref="fl-e"/>
      </object_component>
      <object_component id="oc-c7">
         <name>.text.Question_Task_6</name>
         <load_address>0x26d0</load_address>
         <readonly>true</readonly>
         <executable>true</executable>
         <run_address>0x26d0</run_address>
         <size>0xd8</size>
         <alignment>0x4</alignment>
         <input_file_ref idref="fl-e"/>
      </object_component>
      <object_component id="oc-26d">
         <name>.text.scalbn</name>
         <load_address>0x27a8</load_address>
         <readonly>true</readonly>
         <executable>true</executable>
         <run_address>0x27a8</run_address>
         <size>0xd8</size>
         <alignment>0x4</alignment>
         <input_file_ref idref="fl-4e"/>
      </object_component>
      <object_component id="oc-1a2">
         <name>.text</name>
         <load_address>0x2880</load_address>
         <readonly>true</readonly>
         <executable>true</executable>
         <run_address>0x2880</run_address>
         <size>0xd8</size>
         <alignment>0x4</alignment>
         <input_file_ref idref="fl-113"/>
      </object_component>
      <object_component id="oc-1ae">
         <name>.text.Motion_Car_Control</name>
         <load_address>0x2958</load_address>
         <readonly>true</readonly>
         <executable>true</executable>
         <run_address>0x2958</run_address>
         <size>0xb4</size>
         <alignment>0x4</alignment>
         <input_file_ref idref="fl-b"/>
      </object_component>
      <object_component id="oc-264">
         <name>.text</name>
         <load_address>0x2a0c</load_address>
         <readonly>true</readonly>
         <executable>true</executable>
         <run_address>0x2a0c</run_address>
         <size>0xa2</size>
         <alignment>0x4</alignment>
         <input_file_ref idref="fl-12b"/>
      </object_component>
      <object_component id="oc-9f">
         <name>.text:memcpy</name>
         <load_address>0x2aae</load_address>
         <readonly>true</readonly>
         <executable>true</executable>
         <run_address>0x2aae</run_address>
         <size>0x9a</size>
         <alignment>0x1</alignment>
         <input_file_ref idref="fl-130"/>
      </object_component>
      <object_component id="oc-160">
         <name>.text.SYSCFG_DL_initPower</name>
         <load_address>0x2b48</load_address>
         <readonly>true</readonly>
         <executable>true</executable>
         <run_address>0x2b48</run_address>
         <size>0x94</size>
         <alignment>0x4</alignment>
         <input_file_ref idref="fl-2"/>
      </object_component>
      <object_component id="oc-167">
         <name>.text.SYSCFG_DL_PWM_MOTOR_init</name>
         <load_address>0x2bdc</load_address>
         <readonly>true</readonly>
         <executable>true</executable>
         <run_address>0x2bdc</run_address>
         <size>0x8c</size>
         <alignment>0x4</alignment>
         <input_file_ref idref="fl-2"/>
      </object_component>
      <object_component id="oc-1a6">
         <name>.text.__mulsf3</name>
         <load_address>0x2c68</load_address>
         <readonly>true</readonly>
         <executable>true</executable>
         <run_address>0x2c68</run_address>
         <size>0x8c</size>
         <alignment>0x4</alignment>
         <input_file_ref idref="fl-117"/>
      </object_component>
      <object_component id="oc-c8">
         <name>.text.TB_Control</name>
         <load_address>0x2cf4</load_address>
         <readonly>true</readonly>
         <executable>true</executable>
         <run_address>0x2cf4</run_address>
         <size>0x88</size>
         <alignment>0x4</alignment>
         <input_file_ref idref="fl-11"/>
      </object_component>
      <object_component id="oc-16a">
         <name>.text.SYSCFG_DL_UART_0_init</name>
         <load_address>0x2d7c</load_address>
         <readonly>true</readonly>
         <executable>true</executable>
         <run_address>0x2d7c</run_address>
         <size>0x84</size>
         <alignment>0x4</alignment>
         <input_file_ref idref="fl-2"/>
      </object_component>
      <object_component id="oc-23c">
         <name>.text.__divsf3</name>
         <load_address>0x2e00</load_address>
         <readonly>true</readonly>
         <executable>true</executable>
         <run_address>0x2e00</run_address>
         <size>0x82</size>
         <alignment>0x4</alignment>
         <input_file_ref idref="fl-118"/>
      </object_component>
      <object_component id="oc-18e">
         <name>.text.__aeabi_idiv0</name>
         <load_address>0x2e82</load_address>
         <readonly>true</readonly>
         <executable>true</executable>
         <run_address>0x2e82</run_address>
         <size>0x2</size>
         <alignment>0x2</alignment>
         <input_file_ref idref="fl-12e"/>
      </object_component>
      <object_component id="oc-1c">
         <name>.text:decompress:lzss</name>
         <load_address>0x2e84</load_address>
         <readonly>true</readonly>
         <executable>true</executable>
         <run_address>0x2e84</run_address>
         <size>0x7c</size>
         <alignment>0x4</alignment>
         <input_file_ref idref="fl-4b"/>
      </object_component>
      <object_component id="oc-174">
         <name>.text.adc_getValue</name>
         <load_address>0x2f00</load_address>
         <readonly>true</readonly>
         <executable>true</executable>
         <run_address>0x2f00</run_address>
         <size>0x78</size>
         <alignment>0x4</alignment>
         <input_file_ref idref="fl-5"/>
      </object_component>
      <object_component id="oc-164">
         <name>.text.SYSCFG_DL_BUZZER_init</name>
         <load_address>0x2f78</load_address>
         <readonly>true</readonly>
         <executable>true</executable>
         <run_address>0x2f78</run_address>
         <size>0x74</size>
         <alignment>0x4</alignment>
         <input_file_ref idref="fl-2"/>
      </object_component>
      <object_component id="oc-166">
         <name>.text.SYSCFG_DL_PWM_PHI_init</name>
         <load_address>0x2fec</load_address>
         <readonly>true</readonly>
         <executable>true</executable>
         <run_address>0x2fec</run_address>
         <size>0x74</size>
         <alignment>0x4</alignment>
         <input_file_ref idref="fl-2"/>
      </object_component>
      <object_component id="oc-203">
         <name>.text.__gedf2</name>
         <load_address>0x3060</load_address>
         <readonly>true</readonly>
         <executable>true</executable>
         <run_address>0x3060</run_address>
         <size>0x74</size>
         <alignment>0x4</alignment>
         <input_file_ref idref="fl-12d"/>
      </object_component>
      <object_component id="oc-16b">
         <name>.text.SYSCFG_DL_MOTOR_init</name>
         <load_address>0x30d4</load_address>
         <readonly>true</readonly>
         <executable>true</executable>
         <run_address>0x30d4</run_address>
         <size>0x70</size>
         <alignment>0x4</alignment>
         <input_file_ref idref="fl-2"/>
      </object_component>
      <object_component id="oc-165">
         <name>.text.SYSCFG_DL_PWM_THETA_init</name>
         <load_address>0x3144</load_address>
         <readonly>true</readonly>
         <executable>true</executable>
         <run_address>0x3144</run_address>
         <size>0x6c</size>
         <alignment>0x4</alignment>
         <input_file_ref idref="fl-2"/>
      </object_component>
      <object_component id="oc-12a">
         <name>.text.deal_IRdata</name>
         <load_address>0x31b0</load_address>
         <readonly>true</readonly>
         <executable>true</executable>
         <run_address>0x31b0</run_address>
         <size>0x6c</size>
         <alignment>0x4</alignment>
         <input_file_ref idref="fl-8"/>
      </object_component>
      <object_component id="oc-1fd">
         <name>.text.__ledf2</name>
         <load_address>0x321c</load_address>
         <readonly>true</readonly>
         <executable>true</executable>
         <run_address>0x321c</run_address>
         <size>0x68</size>
         <alignment>0x4</alignment>
         <input_file_ref idref="fl-12d"/>
      </object_component>
      <object_component id="oc-279">
         <name>.text._mcpy</name>
         <load_address>0x3284</load_address>
         <readonly>true</readonly>
         <executable>true</executable>
         <run_address>0x3284</run_address>
         <size>0x66</size>
         <alignment>0x2</alignment>
         <input_file_ref idref="fl-4c"/>
      </object_component>
      <object_component id="oc-288">
         <name>.text.__aeabi_ldiv0</name>
         <load_address>0x32ea</load_address>
         <readonly>true</readonly>
         <executable>true</executable>
         <run_address>0x32ea</run_address>
         <size>0x2</size>
         <alignment>0x2</alignment>
         <input_file_ref idref="fl-12e"/>
      </object_component>
      <object_component id="oc-163">
         <name>.text.SYSCFG_DL_SYSCTL_init</name>
         <load_address>0x32ec</load_address>
         <readonly>true</readonly>
         <executable>true</executable>
         <run_address>0x32ec</run_address>
         <size>0x64</size>
         <alignment>0x4</alignment>
         <input_file_ref idref="fl-2"/>
      </object_component>
      <object_component id="oc-182">
         <name>.text.__aeabi_dcmp</name>
         <load_address>0x3350</load_address>
         <readonly>true</readonly>
         <executable>true</executable>
         <run_address>0x3350</run_address>
         <size>0x62</size>
         <alignment>0x4</alignment>
         <input_file_ref idref="fl-123"/>
      </object_component>
      <object_component id="oc-101">
         <name>.text:memset</name>
         <load_address>0x33b2</load_address>
         <readonly>true</readonly>
         <executable>true</executable>
         <run_address>0x33b2</run_address>
         <size>0x62</size>
         <alignment>0x1</alignment>
         <input_file_ref idref="fl-131"/>
      </object_component>
      <object_component id="oc-102">
         <name>.text.SYSCFG_DL_init</name>
         <load_address>0x3414</load_address>
         <readonly>true</readonly>
         <executable>true</executable>
         <run_address>0x3414</run_address>
         <size>0x60</size>
         <alignment>0x4</alignment>
         <input_file_ref idref="fl-2"/>
      </object_component>
      <object_component id="oc-269">
         <name>.text.frexp</name>
         <load_address>0x3474</load_address>
         <readonly>true</readonly>
         <executable>true</executable>
         <run_address>0x3474</run_address>
         <size>0x5c</size>
         <alignment>0x4</alignment>
         <input_file_ref idref="fl-4d"/>
      </object_component>
      <object_component id="oc-271">
         <name>.text.__TI_ltoa</name>
         <load_address>0x34d0</load_address>
         <readonly>true</readonly>
         <executable>true</executable>
         <run_address>0x34d0</run_address>
         <size>0x58</size>
         <alignment>0x2</alignment>
         <input_file_ref idref="fl-55"/>
      </object_component>
      <object_component id="oc-226">
         <name>.text._pconv_f</name>
         <load_address>0x3528</load_address>
         <readonly>true</readonly>
         <executable>true</executable>
         <run_address>0x3528</run_address>
         <size>0x58</size>
         <alignment>0x2</alignment>
         <input_file_ref idref="fl-4c"/>
      </object_component>
      <object_component id="oc-294">
         <name>.text.__aeabi_idivmod</name>
         <load_address>0x3580</load_address>
         <readonly>true</readonly>
         <executable>true</executable>
         <run_address>0x3580</run_address>
         <size>0x56</size>
         <alignment>0x4</alignment>
         <input_file_ref idref="fl-125"/>
      </object_component>
      <object_component id="oc-169">
         <name>.text.SYSCFG_DL_Sensor_init</name>
         <load_address>0x35d8</load_address>
         <readonly>true</readonly>
         <executable>true</executable>
         <run_address>0x35d8</run_address>
         <size>0x54</size>
         <alignment>0x4</alignment>
         <input_file_ref idref="fl-2"/>
      </object_component>
      <object_component id="oc-277">
         <name>.text._ecpy</name>
         <load_address>0x362c</load_address>
         <readonly>true</readonly>
         <executable>true</executable>
         <run_address>0x362c</run_address>
         <size>0x52</size>
         <alignment>0x2</alignment>
         <input_file_ref idref="fl-4c"/>
      </object_component>
      <object_component id="oc-66">
         <name>.text.Buzzer_Handle</name>
         <load_address>0x3680</load_address>
         <readonly>true</readonly>
         <executable>true</executable>
         <run_address>0x3680</run_address>
         <size>0x50</size>
         <alignment>0x4</alignment>
         <input_file_ref idref="fl-4"/>
      </object_component>
      <object_component id="oc-22b">
         <name>.text.Contrl_Pwm</name>
         <load_address>0x36d0</load_address>
         <readonly>true</readonly>
         <executable>true</executable>
         <run_address>0x36d0</run_address>
         <size>0x4c</size>
         <alignment>0x4</alignment>
         <input_file_ref idref="fl-c"/>
      </object_component>
      <object_component id="oc-176">
         <name>.text.__fixdfsi</name>
         <load_address>0x371c</load_address>
         <readonly>true</readonly>
         <executable>true</executable>
         <run_address>0x371c</run_address>
         <size>0x4a</size>
         <alignment>0x4</alignment>
         <input_file_ref idref="fl-11b"/>
      </object_component>
      <object_component id="oc-1ea">
         <name>.text.DL_UART_init</name>
         <load_address>0x3768</load_address>
         <readonly>true</readonly>
         <executable>true</executable>
         <run_address>0x3768</run_address>
         <size>0x48</size>
         <alignment>0x4</alignment>
         <input_file_ref idref="fl-27"/>
      </object_component>
      <object_component id="oc-168">
         <name>.text.SYSCFG_DL_TIMER_0_init</name>
         <load_address>0x37b0</load_address>
         <readonly>true</readonly>
         <executable>true</executable>
         <run_address>0x37b0</run_address>
         <size>0x48</size>
         <alignment>0x4</alignment>
         <input_file_ref idref="fl-2"/>
      </object_component>
      <object_component id="oc-1cc">
         <name>.text.DL_SYSCTL_switchMCLKfromSYSOSCtoHSCLK</name>
         <load_address>0x37f8</load_address>
         <readonly>true</readonly>
         <executable>true</executable>
         <run_address>0x37f8</run_address>
         <size>0x44</size>
         <alignment>0x4</alignment>
         <input_file_ref idref="fl-28"/>
      </object_component>
      <object_component id="oc-34">
         <name>.text.UART0_IRQHandler</name>
         <load_address>0x383c</load_address>
         <readonly>true</readonly>
         <executable>true</executable>
         <run_address>0x383c</run_address>
         <size>0x44</size>
         <alignment>0x4</alignment>
         <input_file_ref idref="fl-15"/>
      </object_component>
      <object_component id="oc-a5">
         <name>.text.delay_ms</name>
         <load_address>0x3880</load_address>
         <readonly>true</readonly>
         <executable>true</executable>
         <run_address>0x3880</run_address>
         <size>0x44</size>
         <alignment>0x4</alignment>
         <input_file_ref idref="fl-14"/>
      </object_component>
      <object_component id="oc-1ef">
         <name>.text.DL_ADC12_setClockConfig</name>
         <load_address>0x38c4</load_address>
         <readonly>true</readonly>
         <executable>true</executable>
         <run_address>0x38c4</run_address>
         <size>0x40</size>
         <alignment>0x4</alignment>
         <input_file_ref idref="fl-23"/>
      </object_component>
      <object_component id="oc-114">
         <name>.text.__aeabi_uidivmod</name>
         <load_address>0x3904</load_address>
         <readonly>true</readonly>
         <executable>true</executable>
         <run_address>0x3904</run_address>
         <size>0x40</size>
         <alignment>0x4</alignment>
         <input_file_ref idref="fl-128"/>
      </object_component>
      <object_component id="oc-20e">
         <name>.text.atoi</name>
         <load_address>0x3944</load_address>
         <readonly>true</readonly>
         <executable>true</executable>
         <run_address>0x3944</run_address>
         <size>0x40</size>
         <alignment>0x4</alignment>
         <input_file_ref idref="fl-42"/>
      </object_component>
      <object_component id="oc-19e">
         <name>.text.__floatsisf</name>
         <load_address>0x3984</load_address>
         <readonly>true</readonly>
         <executable>true</executable>
         <run_address>0x3984</run_address>
         <size>0x3c</size>
         <alignment>0x4</alignment>
         <input_file_ref idref="fl-11f"/>
      </object_component>
      <object_component id="oc-e5">
         <name>.text:__TI_auto_init_nobinit_nopinit</name>
         <load_address>0x39c0</load_address>
         <readonly>true</readonly>
         <executable>true</executable>
         <run_address>0x39c0</run_address>
         <size>0x3c</size>
         <alignment>0x4</alignment>
         <input_file_ref idref="fl-46"/>
      </object_component>
      <object_component id="oc-1f8">
         <name>.text.__muldsi3</name>
         <load_address>0x39fc</load_address>
         <readonly>true</readonly>
         <executable>true</executable>
         <run_address>0x39fc</run_address>
         <size>0x3a</size>
         <alignment>0x4</alignment>
         <input_file_ref idref="fl-116"/>
      </object_component>
      <object_component id="oc-1aa">
         <name>.text.__fixsfsi</name>
         <load_address>0x3a38</load_address>
         <readonly>true</readonly>
         <executable>true</executable>
         <run_address>0x3a38</run_address>
         <size>0x38</size>
         <alignment>0x4</alignment>
         <input_file_ref idref="fl-11c"/>
      </object_component>
      <object_component id="oc-b9">
         <name>.text.sprintf</name>
         <load_address>0x3a70</load_address>
         <readonly>true</readonly>
         <executable>true</executable>
         <run_address>0x3a70</run_address>
         <size>0x38</size>
         <alignment>0x4</alignment>
         <input_file_ref idref="fl-3f"/>
      </object_component>
      <object_component id="oc-bf">
         <name>.text.USART_SendString</name>
         <load_address>0x3aa8</load_address>
         <readonly>true</readonly>
         <executable>true</executable>
         <run_address>0x3aa8</run_address>
         <size>0x34</size>
         <alignment>0x4</alignment>
         <input_file_ref idref="fl-15"/>
      </object_component>
      <object_component id="oc-16c">
         <name>.text.SYSCFG_DL_ADC1_init</name>
         <load_address>0x3adc</load_address>
         <readonly>true</readonly>
         <executable>true</executable>
         <run_address>0x3adc</run_address>
         <size>0x30</size>
         <alignment>0x4</alignment>
         <input_file_ref idref="fl-2"/>
      </object_component>
      <object_component id="oc-278">
         <name>.text._fcpy</name>
         <load_address>0x3b0c</load_address>
         <readonly>true</readonly>
         <executable>true</executable>
         <run_address>0x3b0c</run_address>
         <size>0x30</size>
         <alignment>0x2</alignment>
         <input_file_ref idref="fl-4c"/>
      </object_component>
      <object_component id="oc-17a">
         <name>.text.__floatsidf</name>
         <load_address>0x3b3c</load_address>
         <readonly>true</readonly>
         <executable>true</executable>
         <run_address>0x3b3c</run_address>
         <size>0x2c</size>
         <alignment>0x4</alignment>
         <input_file_ref idref="fl-11e"/>
      </object_component>
      <object_component id="oc-c2">
         <name>.text.Buzzer_Toggle</name>
         <load_address>0x3b68</load_address>
         <readonly>true</readonly>
         <executable>true</executable>
         <run_address>0x3b68</run_address>
         <size>0x28</size>
         <alignment>0x4</alignment>
         <input_file_ref idref="fl-4"/>
      </object_component>
      <object_component id="oc-5a">
         <name>.text:_c_int00_noargs</name>
         <load_address>0x3b90</load_address>
         <readonly>true</readonly>
         <executable>true</executable>
         <run_address>0x3b90</run_address>
         <size>0x28</size>
         <alignment>0x4</alignment>
         <input_file_ref idref="fl-44"/>
      </object_component>
      <object_component id="oc-1dd">
         <name>.text.DL_I2C_setClockConfig</name>
         <load_address>0x3bb8</load_address>
         <readonly>true</readonly>
         <executable>true</executable>
         <run_address>0x3bb8</run_address>
         <size>0x26</size>
         <alignment>0x2</alignment>
         <input_file_ref idref="fl-25"/>
      </object_component>
      <object_component id="oc-3a">
         <name>.text.TIMG0_IRQHandler</name>
         <load_address>0x3be0</load_address>
         <readonly>true</readonly>
         <executable>true</executable>
         <run_address>0x3be0</run_address>
         <size>0x24</size>
         <alignment>0x4</alignment>
         <input_file_ref idref="fl-13"/>
      </object_component>
      <object_component id="oc-a4">
         <name>.text.USART_Init</name>
         <load_address>0x3c04</load_address>
         <readonly>true</readonly>
         <executable>true</executable>
         <run_address>0x3c04</run_address>
         <size>0x24</size>
         <alignment>0x4</alignment>
         <input_file_ref idref="fl-15"/>
      </object_component>
      <object_component id="oc-118">
         <name>.text.__floatunsidf</name>
         <load_address>0x3c28</load_address>
         <readonly>true</readonly>
         <executable>true</executable>
         <run_address>0x3c28</run_address>
         <size>0x24</size>
         <alignment>0x4</alignment>
         <input_file_ref idref="fl-120"/>
      </object_component>
      <object_component id="oc-21b">
         <name>.text.__muldi3</name>
         <load_address>0x3c4c</load_address>
         <readonly>true</readonly>
         <executable>true</executable>
         <run_address>0x3c4c</run_address>
         <size>0x24</size>
         <alignment>0x4</alignment>
         <input_file_ref idref="fl-121"/>
      </object_component>
      <object_component id="oc-207">
         <name>.text.memccpy</name>
         <load_address>0x3c70</load_address>
         <readonly>true</readonly>
         <executable>true</executable>
         <run_address>0x3c70</run_address>
         <size>0x22</size>
         <alignment>0x2</alignment>
         <input_file_ref idref="fl-59"/>
      </object_component>
      <object_component id="oc-c3">
         <name>.text.Scheduler_Run</name>
         <load_address>0x3c94</load_address>
         <readonly>true</readonly>
         <executable>true</executable>
         <run_address>0x3c94</run_address>
         <size>0x20</size>
         <alignment>0x4</alignment>
         <input_file_ref idref="fl-12"/>
      </object_component>
      <object_component id="oc-b8">
         <name>.text.Get_Anolog_Value</name>
         <load_address>0x3cb4</load_address>
         <readonly>true</readonly>
         <executable>true</executable>
         <run_address>0x3cb4</run_address>
         <size>0x1e</size>
         <alignment>0x2</alignment>
         <input_file_ref idref="fl-7"/>
      </object_component>
      <object_component id="oc-b1">
         <name>.text.No_MCU_Ganv_Sensor_Init_Frist</name>
         <load_address>0x3cd2</load_address>
         <readonly>true</readonly>
         <executable>true</executable>
         <run_address>0x3cd2</run_address>
         <size>0x1e</size>
         <alignment>0x2</alignment>
         <input_file_ref idref="fl-7"/>
      </object_component>
      <object_component id="oc-289">
         <name>.text.__ashldi3</name>
         <load_address>0x3cf0</load_address>
         <readonly>true</readonly>
         <executable>true</executable>
         <run_address>0x3cf0</run_address>
         <size>0x1e</size>
         <alignment>0x4</alignment>
         <input_file_ref idref="fl-12c"/>
      </object_component>
      <object_component id="oc-1d1">
         <name>.text.DL_Timer_setCaptCompUpdateMethod</name>
         <load_address>0x3d10</load_address>
         <readonly>true</readonly>
         <executable>true</executable>
         <run_address>0x3d10</run_address>
         <size>0x1c</size>
         <alignment>0x4</alignment>
         <input_file_ref idref="fl-26"/>
      </object_component>
      <object_component id="oc-1ce">
         <name>.text.DL_Timer_setClockConfig</name>
         <load_address>0x3d2c</load_address>
         <readonly>true</readonly>
         <executable>true</executable>
         <run_address>0x3d2c</run_address>
         <size>0x1c</size>
         <alignment>0x4</alignment>
         <input_file_ref idref="fl-26"/>
      </object_component>
      <object_component id="oc-16d">
         <name>.text.SYSCFG_DL_SYSTICK_init</name>
         <load_address>0x3d48</load_address>
         <readonly>true</readonly>
         <executable>true</executable>
         <run_address>0x3d48</run_address>
         <size>0x1c</size>
         <alignment>0x4</alignment>
         <input_file_ref idref="fl-2"/>
      </object_component>
      <object_component id="oc-1d0">
         <name>.text.DL_Timer_setCaptureCompareOutCtl</name>
         <load_address>0x3d64</load_address>
         <readonly>true</readonly>
         <executable>true</executable>
         <run_address>0x3d64</run_address>
         <size>0x18</size>
         <alignment>0x4</alignment>
         <input_file_ref idref="fl-26"/>
      </object_component>
      <object_component id="oc-ac">
         <name>.text.State_Machine_init</name>
         <load_address>0x3d7c</load_address>
         <readonly>true</readonly>
         <executable>true</executable>
         <run_address>0x3d7c</run_address>
         <size>0x18</size>
         <alignment>0x4</alignment>
         <input_file_ref idref="fl-e"/>
      </object_component>
      <object_component id="oc-110">
         <name>.text._outs</name>
         <load_address>0x3d94</load_address>
         <readonly>true</readonly>
         <executable>true</executable>
         <run_address>0x3d94</run_address>
         <size>0x18</size>
         <alignment>0x2</alignment>
         <input_file_ref idref="fl-3f"/>
      </object_component>
      <object_component id="oc-220">
         <name>.text.__aeabi_uldivmod</name>
         <load_address>0x3dac</load_address>
         <readonly>true</readonly>
         <executable>true</executable>
         <run_address>0x3dac</run_address>
         <size>0x14</size>
         <alignment>0x4</alignment>
         <input_file_ref idref="fl-129"/>
      </object_component>
      <object_component id="oc-276">
         <name>.text.strchr</name>
         <load_address>0x3dc0</load_address>
         <readonly>true</readonly>
         <executable>true</executable>
         <run_address>0x3dc0</run_address>
         <size>0x14</size>
         <alignment>0x2</alignment>
         <input_file_ref idref="fl-4c"/>
      </object_component>
      <object_component id="oc-1e4">
         <name>.text.DL_UART_setClockConfig</name>
         <load_address>0x3dd4</load_address>
         <readonly>true</readonly>
         <executable>true</executable>
         <run_address>0x3dd4</run_address>
         <size>0x12</size>
         <alignment>0x2</alignment>
         <input_file_ref idref="fl-27"/>
      </object_component>
      <object_component id="oc-20">
         <name>.text:decompress:none</name>
         <load_address>0x3de6</load_address>
         <readonly>true</readonly>
         <executable>true</executable>
         <run_address>0x3de6</run_address>
         <size>0x12</size>
         <alignment>0x2</alignment>
         <input_file_ref idref="fl-4a"/>
      </object_component>
      <object_component id="oc-8e">
         <name>.text.DL_Timer_setCaptureCompareValue</name>
         <load_address>0x3df8</load_address>
         <readonly>true</readonly>
         <executable>true</executable>
         <run_address>0x3df8</run_address>
         <size>0x10</size>
         <alignment>0x4</alignment>
         <input_file_ref idref="fl-26"/>
      </object_component>
      <object_component id="oc-ab">
         <name>.text.PWM_Buzzer_Init</name>
         <load_address>0x3e08</load_address>
         <readonly>true</readonly>
         <executable>true</executable>
         <run_address>0x3e08</run_address>
         <size>0x10</size>
         <alignment>0x4</alignment>
         <input_file_ref idref="fl-4"/>
      </object_component>
      <object_component id="oc-212">
         <name>.text.wcslen</name>
         <load_address>0x3e18</load_address>
         <readonly>true</readonly>
         <executable>true</executable>
         <run_address>0x3e18</run_address>
         <size>0x10</size>
         <alignment>0x2</alignment>
         <input_file_ref idref="fl-50"/>
      </object_component>
      <object_component id="oc-57">
         <name>.text:decompress:ZI</name>
         <load_address>0x3e28</load_address>
         <readonly>true</readonly>
         <executable>true</executable>
         <run_address>0x3e28</run_address>
         <size>0x10</size>
         <alignment>0x2</alignment>
         <input_file_ref idref="fl-49"/>
      </object_component>
      <object_component id="oc-206">
         <name>.text.__aeabi_memset</name>
         <load_address>0x3e38</load_address>
         <readonly>true</readonly>
         <executable>true</executable>
         <run_address>0x3e38</run_address>
         <size>0xe</size>
         <alignment>0x4</alignment>
         <input_file_ref idref="fl-127"/>
      </object_component>
      <object_component id="oc-205">
         <name>.text.strlen</name>
         <load_address>0x3e46</load_address>
         <readonly>true</readonly>
         <executable>true</executable>
         <run_address>0x3e46</run_address>
         <size>0xe</size>
         <alignment>0x2</alignment>
         <input_file_ref idref="fl-4c"/>
      </object_component>
      <object_component id="oc-125">
         <name>.text.Get_Time</name>
         <load_address>0x3e54</load_address>
         <readonly>true</readonly>
         <executable>true</executable>
         <run_address>0x3e54</run_address>
         <size>0xc</size>
         <alignment>0x4</alignment>
         <input_file_ref idref="fl-13"/>
      </object_component>
      <object_component id="oc-c1">
         <name>.text.LED2_Toggle</name>
         <load_address>0x3e60</load_address>
         <readonly>true</readonly>
         <executable>true</executable>
         <run_address>0x3e60</run_address>
         <size>0xc</size>
         <alignment>0x4</alignment>
         <input_file_ref idref="fl-a"/>
      </object_component>
      <object_component id="oc-94">
         <name>.text.LED_OFF</name>
         <load_address>0x3e6c</load_address>
         <readonly>true</readonly>
         <executable>true</executable>
         <run_address>0x3e6c</run_address>
         <size>0xc</size>
         <alignment>0x4</alignment>
         <input_file_ref idref="fl-a"/>
      </object_component>
      <object_component id="oc-89">
         <name>.text.LED_ON</name>
         <load_address>0x3e78</load_address>
         <readonly>true</readonly>
         <executable>true</executable>
         <run_address>0x3e78</run_address>
         <size>0xc</size>
         <alignment>0x4</alignment>
         <input_file_ref idref="fl-a"/>
      </object_component>
      <object_component id="oc-72">
         <name>.text.__aeabi_memclr</name>
         <load_address>0x3e84</load_address>
         <readonly>true</readonly>
         <executable>true</executable>
         <run_address>0x3e84</run_address>
         <size>0xc</size>
         <alignment>0x4</alignment>
         <input_file_ref idref="fl-127"/>
      </object_component>
      <object_component id="oc-240">
         <name>.text.Contrl_Speed</name>
         <load_address>0x3e90</load_address>
         <readonly>true</readonly>
         <executable>true</executable>
         <run_address>0x3e90</run_address>
         <size>0xa</size>
         <alignment>0x2</alignment>
         <input_file_ref idref="fl-c"/>
      </object_component>
      <object_component id="oc-1c2">
         <name>.text.DL_Common_delayCycles</name>
         <load_address>0x3e9a</load_address>
         <readonly>true</readonly>
         <executable>true</executable>
         <run_address>0x3e9a</run_address>
         <size>0xa</size>
         <alignment>0x2</alignment>
         <input_file_ref idref="fl-24"/>
      </object_component>
      <object_component id="oc-275">
         <name>.text.OUTLINED_FUNCTION_0</name>
         <load_address>0x3ea4</load_address>
         <readonly>true</readonly>
         <executable>true</executable>
         <run_address>0x3ea4</run_address>
         <size>0xa</size>
         <alignment>0x2</alignment>
         <input_file_ref idref="fl-4c"/>
      </object_component>
      <object_component id="oc-2eb">
         <name>.tramp.__aeabi_dsub.1</name>
         <load_address>0x3eb0</load_address>
         <readonly>true</readonly>
         <executable>true</executable>
         <run_address>0x3eb0</run_address>
         <size>0x10</size>
         <alignment>0x4</alignment>
         <input_file_ref idref="fl-114"/>
      </object_component>
      <object_component id="oc-27b">
         <name>.text.OUTLINED_FUNCTION_1</name>
         <load_address>0x3ec0</load_address>
         <readonly>true</readonly>
         <executable>true</executable>
         <run_address>0x3ec0</run_address>
         <size>0xa</size>
         <alignment>0x2</alignment>
         <input_file_ref idref="fl-4c"/>
      </object_component>
      <object_component id="oc-111">
         <name>.text._outc</name>
         <load_address>0x3eca</load_address>
         <readonly>true</readonly>
         <executable>true</executable>
         <run_address>0x3eca</run_address>
         <size>0xa</size>
         <alignment>0x2</alignment>
         <input_file_ref idref="fl-3f"/>
      </object_component>
      <object_component id="oc-216">
         <name>.text.__aeabi_errno_addr</name>
         <load_address>0x3ed4</load_address>
         <readonly>true</readonly>
         <executable>true</executable>
         <run_address>0x3ed4</run_address>
         <size>0x8</size>
         <alignment>0x4</alignment>
         <input_file_ref idref="fl-52"/>
      </object_component>
      <object_component id="oc-4a">
         <name>.text.__aeabi_memcpy</name>
         <load_address>0x3edc</load_address>
         <readonly>true</readonly>
         <executable>true</executable>
         <run_address>0x3edc</run_address>
         <size>0x8</size>
         <alignment>0x4</alignment>
         <input_file_ref idref="fl-126"/>
      </object_component>
      <object_component id="oc-19d">
         <name>.text.Get_Digtal_For_User</name>
         <load_address>0x3ee4</load_address>
         <readonly>true</readonly>
         <executable>true</executable>
         <run_address>0x3ee4</run_address>
         <size>0x6</size>
         <alignment>0x2</alignment>
         <input_file_ref idref="fl-7"/>
      </object_component>
      <object_component id="oc-de">
         <name>.text:abort</name>
         <load_address>0x3eea</load_address>
         <readonly>true</readonly>
         <executable>true</executable>
         <run_address>0x3eea</run_address>
         <size>0x6</size>
         <alignment>0x2</alignment>
         <input_file_ref idref="fl-53"/>
      </object_component>
      <object_component id="oc-14f">
         <name>.text.HOSTexit</name>
         <load_address>0x3ef0</load_address>
         <readonly>true</readonly>
         <executable>true</executable>
         <run_address>0x3ef0</run_address>
         <size>0x4</size>
         <alignment>0x2</alignment>
         <input_file_ref idref="fl-103"/>
      </object_component>
      <object_component id="oc-2f">
         <name>.text.Reset_Handler</name>
         <load_address>0x3ef4</load_address>
         <readonly>true</readonly>
         <executable>true</executable>
         <run_address>0x3ef4</run_address>
         <size>0x4</size>
         <alignment>0x2</alignment>
         <input_file_ref idref="fl-3"/>
      </object_component>
      <object_component id="oc-77">
         <name>.text._system_pre_init</name>
         <load_address>0x3ef8</load_address>
         <readonly>true</readonly>
         <executable>true</executable>
         <run_address>0x3ef8</run_address>
         <size>0x4</size>
         <alignment>0x2</alignment>
         <input_file_ref idref="fl-47"/>
      </object_component>
      <object_component id="oc-2e7">
         <name>.cinit..data.load</name>
         <load_address>0x40f0</load_address>
         <readonly>true</readonly>
         <run_address>0x40f0</run_address>
         <size>0x33</size>
         <alignment>0x1</alignment>
      </object_component>
      <object_component id="oc-2e5">
         <name>__TI_handler_table</name>
         <load_address>0x4124</load_address>
         <readonly>true</readonly>
         <run_address>0x4124</run_address>
         <size>0xc</size>
         <alignment>0x4</alignment>
      </object_component>
      <object_component id="oc-2e8">
         <name>.cinit..bss.load</name>
         <load_address>0x4130</load_address>
         <readonly>true</readonly>
         <run_address>0x4130</run_address>
         <size>0x8</size>
         <alignment>0x4</alignment>
      </object_component>
      <object_component id="oc-2e6">
         <name>__TI_cinit_table</name>
         <load_address>0x4138</load_address>
         <readonly>true</readonly>
         <run_address>0x4138</run_address>
         <size>0x10</size>
         <alignment>0x4</alignment>
      </object_component>
      <object_component id="oc-258">
         <name>.rodata:__aeabi_ctype_table_</name>
         <load_address>0x3f00</load_address>
         <readonly>true</readonly>
         <run_address>0x3f00</run_address>
         <size>0x101</size>
         <alignment>0x10</alignment>
         <input_file_ref idref="fl-51"/>
      </object_component>
      <object_component id="oc-1d2">
         <name>.rodata.gBUZZERClockConfig</name>
         <load_address>0x4001</load_address>
         <readonly>true</readonly>
         <run_address>0x4001</run_address>
         <size>0x3</size>
         <alignment>0x1</alignment>
         <input_file_ref idref="fl-2"/>
      </object_component>
      <object_component id="oc-1cd">
         <name>.rodata.gSYSPLLConfig</name>
         <load_address>0x4004</load_address>
         <readonly>true</readonly>
         <run_address>0x4004</run_address>
         <size>0x28</size>
         <alignment>0x4</alignment>
         <input_file_ref idref="fl-2"/>
      </object_component>
      <object_component id="oc-d6">
         <name>.rodata.str1.9517790425240694019.1</name>
         <load_address>0x402c</load_address>
         <readonly>true</readonly>
         <run_address>0x402c</run_address>
         <size>0x21</size>
         <alignment>0x1</alignment>
         <input_file_ref idref="fl-1"/>
      </object_component>
      <object_component id="oc-1d8">
         <name>.rodata.gPWM_MOTORClockConfig</name>
         <load_address>0x404d</load_address>
         <readonly>true</readonly>
         <run_address>0x404d</run_address>
         <size>0x3</size>
         <alignment>0x1</alignment>
         <input_file_ref idref="fl-2"/>
      </object_component>
      <object_component id="oc-1dc">
         <name>.rodata.gTIMER_0TimerConfig</name>
         <load_address>0x4050</load_address>
         <readonly>true</readonly>
         <run_address>0x4050</run_address>
[...]
         <object_component_ref idref="oc-134"/>
      </symbol>
      <symbol id="sm-1b2">
         <name>q6_circle_N</name>
         <value>0x202005f0</value>
         <object_component_ref idref="oc-135"/>
      </symbol>
      <symbol id="sm-1c4">
         <name>speed_L</name>
         <value>0x20200608</value>
         <object_component_ref idref="oc-137"/>
      </symbol>
      <symbol id="sm-1c5">
         <name>speed_R</name>
         <value>0x20200614</value>
         <object_component_ref idref="oc-138"/>
      </symbol>
      <symbol id="sm-1c6">
         <name>TB_Control</name>
         <value>0x2cf5</value>
         <object_component_ref idref="oc-c8"/>
      </symbol>
      <symbol id="sm-1d0">
         <name>Scheduler_Run</name>
         <value>0x3c95</value>
         <object_component_ref idref="oc-c3"/>
      </symbol>
      <symbol id="sm-1d1">
         <name>tasks</name>
         <value>0x20200594</value>
         <object_component_ref idref="oc-126"/>
      </symbol>
      <symbol id="sm-1de">
         <name>TIMG0_IRQHandler</name>
         <value>0x3be1</value>
         <object_component_ref idref="oc-3a"/>
      </symbol>
      <symbol id="sm-1df">
         <name>systick_counter</name>
         <value>0x20200618</value>
         <object_component_ref idref="oc-6b"/>
      </symbol>
      <symbol id="sm-1e0">
         <name>Get_Time</name>
         <value>0x3e55</value>
         <object_component_ref idref="oc-125"/>
      </symbol>
      <symbol id="sm-1eb">
         <name>delay_ms</name>
         <value>0x3881</value>
         <object_component_ref idref="oc-a5"/>
      </symbol>
      <symbol id="sm-1fc">
         <name>USART_Init</name>
         <value>0x3c05</value>
         <object_component_ref idref="oc-a4"/>
      </symbol>
      <symbol id="sm-1fd">
         <name>USART_SendString</name>
         <value>0x3aa9</value>
         <object_component_ref idref="oc-bf"/>
      </symbol>
      <symbol id="sm-1fe">
         <name>UART0_IRQHandler</name>
         <value>0x383d</value>
         <object_component_ref idref="oc-34"/>
      </symbol>
      <symbol id="sm-1ff">
         <name>recv0_length</name>
         <value>0x20200620</value>
         <object_component_ref idref="oc-61"/>
      </symbol>
      <symbol id="sm-200">
         <name>recv0_buff</name>
         <value>0x202004bc</value>
         <object_component_ref idref="oc-62"/>
      </symbol>
      <symbol id="sm-201">
         <name>recv0_flag</name>
         <value>0x20200625</value>
         <object_component_ref idref="oc-63"/>
      </symbol>
      <symbol id="sm-202">
         <name>__TI_ATRegion0_src_addr</name>
         <value>0x0</value>
      </symbol>
      <symbol id="sm-203">
         <name>__TI_ATRegion0_trg_addr</name>
         <value>0x0</value>
      </symbol>
      <symbol id="sm-204">
         <name>__TI_ATRegion0_region_sz</name>
         <value>0x0</value>
      </symbol>
      <symbol id="sm-205">
         <name>__TI_ATRegion1_src_addr</name>
         <value>0x0</value>
      </symbol>
      <symbol id="sm-206">
         <name>__TI_ATRegion1_trg_addr</name>
         <value>0x0</value>
      </symbol>
      <symbol id="sm-207">
         <name>__TI_ATRegion1_region_sz</name>
         <value>0x0</value>
      </symbol>
      <symbol id="sm-208">
         <name>__TI_ATRegion2_src_addr</name>
         <value>0x0</value>
      </symbol>
      <symbol id="sm-209">
         <name>__TI_ATRegion2_trg_addr</name>
         <value>0x0</value>
      </symbol>
      <symbol id="sm-20a">
         <name>__TI_ATRegion2_region_sz</name>
         <value>0x0</value>
      </symbol>
      <symbol id="sm-215">
         <name>DL_ADC12_setClockConfig</name>
         <value>0x38c5</value>
         <object_component_ref idref="oc-1ef"/>
      </symbol>
      <symbol id="sm-21e">
         <name>DL_Common_delayCycles</name>
         <value>0x3e9b</value>
         <object_component_ref idref="oc-1c2"/>
      </symbol>
      <symbol id="sm-228">
         <name>DL_I2C_setClockConfig</name>
         <value>0x3bb9</value>
         <object_component_ref idref="oc-1dd"/>
      </symbol>
      <symbol id="sm-244">
         <name>DL_Timer_setClockConfig</name>
         <value>0x3d2d</value>
         <object_component_ref idref="oc-1ce"/>
      </symbol>
      <symbol id="sm-245">
         <name>DL_Timer_initTimerMode</name>
         <value>0x1fd5</value>
         <object_component_ref idref="oc-1da"/>
      </symbol>
      <symbol id="sm-246">
         <name>DL_Timer_setCaptureCompareValue</name>
         <value>0x3df9</value>
         <object_component_ref idref="oc-8e"/>
      </symbol>
      <symbol id="sm-247">
         <name>DL_Timer_setCaptCompUpdateMethod</name>
         <value>0x3d11</value>
         <object_component_ref idref="oc-1d1"/>
      </symbol>
      <symbol id="sm-248">
         <name>DL_Timer_setCaptureCompareOutCtl</name>
         <value>0x3d65</value>
         <object_component_ref idref="oc-1d0"/>
      </symbol>
      <symbol id="sm-249">
         <name>DL_Timer_initFourCCPWMMode</name>
         <value>0x1cd9</value>
         <object_component_ref idref="oc-1cf"/>
      </symbol>
      <symbol id="sm-256">
         <name>DL_UART_init</name>
         <value>0x3769</value>
         <object_component_ref idref="oc-1ea"/>
      </symbol>
      <symbol id="sm-257">
         <name>DL_UART_setClockConfig</name>
         <value>0x3dd5</value>
         <object_component_ref idref="oc-1e4"/>
      </symbol>
      <symbol id="sm-265">
         <name>DL_SYSCTL_configSYSPLL</name>
         <value>0x2369</value>
         <object_component_ref idref="oc-1c6"/>
      </symbol>
      <symbol id="sm-266">
         <name>DL_SYSCTL_switchMCLKfromSYSOSCtoHSCLK</name>
         <value>0x37f9</value>
         <object_component_ref idref="oc-1cc"/>
      </symbol>
      <symbol id="sm-277">
         <name>sprintf</name>
         <value>0x3a71</value>
         <object_component_ref idref="oc-b9"/>
      </symbol>
      <symbol id="sm-283">
         <name>atoi</name>
         <value>0x3945</value>
         <object_component_ref idref="oc-20e"/>
      </symbol>
      <symbol id="sm-28f">
         <name>_c_int00_noargs</name>
         <value>0x3b91</value>
         <object_component_ref idref="oc-5a"/>
      </symbol>
      <symbol id="sm-290">
         <name>__stack</name>
         <value>0x20207e00</value>
         <object_component_ref idref="oc-1a"/>
      </symbol>
      <symbol id="sm-29c">
         <name>__TI_auto_init_nobinit_nopinit</name>
         <value>0x39c1</value>
         <object_component_ref idref="oc-e5"/>
      </symbol>
      <symbol id="sm-2a4">
         <name>_system_pre_init</name>
         <value>0x3ef9</value>
         <object_component_ref idref="oc-77"/>
      </symbol>
      <symbol id="sm-2af">
         <name>__TI_zero_init</name>
         <value>0x3e29</value>
         <object_component_ref idref="oc-57"/>
      </symbol>
      <symbol id="sm-2b8">
         <name>__TI_decompress_none</name>
         <value>0x3de7</value>
         <object_component_ref idref="oc-20"/>
      </symbol>
      <symbol id="sm-2c3">
         <name>__TI_decompress_lzss</name>
         <value>0x2e85</value>
         <object_component_ref idref="oc-1c"/>
      </symbol>
      <symbol id="sm-30c">
         <name>__TI_printfi</name>
         <value>0xc1</value>
         <object_component_ref idref="oc-18d"/>
      </symbol>
      <symbol id="sm-316">
         <name>frexp</name>
         <value>0x3475</value>
         <object_component_ref idref="oc-269"/>
      </symbol>
      <symbol id="sm-317">
         <name>frexpl</name>
         <value>0x3475</value>
         <object_component_ref idref="oc-269"/>
      </symbol>
      <symbol id="sm-321">
         <name>scalbn</name>
         <value>0x27a9</value>
         <object_component_ref idref="oc-26d"/>
      </symbol>
      <symbol id="sm-322">
         <name>ldexp</name>
         <value>0x27a9</value>
         <object_component_ref idref="oc-26d"/>
      </symbol>
      <symbol id="sm-323">
         <name>scalbnl</name>
         <value>0x27a9</value>
         <object_component_ref idref="oc-26d"/>
      </symbol>
      <symbol id="sm-324">
         <name>ldexpl</name>
         <value>0x27a9</value>
         <object_component_ref idref="oc-26d"/>
      </symbol>
      <symbol id="sm-32e">
         <name>wcslen</name>
         <value>0x3e19</value>
         <object_component_ref idref="oc-212"/>
      </symbol>
      <symbol id="sm-32f">
         <name>__aeabi_ctype_table_</name>
         <value>0x3f00</value>
         <object_component_ref idref="oc-258"/>
      </symbol>
      <symbol id="sm-330">
         <name>__aeabi_ctype_table_C</name>
         <value>0x3f00</value>
         <object_component_ref idref="oc-258"/>
      </symbol>
      <symbol id="sm-33b">
         <name>__aeabi_errno_addr</name>
         <value>0x3ed5</value>
         <object_component_ref idref="oc-216"/>
      </symbol>
      <symbol id="sm-33c">
         <name>__aeabi_errno</name>
         <value>0x202005a8</value>
         <object_component_ref idref="oc-25f"/>
      </symbol>
      <symbol id="sm-346">
         <name>abort</name>
         <value>0x3eeb</value>
         <object_component_ref idref="oc-de"/>
      </symbol>
      <symbol id="sm-350">
         <name>__TI_ltoa</name>
         <value>0x34d1</value>
         <object_component_ref idref="oc-271"/>
      </symbol>
      <symbol id="sm-35c">
         <name>memccpy</name>
         <value>0x3c71</value>
         <object_component_ref idref="oc-207"/>
      </symbol>
      <symbol id="sm-36e">
         <name>HOSTexit</name>
         <value>0x3ef1</value>
         <object_component_ref idref="oc-14f"/>
      </symbol>
      <symbol id="sm-36f">
         <name>C$$EXIT</name>
         <value>0x3ef0</value>
         <object_component_ref idref="oc-14f"/>
      </symbol>
      <symbol id="sm-384">
         <name>__aeabi_fadd</name>
         <value>0x288b</value>
         <object_component_ref idref="oc-1a2"/>
      </symbol>
      <symbol id="sm-385">
         <name>__addsf3</name>
         <value>0x288b</value>
         <object_component_ref idref="oc-1a2"/>
      </symbol>
      <symbol id="sm-386">
         <name>__aeabi_fsub</name>
         <value>0x2881</value>
         <object_component_ref idref="oc-1a2"/>
      </symbol>
      <symbol id="sm-387">
         <name>__subsf3</name>
         <value>0x2881</value>
         <object_component_ref idref="oc-1a2"/>
      </symbol>
      <symbol id="sm-38d">
         <name>__aeabi_dadd</name>
         <value>0x129b</value>
         <object_component_ref idref="oc-11c"/>
      </symbol>
      <symbol id="sm-38e">
         <name>__adddf3</name>
         <value>0x129b</value>
         <object_component_ref idref="oc-11c"/>
      </symbol>
      <symbol id="sm-38f">
         <name>__aeabi_dsub</name>
         <value>0x1291</value>
         <object_component_ref idref="oc-11c"/>
      </symbol>
      <symbol id="sm-390">
         <name>__subdf3</name>
         <value>0x1291</value>
         <object_component_ref idref="oc-11c"/>
      </symbol>
      <symbol id="sm-399">
         <name>__aeabi_dmul</name>
         <value>0x2285</value>
         <object_component_ref idref="oc-17e"/>
      </symbol>
      <symbol id="sm-39a">
         <name>__muldf3</name>
         <value>0x2285</value>
         <object_component_ref idref="oc-17e"/>
      </symbol>
      <symbol id="sm-3a0">
         <name>__muldsi3</name>
         <value>0x39fd</value>
         <object_component_ref idref="oc-1f8"/>
      </symbol>
      <symbol id="sm-3a6">
         <name>__aeabi_fmul</name>
         <value>0x2c69</value>
         <object_component_ref idref="oc-1a6"/>
      </symbol>
      <symbol id="sm-3a7">
         <name>__mulsf3</name>
         <value>0x2c69</value>
         <object_component_ref idref="oc-1a6"/>
      </symbol>
      <symbol id="sm-3ad">
         <name>__aeabi_fdiv</name>
         <value>0x2e01</value>
         <object_component_ref idref="oc-23c"/>
      </symbol>
      <symbol id="sm-3ae">
         <name>__divsf3</name>
         <value>0x2e01</value>
         <object_component_ref idref="oc-23c"/>
      </symbol>
      <symbol id="sm-3b4">
         <name>__aeabi_ddiv</name>
         <value>0x1bcd</value>
         <object_component_ref idref="oc-120"/>
      </symbol>
      <symbol id="sm-3b5">
         <name>__divdf3</name>
         <value>0x1bcd</value>
         <object_component_ref idref="oc-120"/>
      </symbol>
      <symbol id="sm-3bb">
         <name>__aeabi_d2iz</name>
         <value>0x371d</value>
         <object_component_ref idref="oc-176"/>
      </symbol>
      <symbol id="sm-3bc">
         <name>__fixdfsi</name>
         <value>0x371d</value>
         <object_component_ref idref="oc-176"/>
      </symbol>
      <symbol id="sm-3c2">
         <name>__aeabi_f2iz</name>
         <value>0x3a39</value>
         <object_component_ref idref="oc-1aa"/>
      </symbol>
      <symbol id="sm-3c3">
         <name>__fixsfsi</name>
         <value>0x3a39</value>
         <object_component_ref idref="oc-1aa"/>
      </symbol>
      <symbol id="sm-3c9">
         <name>__aeabi_i2d</name>
         <value>0x3b3d</value>
         <object_component_ref idref="oc-17a"/>
      </symbol>
      <symbol id="sm-3ca">
         <name>__floatsidf</name>
         <value>0x3b3d</value>
         <object_component_ref idref="oc-17a"/>
      </symbol>
      <symbol id="sm-3d0">
         <name>__aeabi_i2f</name>
         <value>0x3985</value>
         <object_component_ref idref="oc-19e"/>
      </symbol>
      <symbol id="sm-3d1">
         <name>__floatsisf</name>
         <value>0x3985</value>
         <object_component_ref idref="oc-19e"/>
      </symbol>
      <symbol id="sm-3d7">
         <name>__aeabi_ui2d</name>
         <value>0x3c29</value>
         <object_component_ref idref="oc-118"/>
      </symbol>
      <symbol id="sm-3d8">
         <name>__floatunsidf</name>
         <value>0x3c29</value>
         <object_component_ref idref="oc-118"/>
      </symbol>
      <symbol id="sm-3de">
         <name>__aeabi_lmul</name>
         <value>0x3c4d</value>
         <object_component_ref idref="oc-21b"/>
      </symbol>
      <symbol id="sm-3df">
         <name>__muldi3</name>
         <value>0x3c4d</value>
         <object_component_ref idref="oc-21b"/>
      </symbol>
      <symbol id="sm-3e5">
         <name>__aeabi_dcmpeq</name>
         <value>0x3351</value>
         <object_component_ref idref="oc-182"/>
      </symbol>
      <symbol id="sm-3e6">
         <name>__aeabi_dcmplt</name>
         <value>0x3365</value>
         <object_component_ref idref="oc-182"/>
      </symbol>
      <symbol id="sm-3e7">
         <name>__aeabi_dcmple</name>
         <value>0x3379</value>
         <object_component_ref idref="oc-182"/>
      </symbol>
      <symbol id="sm-3e8">
         <name>__aeabi_dcmpge</name>
         <value>0x338d</value>
         <object_component_ref idref="oc-182"/>
      </symbol>
      <symbol id="sm-3e9">
         <name>__aeabi_dcmpgt</name>
         <value>0x33a1</value>
         <object_component_ref idref="oc-182"/>
      </symbol>
      <symbol id="sm-3ef">
         <name>__aeabi_idiv</name>
         <value>0x3581</value>
         <object_component_ref idref="oc-294"/>
      </symbol>
      <symbol id="sm-3f0">
         <name>__aeabi_idivmod</name>
         <value>0x3581</value>
         <object_component_ref idref="oc-294"/>
      </symbol>
      <symbol id="sm-3f6">
         <name>__aeabi_memcpy</name>
         <value>0x3edd</value>
         <object_component_ref idref="oc-4a"/>
      </symbol>
      <symbol id="sm-3f7">
         <name>__aeabi_memcpy4</name>
         <value>0x3edd</value>
         <object_component_ref idref="oc-4a"/>
      </symbol>
      <symbol id="sm-3f8">
         <name>__aeabi_memcpy8</name>
         <value>0x3edd</value>
         <object_component_ref idref="oc-4a"/>
      </symbol>
      <symbol id="sm-401">
         <name>__aeabi_memset</name>
         <value>0x3e39</value>
         <object_component_ref idref="oc-206"/>
      </symbol>
      <symbol id="sm-402">
         <name>__aeabi_memset4</name>
         <value>0x3e39</value>
         <object_component_ref idref="oc-206"/>
      </symbol>
      <symbol id="sm-403">
         <name>__aeabi_memset8</name>
         <value>0x3e39</value>
         <object_component_ref idref="oc-206"/>
      </symbol>
      <symbol id="sm-404">
         <name>__aeabi_memclr</name>
         <value>0x3e85</value>
         <object_component_ref idref="oc-72"/>
      </symbol>
      <symbol id="sm-405">
         <name>__aeabi_memclr4</name>
         <value>0x3e85</value>
         <object_component_ref idref="oc-72"/>
      </symbol>
      <symbol id="sm-406">
         <name>__aeabi_memclr8</name>
         <value>0x3e85</value>
         <object_component_ref idref="oc-72"/>
      </symbol>
      <symbol id="sm-40c">
         <name>__aeabi_uidiv</name>
         <value>0x3905</value>
         <object_component_ref idref="oc-114"/>
      </symbol>
      <symbol id="sm-40d">
         <name>__aeabi_uidivmod</name>
         <value>0x3905</value>
         <object_component_ref idref="oc-114"/>
      </symbol>
      <symbol id="sm-413">
         <name>__aeabi_uldivmod</name>
         <value>0x3dad</value>
         <object_component_ref idref="oc-220"/>
      </symbol>
      <symbol id="sm-419">
         <name>__udivmoddi4</name>
         <value>0x2a0d</value>
         <object_component_ref idref="oc-264"/>
      </symbol>
      <symbol id="sm-41f">
         <name>__aeabi_llsl</name>
         <value>0x3cf1</value>
         <object_component_ref idref="oc-289"/>
      </symbol>
      <symbol id="sm-420">
         <name>__ashldi3</name>
         <value>0x3cf1</value>
         <object_component_ref idref="oc-289"/>
      </symbol>
      <symbol id="sm-42e">
         <name>__ledf2</name>
         <value>0x321d</value>
         <object_component_ref idref="oc-1fd"/>
      </symbol>
      <symbol id="sm-42f">
         <name>__gedf2</name>
         <value>0x3061</value>
         <object_component_ref idref="oc-203"/>
      </symbol>
      <symbol id="sm-430">
         <name>__cmpdf2</name>
         <value>0x321d</value>
         <object_component_ref idref="oc-1fd"/>
      </symbol>
      <symbol id="sm-431">
         <name>__eqdf2</name>
         <value>0x321d</value>
         <object_component_ref idref="oc-1fd"/>
      </symbol>
      <symbol id="sm-432">
         <name>__ltdf2</name>
         <value>0x321d</value>
         <object_component_ref idref="oc-1fd"/>
      </symbol>
      <symbol id="sm-433">
         <name>__nedf2</name>
         <value>0x321d</value>
         <object_component_ref idref="oc-1fd"/>
      </symbol>
      <symbol id="sm-434">
         <name>__gtdf2</name>
         <value>0x3061</value>
         <object_component_ref idref="oc-203"/>
      </symbol>
      <symbol id="sm-440">
         <name>__aeabi_idiv0</name>
         <value>0x2e83</value>
         <object_component_ref idref="oc-18e"/>
      </symbol>
      <symbol id="sm-441">
         <name>__aeabi_ldiv0</name>
         <value>0x32eb</value>
         <object_component_ref idref="oc-288"/>
      </symbol>
      <symbol id="sm-45b">
         <name>memcpy</name>
         <value>0x2aaf</value>
         <object_component_ref idref="oc-9f"/>
      </symbol>
      <symbol id="sm-46a">
         <name>memset</name>
         <value>0x33b3</value>
         <object_component_ref idref="oc-101"/>
      </symbol>
      <symbol id="sm-46b">
         <name>__TI_static_base__</name>
         <value>0x0</value>
      </symbol>
      <symbol id="sm-46f">
         <name>__mpu_init</name>
         <value>0x0</value>
      </symbol>
      <symbol id="sm-470">
         <name>_system_post_cinit</name>
         <value>0x0</value>
      </symbol>
   </symbol_table>
   <title>Link successful</title>
</link_info>
