<?xml version="1.0" encoding="ISO-8859-1" ?>
<link_info>
   <banner>TI ARM Clang Linker PC v4.0.3.LTS</banner>
   <copyright>Copyright (c) 1996-2018 Texas Instruments Incorporated</copyright>
   <command_line>D:\TI\CCS\ccs\tools\compiler\ti-cgt-armllvm_4.0.3.LTS\bin\tiarmlnk -ID:\TI\CCS\ccs\tools\compiler\ti-cgt-armllvm_4.0.3.LTS\lib -o Competition_412.out -mCompetition_412.map -iC:/TI/mspm0_sdk_2_05_00_05/source -iC:/Users/33253/workspace_ccstheia/Competition_412/Debug/syscfg -iD:/TI/CCS/ccs/tools/compiler/ti-cgt-armllvm_4.0.3.LTS/lib --diag_wrap=off --display_error_number --warn_sections --xml_link_info=Competition_412_linkInfo.xml --rom_model ./empty.o ./syscfg/ti_msp_dl_config.o ./startup_mspm0g350x_ticlang.o ./BSP/Buzzer/buzzer.o ./BSP/Eight_Tracking/ADC.o ./BSP/Eight_Tracking/IIC.o ./BSP/Eight_Tracking/No_Mcu_Ganv_Grayscale_Sensor.o ./BSP/Eight_Tracking/app_irtracking.o ./BSP/Key/key.o ./BSP/LED/led.o ./BSP/Motor/app_motor.o ./BSP/Motor/app_motor_usart.o ./BSP/Motor/bsp_motor_usart.o ./BSP/Questions/questions.o ./BSP/Servo/servo.o ./BSP/Servo/servo_usart.o ./BSP/TB6612/tb6612.o ./BSP/Task/task.o ./BSP/Timer/timer.o ./BSP/delay.o ./BSP/usart.o -lsyscfg/device_linker.cmd -ldevice.cmd.genlibs -llibc.a --start-group -llibc++.a -llibc++abi.a -llibc.a -llibsys.a -llibsysbm.a -llibclang_rt.builtins.a -llibclang_rt.profile.a --end-group --cg_opt_level=2</command_line>
   <link_time>0x688dd4ef</link_time>
   <link_errors>0x0</link_errors>
   <output_file>C:\Users\33253\workspace_ccstheia\Competition_412\Debug\Competition_412.out</output_file>
   <entry_point>
      <name>_c_int00_noargs</name>
      <address>0x3bb5</address>
   </entry_point>
   <input_file_list>
      <input_file id="fl-1">
         <path>C:\Users\33253\workspace_ccstheia\Competition_412\Debug\.\</path>
         <kind>object</kind>
         <file>empty.o</file>
         <name>empty.o</name>
      </input_file>
      <input_file id="fl-2">
         <path>C:\Users\33253\workspace_ccstheia\Competition_412\Debug\.\syscfg\</path>
         <kind>object</kind>
         <file>ti_msp_dl_config.o</file>
         <name>ti_msp_dl_config.o</name>
      </input_file>
      <input_file id="fl-3">
         <path>C:\Users\33253\workspace_ccstheia\Competition_412\Debug\.\</path>
         <kind>object</kind>
         <file>startup_mspm0g350x_ticlang.o</file>
         <name>startup_mspm0g350x_ticlang.o</name>
      </input_file>
      <input_file id="fl-4">
         <path>C:\Users\33253\workspace_ccstheia\Competition_412\Debug\.\BSP\Buzzer\</path>
         <kind>object</kind>
         <file>buzzer.o</file>
         <name>buzzer.o</name>
      </input_file>
      <input_file id="fl-5">
         <path>C:\Users\33253\workspace_ccstheia\Competition_412\Debug\.\BSP\Eight_Tracking\</path>
         <kind>object</kind>
         <file>ADC.o</file>
         <name>ADC.o</name>
      </input_file>
      <input_file id="fl-6">
         <path>C:\Users\33253\workspace_ccstheia\Competition_412\Debug\.\BSP\Eight_Tracking\</path>
         <kind>object</kind>
         <file>IIC.o</file>
         <name>IIC.o</name>
      </input_file>
      <input_file id="fl-7">
         <path>C:\Users\33253\workspace_ccstheia\Competition_412\Debug\.\BSP\Eight_Tracking\</path>
         <kind>object</kind>
         <file>No_Mcu_Ganv_Grayscale_Sensor.o</file>
         <name>No_Mcu_Ganv_Grayscale_Sensor.o</name>
      </input_file>
      <input_file id="fl-8">
         <path>C:\Users\33253\workspace_ccstheia\Competition_412\Debug\.\BSP\Eight_Tracking\</path>
         <kind>object</kind>
         <file>app_irtracking.o</file>
         <name>app_irtracking.o</name>
      </input_file>
      <input_file id="fl-9">
         <path>C:\Users\33253\workspace_ccstheia\Competition_412\Debug\.\BSP\Key\</path>
         <kind>object</kind>
         <file>key.o</file>
         <name>key.o</name>
      </input_file>
      <input_file id="fl-a">
         <path>C:\Users\33253\workspace_ccstheia\Competition_412\Debug\.\BSP\LED\</path>
         <kind>object</kind>
         <file>led.o</file>
         <name>led.o</name>
      </input_file>
      <input_file id="fl-b">
         <path>C:\Users\33253\workspace_ccstheia\Competition_412\Debug\.\BSP\Motor\</path>
         <kind>object</kind>
         <file>app_motor.o</file>
         <name>app_motor.o</name>
      </input_file>
      <input_file id="fl-c">
         <path>C:\Users\33253\workspace_ccstheia\Competition_412\Debug\.\BSP\Motor\</path>
         <kind>object</kind>
         <file>app_motor_usart.o</file>
         <name>app_motor_usart.o</name>
      </input_file>
      <input_file id="fl-d">
         <path>C:\Users\33253\workspace_ccstheia\Competition_412\Debug\.\BSP\Motor\</path>
         <kind>object</kind>
         <file>bsp_motor_usart.o</file>
         <name>bsp_motor_usart.o</name>
      </input_file>
      <input_file id="fl-e">
         <path>C:\Users\33253\workspace_ccstheia\Competition_412\Debug\.\BSP\Questions\</path>
         <kind>object</kind>
         <file>questions.o</file>
         <name>questions.o</name>
      </input_file>
      <input_file id="fl-f">
         <path>C:\Users\33253\workspace_ccstheia\Competition_412\Debug\.\BSP\Servo\</path>
         <kind>object</kind>
         <file>servo.o</file>
         <name>servo.o</name>
      </input_file>
      <input_file id="fl-10">
         <path>C:\Users\33253\workspace_ccstheia\Competition_412\Debug\.\BSP\Servo\</path>
         <kind>object</kind>
         <file>servo_usart.o</file>
         <name>servo_usart.o</name>
      </input_file>
      <input_file id="fl-11">
         <path>C:\Users\33253\workspace_ccstheia\Competition_412\Debug\.\BSP\TB6612\</path>
         <kind>object</kind>
         <file>tb6612.o</file>
         <name>tb6612.o</name>
      </input_file>
      <input_file id="fl-12">
         <path>C:\Users\33253\workspace_ccstheia\Competition_412\Debug\.\BSP\Task\</path>
         <kind>object</kind>
         <file>task.o</file>
         <name>task.o</name>
      </input_file>
      <input_file id="fl-13">
         <path>C:\Users\33253\workspace_ccstheia\Competition_412\Debug\.\BSP\Timer\</path>
         <kind>object</kind>
         <file>timer.o</file>
         <name>timer.o</name>
      </input_file>
      <input_file id="fl-14">
         <path>C:\Users\33253\workspace_ccstheia\Competition_412\Debug\.\BSP\</path>
         <kind>object</kind>
         <file>delay.o</file>
         <name>delay.o</name>
      </input_file>
      <input_file id="fl-15">
         <path>C:\Users\33253\workspace_ccstheia\Competition_412\Debug\.\BSP\</path>
         <kind>object</kind>
         <file>usart.o</file>
         <name>usart.o</name>
      </input_file>
      <input_file id="fl-22">
         <path>C:\Users\33253\workspace_ccstheia\Competition_412\Debug\</path>
         <kind>object</kind>
         <file>&lt;internal&gt;</file>
         <name>&lt;internal&gt;</name>
      </input_file>
      <input_file id="fl-23">
         <path>C:\TI\mspm0_sdk_2_05_00_05\source\ti\driverlib\lib\ticlang\m0p\mspm0g1x0x_g3x0x\</path>
         <kind>archive</kind>
         <file>driverlib.a</file>
         <name>dl_adc12.o</name>
      </input_file>
      <input_file id="fl-24">
         <path>C:\TI\mspm0_sdk_2_05_00_05\source\ti\driverlib\lib\ticlang\m0p\mspm0g1x0x_g3x0x\</path>
         <kind>archive</kind>
         <file>driverlib.a</file>
         <name>dl_common.o</name>
      </input_file>
      <input_file id="fl-25">
         <path>C:\TI\mspm0_sdk_2_05_00_05\source\ti\driverlib\lib\ticlang\m0p\mspm0g1x0x_g3x0x\</path>
         <kind>archive</kind>
         <file>driverlib.a</file>
         <name>dl_i2c.o</name>
      </input_file>
      <input_file id="fl-26">
         <path>C:\TI\mspm0_sdk_2_05_00_05\source\ti\driverlib\lib\ticlang\m0p\mspm0g1x0x_g3x0x\</path>
         <kind>archive</kind>
         <file>driverlib.a</file>
         <name>dl_timer.o</name>
      </input_file>
      <input_file id="fl-27">
         <path>C:\TI\mspm0_sdk_2_05_00_05\source\ti\driverlib\lib\ticlang\m0p\mspm0g1x0x_g3x0x\</path>
         <kind>archive</kind>
         <file>driverlib.a</file>
         <name>dl_uart.o</name>
      </input_file>
      <input_file id="fl-28">
         <path>C:\TI\mspm0_sdk_2_05_00_05\source\ti\driverlib\lib\ticlang\m0p\mspm0g1x0x_g3x0x\</path>
         <kind>archive</kind>
         <file>driverlib.a</file>
         <name>dl_sysctl_mspm0g1x0x_g3x0x.o</name>
      </input_file>
      <input_file id="fl-3f">
         <path>D:\TI\CCS\ccs\tools\compiler\ti-cgt-armllvm_4.0.3.LTS\lib\armv6m-ti-none-eabi\c\</path>
         <kind>archive</kind>
         <file>libc.a</file>
         <name>sprintf.c.obj</name>
      </input_file>
      <input_file id="fl-40">
         <path>D:\TI\CCS\ccs\tools\compiler\ti-cgt-armllvm_4.0.3.LTS\lib\armv6m-ti-none-eabi\c\</path>
         <kind>archive</kind>
         <file>libc.a</file>
         <name>s_atan.c.obj</name>
      </input_file>
      <input_file id="fl-41">
         <path>D:\TI\CCS\ccs\tools\compiler\ti-cgt-armllvm_4.0.3.LTS\lib\armv6m-ti-none-eabi\c\</path>
         <kind>archive</kind>
         <file>libc.a</file>
         <name>s_roundf.c.obj</name>
      </input_file>
      <input_file id="fl-42">
         <path>D:\TI\CCS\ccs\tools\compiler\ti-cgt-armllvm_4.0.3.LTS\lib\armv6m-ti-none-eabi\c\</path>
         <kind>archive</kind>
         <file>libc.a</file>
         <name>atoi.c.obj</name>
      </input_file>
      <input_file id="fl-43">
         <path>D:\TI\CCS\ccs\tools\compiler\ti-cgt-armllvm_4.0.3.LTS\lib\armv6m-ti-none-eabi\c\</path>
         <kind>archive</kind>
         <file>libc.a</file>
         <name>strtok.c.obj</name>
      </input_file>
      <input_file id="fl-44">
         <path>D:\TI\CCS\ccs\tools\compiler\ti-cgt-armllvm_4.0.3.LTS\lib\armv6m-ti-none-eabi\c\</path>
         <kind>archive</kind>
         <file>libc.a</file>
         <name>boot_cortex_m.c.obj</name>
      </input_file>
      <input_file id="fl-45">
         <path>D:\TI\CCS\ccs\tools\compiler\ti-cgt-armllvm_4.0.3.LTS\lib\armv6m-ti-none-eabi\c\</path>
         <kind>archive</kind>
         <file>libc.a</file>
         <name>mathacl_init.c.obj</name>
      </input_file>
      <input_file id="fl-46">
         <path>D:\TI\CCS\ccs\tools\compiler\ti-cgt-armllvm_4.0.3.LTS\lib\armv6m-ti-none-eabi\c\</path>
         <kind>archive</kind>
         <file>libc.a</file>
         <name>autoinit.c.obj</name>
      </input_file>
      <input_file id="fl-47">
         <path>D:\TI\CCS\ccs\tools\compiler\ti-cgt-armllvm_4.0.3.LTS\lib\armv6m-ti-none-eabi\c\</path>
         <kind>archive</kind>
         <file>libc.a</file>
         <name>pre_init.c.obj</name>
      </input_file>
      <input_file id="fl-48">
         <path>D:\TI\CCS\ccs\tools\compiler\ti-cgt-armllvm_4.0.3.LTS\lib\armv6m-ti-none-eabi\c\</path>
         <kind>archive</kind>
         <file>libc.a</file>
         <name>cpy_tbl.c.obj</name>
      </input_file>
      <input_file id="fl-49">
         <path>D:\TI\CCS\ccs\tools\compiler\ti-cgt-armllvm_4.0.3.LTS\lib\armv6m-ti-none-eabi\c\</path>
         <kind>archive</kind>
         <file>libc.a</file>
         <name>copy_zero_init.c.obj</name>
      </input_file>
      <input_file id="fl-4a">
         <path>D:\TI\CCS\ccs\tools\compiler\ti-cgt-armllvm_4.0.3.LTS\lib\armv6m-ti-none-eabi\c\</path>
         <kind>archive</kind>
         <file>libc.a</file>
         <name>copy_decompress_none.c.obj</name>
      </input_file>
      <input_file id="fl-4b">
         <path>D:\TI\CCS\ccs\tools\compiler\ti-cgt-armllvm_4.0.3.LTS\lib\armv6m-ti-none-eabi\c\</path>
         <kind>archive</kind>
         <file>libc.a</file>
         <name>copy_decompress_lzss.c.obj</name>
      </input_file>
      <input_file id="fl-4c">
         <path>D:\TI\CCS\ccs\tools\compiler\ti-cgt-armllvm_4.0.3.LTS\lib\armv6m-ti-none-eabi\c\</path>
         <kind>archive</kind>
         <file>libc.a</file>
         <name>_printfi.c.obj</name>
      </input_file>
      <input_file id="fl-4d">
         <path>D:\TI\CCS\ccs\tools\compiler\ti-cgt-armllvm_4.0.3.LTS\lib\armv6m-ti-none-eabi\c\</path>
         <kind>archive</kind>
         <file>libc.a</file>
         <name>s_frexp.c.obj</name>
      </input_file>
      <input_file id="fl-4e">
         <path>D:\TI\CCS\ccs\tools\compiler\ti-cgt-armllvm_4.0.3.LTS\lib\armv6m-ti-none-eabi\c\</path>
         <kind>archive</kind>
         <file>libc.a</file>
         <name>s_scalbn.c.obj</name>
      </input_file>
      <input_file id="fl-4f">
         <path>D:\TI\CCS\ccs\tools\compiler\ti-cgt-armllvm_4.0.3.LTS\lib\armv6m-ti-none-eabi\c\</path>
         <kind>archive</kind>
         <file>libc.a</file>
         <name>s_floorf.c.obj</name>
      </input_file>
      <input_file id="fl-50">
         <path>D:\TI\CCS\ccs\tools\compiler\ti-cgt-armllvm_4.0.3.LTS\lib\armv6m-ti-none-eabi\c\</path>
         <kind>archive</kind>
         <file>libc.a</file>
         <name>wcslen.c.obj</name>
      </input_file>
      <input_file id="fl-51">
         <path>D:\TI\CCS\ccs\tools\compiler\ti-cgt-armllvm_4.0.3.LTS\lib\armv6m-ti-none-eabi\c\</path>
         <kind>archive</kind>
         <file>libc.a</file>
         <name>aeabi_ctype.S.obj</name>
      </input_file>
      <input_file id="fl-52">
         <path>D:\TI\CCS\ccs\tools\compiler\ti-cgt-armllvm_4.0.3.LTS\lib\armv6m-ti-none-eabi\c\</path>
         <kind>archive</kind>
         <file>libc.a</file>
         <name>aeabi_portable.c.obj</name>
      </input_file>
      <input_file id="fl-53">
         <path>D:\TI\CCS\ccs\tools\compiler\ti-cgt-armllvm_4.0.3.LTS\lib\armv6m-ti-none-eabi\c\</path>
         <kind>archive</kind>
         <file>libc.a</file>
         <name>exit.c.obj</name>
      </input_file>
      <input_file id="fl-54">
         <path>D:\TI\CCS\ccs\tools\compiler\ti-cgt-armllvm_4.0.3.LTS\lib\armv6m-ti-none-eabi\c\</path>
         <kind>archive</kind>
         <file>libc.a</file>
         <name>_lock.c.obj</name>
      </input_file>
      <input_file id="fl-55">
         <path>D:\TI\CCS\ccs\tools\compiler\ti-cgt-armllvm_4.0.3.LTS\lib\armv6m-ti-none-eabi\c\</path>
         <kind>archive</kind>
         <file>libc.a</file>
         <name>_ltoa.c.obj</name>
      </input_file>
      <input_file id="fl-56">
         <path>D:\TI\CCS\ccs\tools\compiler\ti-cgt-armllvm_4.0.3.LTS\lib\armv6m-ti-none-eabi\c\</path>
         <kind>archive</kind>
         <file>libc.a</file>
         <name>args_main.c.obj</name>
      </input_file>
      <input_file id="fl-57">
         <path>D:\TI\CCS\ccs\tools\compiler\ti-cgt-armllvm_4.0.3.LTS\lib\armv6m-ti-none-eabi\c\</path>
         <kind>archive</kind>
         <file>libc.a</file>
         <name>assert.c.obj</name>
      </input_file>
      <input_file id="fl-58">
         <path>D:\TI\CCS\ccs\tools\compiler\ti-cgt-armllvm_4.0.3.LTS\lib\armv6m-ti-none-eabi\c\</path>
         <kind>archive</kind>
         <file>libc.a</file>
         <name>defs.c.obj</name>
      </input_file>
      <input_file id="fl-59">
         <path>D:\TI\CCS\ccs\tools\compiler\ti-cgt-armllvm_4.0.3.LTS\lib\armv6m-ti-none-eabi\c\</path>
         <kind>archive</kind>
         <file>libc.a</file>
         <name>memccpy.c.obj</name>
      </input_file>
      <input_file id="fl-5a">
         <path>D:\TI\CCS\ccs\tools\compiler\ti-cgt-armllvm_4.0.3.LTS\lib\armv6m-ti-none-eabi\c\</path>
         <kind>archive</kind>
         <file>libc.a</file>
         <name>memory.c.obj</name>
      </input_file>
      <input_file id="fl-5b">
         <path>D:\TI\CCS\ccs\tools\compiler\ti-cgt-armllvm_4.0.3.LTS\lib\armv6m-ti-none-eabi\c\</path>
         <kind>archive</kind>
         <file>libc.a</file>
         <name>strcspn.c.obj</name>
      </input_file>
      <input_file id="fl-5c">
         <path>D:\TI\CCS\ccs\tools\compiler\ti-cgt-armllvm_4.0.3.LTS\lib\armv6m-ti-none-eabi\c\</path>
         <kind>archive</kind>
         <file>libc.a</file>
         <name>strspn.c.obj</name>
      </input_file>
      <input_file id="fl-5d">
         <path>D:\TI\CCS\ccs\tools\compiler\ti-cgt-armllvm_4.0.3.LTS\lib\armv6m-ti-none-eabi\c\</path>
         <kind>archive</kind>
         <file>libc.a</file>
         <name>fflush.c.obj</name>
      </input_file>
      <input_file id="fl-5e">
         <path>D:\TI\CCS\ccs\tools\compiler\ti-cgt-armllvm_4.0.3.LTS\lib\armv6m-ti-none-eabi\c\</path>
         <kind>archive</kind>
         <file>libc.a</file>
         <name>fputs.c.obj</name>
      </input_file>
      <input_file id="fl-5f">
         <path>D:\TI\CCS\ccs\tools\compiler\ti-cgt-armllvm_4.0.3.LTS\lib\armv6m-ti-none-eabi\c\</path>
         <kind>archive</kind>
         <file>libc.a</file>
         <name>_io_perm.c.obj</name>
      </input_file>
      <input_file id="fl-60">
         <path>D:\TI\CCS\ccs\tools\compiler\ti-cgt-armllvm_4.0.3.LTS\lib\armv6m-ti-none-eabi\c\</path>
         <kind>archive</kind>
         <file>libc.a</file>
         <name>setvbuf.c.obj</name>
      </input_file>
      <input_file id="fl-61">
         <path>D:\TI\CCS\ccs\tools\compiler\ti-cgt-armllvm_4.0.3.LTS\lib\armv6m-ti-none-eabi\c\</path>
         <kind>archive</kind>
         <file>libc.a</file>
         <name>fopen.c.obj</name>
      </input_file>
      <input_file id="fl-62">
         <path>D:\TI\CCS\ccs\tools\compiler\ti-cgt-armllvm_4.0.3.LTS\lib\armv6m-ti-none-eabi\c\</path>
         <kind>archive</kind>
         <file>libc.a</file>
         <name>fseek.c.obj</name>
      </input_file>
      <input_file id="fl-63">
         <path>D:\TI\CCS\ccs\tools\compiler\ti-cgt-armllvm_4.0.3.LTS\lib\armv6m-ti-none-eabi\c\</path>
         <kind>archive</kind>
         <file>libc.a</file>
         <name>fclose.c.obj</name>
      </input_file>
      <input_file id="fl-103">
         <path>D:\TI\CCS\ccs\tools\compiler\ti-cgt-armllvm_4.0.3.LTS\lib\armv6m-ti-none-eabi\c\</path>
         <kind>archive</kind>
         <file>libsysbm.a</file>
         <name>hostexit.c.obj</name>
      </input_file>
      <input_file id="fl-104">
         <path>D:\TI\CCS\ccs\tools\compiler\ti-cgt-armllvm_4.0.3.LTS\lib\armv6m-ti-none-eabi\c\</path>
         <kind>archive</kind>
         <file>libsysbm.a</file>
         <name>write.c.obj</name>
      </input_file>
      <input_file id="fl-105">
         <path>D:\TI\CCS\ccs\tools\compiler\ti-cgt-armllvm_4.0.3.LTS\lib\armv6m-ti-none-eabi\c\</path>
         <kind>archive</kind>
         <file>libsysbm.a</file>
         <name>host_device.c.obj</name>
      </input_file>
      <input_file id="fl-106">
         <path>D:\TI\CCS\ccs\tools\compiler\ti-cgt-armllvm_4.0.3.LTS\lib\armv6m-ti-none-eabi\c\</path>
         <kind>archive</kind>
         <file>libsysbm.a</file>
         <name>remove.c.obj</name>
      </input_file>
      <input_file id="fl-107">
         <path>D:\TI\CCS\ccs\tools\compiler\ti-cgt-armllvm_4.0.3.LTS\lib\armv6m-ti-none-eabi\c\</path>
         <kind>archive</kind>
         <file>libsysbm.a</file>
         <name>open.c.obj</name>
      </input_file>
      <input_file id="fl-108">
         <path>D:\TI\CCS\ccs\tools\compiler\ti-cgt-armllvm_4.0.3.LTS\lib\armv6m-ti-none-eabi\c\</path>
         <kind>archive</kind>
         <file>libsysbm.a</file>
         <name>lseek.c.obj</name>
      </input_file>
      <input_file id="fl-109">
         <path>D:\TI\CCS\ccs\tools\compiler\ti-cgt-armllvm_4.0.3.LTS\lib\armv6m-ti-none-eabi\c\</path>
         <kind>archive</kind>
         <file>libsysbm.a</file>
         <name>close.c.obj</name>
      </input_file>
      <input_file id="fl-10a">
         <path>D:\TI\CCS\ccs\tools\compiler\ti-cgt-armllvm_4.0.3.LTS\lib\armv6m-ti-none-eabi\c\</path>
         <kind>archive</kind>
         <file>libsysbm.a</file>
         <name>unlink.c.obj</name>
      </input_file>
      <input_file id="fl-10b">
         <path>D:\TI\CCS\ccs\tools\compiler\ti-cgt-armllvm_4.0.3.LTS\lib\armv6m-ti-none-eabi\c\</path>
         <kind>archive</kind>
         <file>libsysbm.a</file>
         <name>hostclose.c.obj</name>
      </input_file>
      <input_file id="fl-10c">
         <path>D:\TI\CCS\ccs\tools\compiler\ti-cgt-armllvm_4.0.3.LTS\lib\armv6m-ti-none-eabi\c\</path>
         <kind>archive</kind>
         <file>libsysbm.a</file>
         <name>hostlseek.c.obj</name>
      </input_file>
      <input_file id="fl-10d">
         <path>D:\TI\CCS\ccs\tools\compiler\ti-cgt-armllvm_4.0.3.LTS\lib\armv6m-ti-none-eabi\c\</path>
         <kind>archive</kind>
         <file>libsysbm.a</file>
         <name>hostopen.c.obj</name>
      </input_file>
      <input_file id="fl-10e">
         <path>D:\TI\CCS\ccs\tools\compiler\ti-cgt-armllvm_4.0.3.LTS\lib\armv6m-ti-none-eabi\c\</path>
         <kind>archive</kind>
         <file>libsysbm.a</file>
         <name>hostread.c.obj</name>
      </input_file>
      <input_file id="fl-10f">
         <path>D:\TI\CCS\ccs\tools\compiler\ti-cgt-armllvm_4.0.3.LTS\lib\armv6m-ti-none-eabi\c\</path>
         <kind>archive</kind>
         <file>libsysbm.a</file>
         <name>hostrename.c.obj</name>
      </input_file>
      <input_file id="fl-110">
         <path>D:\TI\CCS\ccs\tools\compiler\ti-cgt-armllvm_4.0.3.LTS\lib\armv6m-ti-none-eabi\c\</path>
         <kind>archive</kind>
         <file>libsysbm.a</file>
         <name>hostunlink.c.obj</name>
      </input_file>
      <input_file id="fl-111">
         <path>D:\TI\CCS\ccs\tools\compiler\ti-cgt-armllvm_4.0.3.LTS\lib\armv6m-ti-none-eabi\c\</path>
         <kind>archive</kind>
         <file>libsysbm.a</file>
         <name>hostwrite.c.obj</name>
      </input_file>
      <input_file id="fl-112">
         <path>D:\TI\CCS\ccs\tools\compiler\ti-cgt-armllvm_4.0.3.LTS\lib\armv6m-ti-none-eabi\c\</path>
         <kind>archive</kind>
         <file>libsysbm.a</file>
         <name>trgmsg.c.obj</name>
      </input_file>
      <input_file id="fl-113">
         <path>D:\TI\CCS\ccs\tools\compiler\ti-cgt-armllvm_4.0.3.LTS\lib\armv6m-ti-none-eabi\</path>
         <kind>archive</kind>
         <file>libclang_rt.builtins.a</file>
         <name>addsf3.S.obj</name>
      </input_file>
      <input_file id="fl-114">
         <path>D:\TI\CCS\ccs\tools\compiler\ti-cgt-armllvm_4.0.3.LTS\lib\armv6m-ti-none-eabi\</path>
         <kind>archive</kind>
         <file>libclang_rt.builtins.a</file>
         <name>adddf3.S.obj</name>
      </input_file>
      <input_file id="fl-115">
         <path>D:\TI\CCS\ccs\tools\compiler\ti-cgt-armllvm_4.0.3.LTS\lib\armv6m-ti-none-eabi\</path>
         <kind>archive</kind>
         <file>libclang_rt.builtins.a</file>
         <name>muldf3.S.obj</name>
      </input_file>
      <input_file id="fl-116">
         <path>D:\TI\CCS\ccs\tools\compiler\ti-cgt-armllvm_4.0.3.LTS\lib\armv6m-ti-none-eabi\</path>
         <kind>archive</kind>
         <file>libclang_rt.builtins.a</file>
         <name>muldsi3.S.obj</name>
      </input_file>
      <input_file id="fl-117">
         <path>D:\TI\CCS\ccs\tools\compiler\ti-cgt-armllvm_4.0.3.LTS\lib\armv6m-ti-none-eabi\</path>
         <kind>archive</kind>
         <file>libclang_rt.builtins.a</file>
         <name>mulsf3.S.obj</name>
      </input_file>
      <input_file id="fl-118">
         <path>D:\TI\CCS\ccs\tools\compiler\ti-cgt-armllvm_4.0.3.LTS\lib\armv6m-ti-none-eabi\</path>
         <kind>archive</kind>
         <file>libclang_rt.builtins.a</file>
         <name>divsf3.S.obj</name>
      </input_file>
      <input_file id="fl-119">
         <path>D:\TI\CCS\ccs\tools\compiler\ti-cgt-armllvm_4.0.3.LTS\lib\armv6m-ti-none-eabi\</path>
         <kind>archive</kind>
         <file>libclang_rt.builtins.a</file>
         <name>divdf3.S.obj</name>
      </input_file>
      <input_file id="fl-11a">
         <path>D:\TI\CCS\ccs\tools\compiler\ti-cgt-armllvm_4.0.3.LTS\lib\armv6m-ti-none-eabi\</path>
         <kind>archive</kind>
         <file>libclang_rt.builtins.a</file>
         <name>extendsfdf2.S.obj</name>
      </input_file>
      <input_file id="fl-11b">
         <path>D:\TI\CCS\ccs\tools\compiler\ti-cgt-armllvm_4.0.3.LTS\lib\armv6m-ti-none-eabi\</path>
         <kind>archive</kind>
         <file>libclang_rt.builtins.a</file>
         <name>fixdfsi.S.obj</name>
      </input_file>
      <input_file id="fl-11c">
         <path>D:\TI\CCS\ccs\tools\compiler\ti-cgt-armllvm_4.0.3.LTS\lib\armv6m-ti-none-eabi\</path>
         <kind>archive</kind>
         <file>libclang_rt.builtins.a</file>
         <name>fixsfsi.S.obj</name>
      </input_file>
      <input_file id="fl-11d">
         <path>D:\TI\CCS\ccs\tools\compiler\ti-cgt-armllvm_4.0.3.LTS\lib\armv6m-ti-none-eabi\</path>
         <kind>archive</kind>
         <file>libclang_rt.builtins.a</file>
         <name>fixunssfsi.S.obj</name>
      </input_file>
      <input_file id="fl-11e">
         <path>D:\TI\CCS\ccs\tools\compiler\ti-cgt-armllvm_4.0.3.LTS\lib\armv6m-ti-none-eabi\</path>
         <kind>archive</kind>
         <file>libclang_rt.builtins.a</file>
         <name>floatsidf.S.obj</name>
      </input_file>
      <input_file id="fl-11f">
         <path>D:\TI\CCS\ccs\tools\compiler\ti-cgt-armllvm_4.0.3.LTS\lib\armv6m-ti-none-eabi\</path>
         <kind>archive</kind>
         <file>libclang_rt.builtins.a</file>
         <name>floatsisf.S.obj</name>
      </input_file>
      <input_file id="fl-120">
         <path>D:\TI\CCS\ccs\tools\compiler\ti-cgt-armllvm_4.0.3.LTS\lib\armv6m-ti-none-eabi\</path>
         <kind>archive</kind>
         <file>libclang_rt.builtins.a</file>
         <name>floatunsidf.S.obj</name>
      </input_file>
      <input_file id="fl-121">
         <path>D:\TI\CCS\ccs\tools\compiler\ti-cgt-armllvm_4.0.3.LTS\lib\armv6m-ti-none-eabi\</path>
         <kind>archive</kind>
         <file>libclang_rt.builtins.a</file>
         <name>muldi3.S.obj</name>
      </input_file>
      <input_file id="fl-122">
         <path>D:\TI\CCS\ccs\tools\compiler\ti-cgt-armllvm_4.0.3.LTS\lib\armv6m-ti-none-eabi\</path>
         <kind>archive</kind>
         <file>libclang_rt.builtins.a</file>
         <name>truncdfsf2.S.obj</name>
      </input_file>
      <input_file id="fl-123">
         <path>D:\TI\CCS\ccs\tools\compiler\ti-cgt-armllvm_4.0.3.LTS\lib\armv6m-ti-none-eabi\</path>
         <kind>archive</kind>
         <file>libclang_rt.builtins.a</file>
         <name>aeabi_dcmp.S.obj</name>
      </input_file>
      <input_file id="fl-124">
         <path>D:\TI\CCS\ccs\tools\compiler\ti-cgt-armllvm_4.0.3.LTS\lib\armv6m-ti-none-eabi\</path>
         <kind>archive</kind>
         <file>libclang_rt.builtins.a</file>
         <name>aeabi_fcmp.S.obj</name>
      </input_file>
      <input_file id="fl-125">
         <path>D:\TI\CCS\ccs\tools\compiler\ti-cgt-armllvm_4.0.3.LTS\lib\armv6m-ti-none-eabi\</path>
         <kind>archive</kind>
         <file>libclang_rt.builtins.a</file>
         <name>aeabi_idivmod.S.obj</name>
      </input_file>
      <input_file id="fl-126">
         <path>D:\TI\CCS\ccs\tools\compiler\ti-cgt-armllvm_4.0.3.LTS\lib\armv6m-ti-none-eabi\</path>
         <kind>archive</kind>
         <file>libclang_rt.builtins.a</file>
         <name>aeabi_memcpy.S.obj</name>
      </input_file>
      <input_file id="fl-127">
         <path>D:\TI\CCS\ccs\tools\compiler\ti-cgt-armllvm_4.0.3.LTS\lib\armv6m-ti-none-eabi\</path>
         <kind>archive</kind>
         <file>libclang_rt.builtins.a</file>
         <name>aeabi_memset.S.obj</name>
      </input_file>
      <input_file id="fl-128">
         <path>D:\TI\CCS\ccs\tools\compiler\ti-cgt-armllvm_4.0.3.LTS\lib\armv6m-ti-none-eabi\</path>
         <kind>archive</kind>
         <file>libclang_rt.builtins.a</file>
         <name>aeabi_uidivmod.S.obj</name>
      </input_file>
      <input_file id="fl-129">
         <path>D:\TI\CCS\ccs\tools\compiler\ti-cgt-armllvm_4.0.3.LTS\lib\armv6m-ti-none-eabi\</path>
         <kind>archive</kind>
         <file>libclang_rt.builtins.a</file>
         <name>aeabi_uldivmod.S.obj</name>
      </input_file>
      <input_file id="fl-12a">
         <path>D:\TI\CCS\ccs\tools\compiler\ti-cgt-armllvm_4.0.3.LTS\lib\armv6m-ti-none-eabi\</path>
         <kind>archive</kind>
         <file>libclang_rt.builtins.a</file>
         <name>comparesf2.S.obj</name>
      </input_file>
      <input_file id="fl-12b">
         <path>D:\TI\CCS\ccs\tools\compiler\ti-cgt-armllvm_4.0.3.LTS\lib\armv6m-ti-none-eabi\</path>
         <kind>archive</kind>
         <file>libclang_rt.builtins.a</file>
         <name>udivmoddi4.S.obj</name>
      </input_file>
      <input_file id="fl-12c">
         <path>D:\TI\CCS\ccs\tools\compiler\ti-cgt-armllvm_4.0.3.LTS\lib\armv6m-ti-none-eabi\</path>
         <kind>archive</kind>
         <file>libclang_rt.builtins.a</file>
         <name>ashldi3.S.obj</name>
      </input_file>
      <input_file id="fl-12d">
         <path>D:\TI\CCS\ccs\tools\compiler\ti-cgt-armllvm_4.0.3.LTS\lib\armv6m-ti-none-eabi\</path>
         <kind>archive</kind>
         <file>libclang_rt.builtins.a</file>
         <name>comparedf2.c.obj</name>
      </input_file>
      <input_file id="fl-12e">
         <path>D:\TI\CCS\ccs\tools\compiler\ti-cgt-armllvm_4.0.3.LTS\lib\armv6m-ti-none-eabi\</path>
         <kind>archive</kind>
         <file>libclang_rt.builtins.a</file>
         <name>aeabi_div0.c.obj</name>
      </input_file>
      <input_file id="fl-12f">
         <path>D:\TI\CCS\ccs\tools\compiler\ti-cgt-armllvm_4.0.3.LTS\lib\armv6m-ti-none-eabi\c\</path>
         <kind>archive</kind>
         <file>libc.a</file>
         <name>getdevice.c.obj</name>
      </input_file>
      <input_file id="fl-130">
         <path>D:\TI\CCS\ccs\tools\compiler\ti-cgt-armllvm_4.0.3.LTS\lib\armv6m-ti-none-eabi\c\</path>
         <kind>archive</kind>
         <file>libc.a</file>
         <name>memcpy16.S.obj</name>
      </input_file>
      <input_file id="fl-131">
         <path>D:\TI\CCS\ccs\tools\compiler\ti-cgt-armllvm_4.0.3.LTS\lib\armv6m-ti-none-eabi\c\</path>
         <kind>archive</kind>
         <file>libc.a</file>
         <name>memset16.S.obj</name>
      </input_file>
      <input_file id="fl-132">
         <path>D:\TI\CCS\ccs\tools\compiler\ti-cgt-armllvm_4.0.3.LTS\lib\armv6m-ti-none-eabi\c\</path>
         <kind>archive</kind>
         <file>libc.a</file>
         <name>strcmp-armv6m.S.obj</name>
      </input_file>
   </input_file_list>
   <object_component_list>
      <object_component id="oc-18">
         <name>.intvecs</name>
         <load_address>0x0</load_address>
         <readonly>true</readonly>
         <run_address>0x0</run_address>
         <size>0xc0</size>
         <alignment>0x4</alignment>
         <input_file_ref idref="fl-3"/>
      </object_component>
      <object_component id="oc-18e">
         <name>.text:__TI_printfi</name>
         <load_address>0xc0</load_address>
         <readonly>true</readonly>
         <executable>true</executable>
         <run_address>0xc0</run_address>
         <size>0x9d0</size>
         <alignment>0x4</alignment>
         <input_file_ref idref="fl-4c"/>
      </object_component>
      <object_component id="oc-10e">
         <name>.text.normalizeAnalogValues</name>
         <load_address>0xa90</load_address>
         <readonly>true</readonly>
         <executable>true</executable>
         <run_address>0xa90</run_address>
         <size>0x234</size>
         <alignment>0x2</alignment>
         <input_file_ref idref="fl-7"/>
      </object_component>
      <object_component id="oc-225">
         <name>.text._pconv_a</name>
         <load_address>0xcc4</load_address>
         <readonly>true</readonly>
         <executable>true</executable>
         <run_address>0xcc4</run_address>
         <size>0x220</size>
         <alignment>0x4</alignment>
         <input_file_ref idref="fl-4c"/>
      </object_component>
      <object_component id="oc-226">
         <name>.text._pconv_g</name>
         <load_address>0xee4</load_address>
         <readonly>true</readonly>
         <executable>true</executable>
         <run_address>0xee4</run_address>
         <size>0x1dc</size>
         <alignment>0x4</alignment>
         <input_file_ref idref="fl-4c"/>
      </object_component>
      <object_component id="oc-198">
         <name>.text.Key_Handle</name>
         <load_address>0x10c0</load_address>
         <readonly>true</readonly>
         <executable>true</executable>
         <run_address>0x10c0</run_address>
         <size>0x1d0</size>
         <alignment>0x4</alignment>
         <input_file_ref idref="fl-9"/>
      </object_component>
      <object_component id="oc-11c">
         <name>.text.adddf3_subdf3</name>
         <load_address>0x1290</load_address>
         <readonly>true</readonly>
         <executable>true</executable>
         <run_address>0x1290</run_address>
         <size>0x192</size>
         <alignment>0x4</alignment>
         <input_file_ref idref="fl-114"/>
      </object_component>
      <object_component id="oc-33">
         <name>.text.Default_Handler</name>
         <load_address>0x1422</load_address>
         <readonly>true</readonly>
         <executable>true</executable>
         <run_address>0x1422</run_address>
         <size>0x2</size>
         <alignment>0x2</alignment>
         <input_file_ref idref="fl-3"/>
      </object_component>
      <object_component id="oc-c0">
         <name>.text.No_MCU_Ganv_Sensor_Init</name>
         <load_address>0x1424</load_address>
         <readonly>true</readonly>
         <executable>true</executable>
         <run_address>0x1424</run_address>
         <size>0x18c</size>
         <alignment>0x4</alignment>
         <input_file_ref idref="fl-7"/>
      </object_component>
      <object_component id="oc-10d">
         <name>.text.Get_Analog_value</name>
         <load_address>0x15b0</load_address>
         <readonly>true</readonly>
         <executable>true</executable>
         <run_address>0x15b0</run_address>
         <size>0x160</size>
         <alignment>0x4</alignment>
         <input_file_ref idref="fl-7"/>
      </object_component>
      <object_component id="oc-7b">
         <name>.text.main</name>
         <load_address>0x1710</load_address>
         <readonly>true</readonly>
         <executable>true</executable>
         <run_address>0x1710</run_address>
         <size>0x140</size>
         <alignment>0x4</alignment>
         <input_file_ref idref="fl-1"/>
      </object_component>
      <object_component id="oc-27b">
         <name>.text.fcvt</name>
         <load_address>0x1850</load_address>
         <readonly>true</readonly>
         <executable>true</executable>
         <run_address>0x1850</run_address>
         <size>0x13c</size>
         <alignment>0x4</alignment>
         <input_file_ref idref="fl-4c"/>
      </object_component>
      <object_component id="oc-d0">
         <name>.text.Question_Task_1</name>
         <load_address>0x198c</load_address>
         <readonly>true</readonly>
         <executable>true</executable>
         <run_address>0x198c</run_address>
         <size>0x124</size>
         <alignment>0x4</alignment>
         <input_file_ref idref="fl-e"/>
      </object_component>
      <object_component id="oc-b7">
         <name>.text.No_Mcu_Ganv_Sensor_Task_Without_tick</name>
         <load_address>0x1ab0</load_address>
         <readonly>true</readonly>
         <executable>true</executable>
         <run_address>0x1ab0</run_address>
         <size>0x120</size>
         <alignment>0x2</alignment>
         <input_file_ref idref="fl-7"/>
      </object_component>
      <object_component id="oc-228">
         <name>.text._pconv_e</name>
         <load_address>0x1bd0</load_address>
         <readonly>true</readonly>
         <executable>true</executable>
         <run_address>0x1bd0</run_address>
         <size>0x120</size>
         <alignment>0x4</alignment>
         <input_file_ref idref="fl-4c"/>
      </object_component>
      <object_component id="oc-120">
         <name>.text.__divdf3</name>
         <load_address>0x1cf0</load_address>
         <readonly>true</readonly>
         <executable>true</executable>
         <run_address>0x1cf0</run_address>
         <size>0x10c</size>
         <alignment>0x4</alignment>
         <input_file_ref idref="fl-119"/>
      </object_component>
      <object_component id="oc-1d0">
         <name>.text.DL_Timer_initFourCCPWMMode</name>
         <load_address>0x1dfc</load_address>
         <readonly>true</readonly>
         <executable>true</executable>
         <run_address>0x1dfc</run_address>
         <size>0x104</size>
         <alignment>0x4</alignment>
         <input_file_ref idref="fl-26"/>
      </object_component>
      <object_component id="oc-232">
         <name>.text.Beep_Times</name>
         <load_address>0x1f00</load_address>
         <readonly>true</readonly>
         <executable>true</executable>
         <run_address>0x1f00</run_address>
         <size>0xf8</size>
         <alignment>0x4</alignment>
         <input_file_ref idref="fl-4"/>
      </object_component>
      <object_component id="oc-1db">
         <name>.text.DL_Timer_initTimerMode</name>
         <load_address>0x1ff8</load_address>
         <readonly>true</readonly>
         <executable>true</executable>
         <run_address>0x1ff8</run_address>
         <size>0xe8</size>
         <alignment>0x4</alignment>
         <input_file_ref idref="fl-26"/>
      </object_component>
      <object_component id="oc-12f">
         <name>.text.LineWalking</name>
         <load_address>0x20e0</load_address>
         <readonly>true</readonly>
         <executable>true</executable>
         <run_address>0x20e0</run_address>
         <size>0xe4</size>
         <alignment>0x4</alignment>
         <input_file_ref idref="fl-8"/>
      </object_component>
      <object_component id="oc-27d">
         <name>.text.Send_Motor_ArrayU8</name>
         <load_address>0x21c4</load_address>
         <readonly>true</readonly>
         <executable>true</executable>
         <run_address>0x21c4</run_address>
         <size>0xe4</size>
         <alignment>0x4</alignment>
         <input_file_ref idref="fl-d"/>
      </object_component>
      <object_component id="oc-17f">
         <name>.text.__muldf3</name>
         <load_address>0x22a8</load_address>
         <readonly>true</readonly>
         <executable>true</executable>
         <run_address>0x22a8</run_address>
         <size>0xe4</size>
         <alignment>0x4</alignment>
         <input_file_ref idref="fl-115"/>
      </object_component>
      <object_component id="oc-1c7">
         <name>.text.DL_SYSCTL_configSYSPLL</name>
         <load_address>0x238c</load_address>
         <readonly>true</readonly>
         <executable>true</executable>
         <run_address>0x238c</run_address>
         <size>0xdc</size>
         <alignment>0x4</alignment>
         <input_file_ref idref="fl-28"/>
      </object_component>
      <object_component id="oc-163">
         <name>.text.SYSCFG_DL_GPIO_init</name>
         <load_address>0x2468</load_address>
         <readonly>true</readonly>
         <executable>true</executable>
         <run_address>0x2468</run_address>
         <size>0xdc</size>
         <alignment>0x4</alignment>
         <input_file_ref idref="fl-2"/>
      </object_component>
      <object_component id="oc-ce">
         <name>.text.Question_Task_4</name>
         <load_address>0x2544</load_address>
         <readonly>true</readonly>
         <executable>true</executable>
         <run_address>0x2544</run_address>
         <size>0xd8</size>
         <alignment>0x4</alignment>
         <input_file_ref idref="fl-e"/>
      </object_component>
      <object_component id="oc-cf">
         <name>.text.Question_Task_5</name>
         <load_address>0x261c</load_address>
         <readonly>true</readonly>
         <executable>true</executable>
         <run_address>0x261c</run_address>
         <size>0xd8</size>
         <alignment>0x4</alignment>
         <input_file_ref idref="fl-e"/>
      </object_component>
      <object_component id="oc-c7">
         <name>.text.Question_Task_6</name>
         <load_address>0x26f4</load_address>
         <readonly>true</readonly>
         <executable>true</executable>
         <run_address>0x26f4</run_address>
         <size>0xd8</size>
         <alignment>0x4</alignment>
         <input_file_ref idref="fl-e"/>
      </object_component>
      <object_component id="oc-26e">
         <name>.text.scalbn</name>
         <load_address>0x27cc</load_address>
         <readonly>true</readonly>
         <executable>true</executable>
         <run_address>0x27cc</run_address>
         <size>0xd8</size>
         <alignment>0x4</alignment>
         <input_file_ref idref="fl-4e"/>
      </object_component>
      <object_component id="oc-1a3">
         <name>.text</name>
         <load_address>0x28a4</load_address>
         <readonly>true</readonly>
         <executable>true</executable>
         <run_address>0x28a4</run_address>
         <size>0xd8</size>
         <alignment>0x4</alignment>
         <input_file_ref idref="fl-113"/>
      </object_component>
      <object_component id="oc-1af">
         <name>.text.Motion_Car_Control</name>
         <load_address>0x297c</load_address>
         <readonly>true</readonly>
         <executable>true</executable>
         <run_address>0x297c</run_address>
         <size>0xb4</size>
         <alignment>0x4</alignment>
         <input_file_ref idref="fl-b"/>
      </object_component>
      <object_component id="oc-265">
         <name>.text</name>
         <load_address>0x2a30</load_address>
         <readonly>true</readonly>
         <executable>true</executable>
         <run_address>0x2a30</run_address>
         <size>0xa2</size>
         <alignment>0x4</alignment>
         <input_file_ref idref="fl-12b"/>
      </object_component>
      <object_component id="oc-9f">
         <name>.text:memcpy</name>
         <load_address>0x2ad2</load_address>
         <readonly>true</readonly>
         <executable>true</executable>
         <run_address>0x2ad2</run_address>
         <size>0x9a</size>
         <alignment>0x1</alignment>
         <input_file_ref idref="fl-130"/>
      </object_component>
      <object_component id="oc-161">
         <name>.text.SYSCFG_DL_initPower</name>
         <load_address>0x2b6c</load_address>
         <readonly>true</readonly>
         <executable>true</executable>
         <run_address>0x2b6c</run_address>
         <size>0x94</size>
         <alignment>0x4</alignment>
         <input_file_ref idref="fl-2"/>
      </object_component>
      <object_component id="oc-168">
         <name>.text.SYSCFG_DL_PWM_MOTOR_init</name>
         <load_address>0x2c00</load_address>
         <readonly>true</readonly>
         <executable>true</executable>
         <run_address>0x2c00</run_address>
         <size>0x8c</size>
         <alignment>0x4</alignment>
         <input_file_ref idref="fl-2"/>
      </object_component>
      <object_component id="oc-1a7">
         <name>.text.__mulsf3</name>
         <load_address>0x2c8c</load_address>
         <readonly>true</readonly>
         <executable>true</executable>
         <run_address>0x2c8c</run_address>
         <size>0x8c</size>
         <alignment>0x4</alignment>
         <input_file_ref idref="fl-117"/>
      </object_component>
      <object_component id="oc-c8">
         <name>.text.TB_Control</name>
         <load_address>0x2d18</load_address>
         <readonly>true</readonly>
         <executable>true</executable>
         <run_address>0x2d18</run_address>
         <size>0x88</size>
         <alignment>0x4</alignment>
         <input_file_ref idref="fl-11"/>
      </object_component>
      <object_component id="oc-16b">
         <name>.text.SYSCFG_DL_UART_0_init</name>
         <load_address>0x2da0</load_address>
         <readonly>true</readonly>
         <executable>true</executable>
         <run_address>0x2da0</run_address>
         <size>0x84</size>
         <alignment>0x4</alignment>
         <input_file_ref idref="fl-2"/>
      </object_component>
      <object_component id="oc-23d">
         <name>.text.__divsf3</name>
         <load_address>0x2e24</load_address>
         <readonly>true</readonly>
         <executable>true</executable>
         <run_address>0x2e24</run_address>
         <size>0x82</size>
         <alignment>0x4</alignment>
         <input_file_ref idref="fl-118"/>
      </object_component>
      <object_component id="oc-18f">
         <name>.text.__aeabi_idiv0</name>
         <load_address>0x2ea6</load_address>
         <readonly>true</readonly>
         <executable>true</executable>
         <run_address>0x2ea6</run_address>
         <size>0x2</size>
         <alignment>0x2</alignment>
         <input_file_ref idref="fl-12e"/>
      </object_component>
      <object_component id="oc-1c">
         <name>.text:decompress:lzss</name>
         <load_address>0x2ea8</load_address>
         <readonly>true</readonly>
         <executable>true</executable>
         <run_address>0x2ea8</run_address>
         <size>0x7c</size>
         <alignment>0x4</alignment>
         <input_file_ref idref="fl-4b"/>
      </object_component>
      <object_component id="oc-175">
         <name>.text.adc_getValue</name>
         <load_address>0x2f24</load_address>
         <readonly>true</readonly>
         <executable>true</executable>
         <run_address>0x2f24</run_address>
         <size>0x78</size>
         <alignment>0x4</alignment>
         <input_file_ref idref="fl-5"/>
      </object_component>
      <object_component id="oc-165">
         <name>.text.SYSCFG_DL_BUZZER_init</name>
         <load_address>0x2f9c</load_address>
         <readonly>true</readonly>
         <executable>true</executable>
         <run_address>0x2f9c</run_address>
         <size>0x74</size>
         <alignment>0x4</alignment>
         <input_file_ref idref="fl-2"/>
      </object_component>
      <object_component id="oc-167">
         <name>.text.SYSCFG_DL_PWM_PHI_init</name>
         <load_address>0x3010</load_address>
         <readonly>true</readonly>
         <executable>true</executable>
         <run_address>0x3010</run_address>
         <size>0x74</size>
         <alignment>0x4</alignment>
         <input_file_ref idref="fl-2"/>
      </object_component>
      <object_component id="oc-204">
         <name>.text.__gedf2</name>
         <load_address>0x3084</load_address>
         <readonly>true</readonly>
         <executable>true</executable>
         <run_address>0x3084</run_address>
         <size>0x74</size>
         <alignment>0x4</alignment>
         <input_file_ref idref="fl-12d"/>
      </object_component>
      <object_component id="oc-16c">
         <name>.text.SYSCFG_DL_MOTOR_init</name>
         <load_address>0x30f8</load_address>
         <readonly>true</readonly>
         <executable>true</executable>
         <run_address>0x30f8</run_address>
         <size>0x70</size>
         <alignment>0x4</alignment>
         <input_file_ref idref="fl-2"/>
      </object_component>
      <object_component id="oc-166">
         <name>.text.SYSCFG_DL_PWM_THETA_init</name>
         <load_address>0x3168</load_address>
         <readonly>true</readonly>
         <executable>true</executable>
         <run_address>0x3168</run_address>
         <size>0x6c</size>
         <alignment>0x4</alignment>
         <input_file_ref idref="fl-2"/>
      </object_component>
      <object_component id="oc-12a">
         <name>.text.deal_IRdata</name>
         <load_address>0x31d4</load_address>
         <readonly>true</readonly>
         <executable>true</executable>
         <run_address>0x31d4</run_address>
         <size>0x6c</size>
         <alignment>0x4</alignment>
         <input_file_ref idref="fl-8"/>
      </object_component>
      <object_component id="oc-1fe">
         <name>.text.__ledf2</name>
         <load_address>0x3240</load_address>
         <readonly>true</readonly>
         <executable>true</executable>
         <run_address>0x3240</run_address>
         <size>0x68</size>
         <alignment>0x4</alignment>
         <input_file_ref idref="fl-12d"/>
      </object_component>
      <object_component id="oc-27a">
         <name>.text._mcpy</name>
         <load_address>0x32a8</load_address>
         <readonly>true</readonly>
         <executable>true</executable>
         <run_address>0x32a8</run_address>
         <size>0x66</size>
         <alignment>0x2</alignment>
         <input_file_ref idref="fl-4c"/>
      </object_component>
      <object_component id="oc-289">
         <name>.text.__aeabi_ldiv0</name>
         <load_address>0x330e</load_address>
         <readonly>true</readonly>
         <executable>true</executable>
         <run_address>0x330e</run_address>
         <size>0x2</size>
         <alignment>0x2</alignment>
         <input_file_ref idref="fl-12e"/>
      </object_component>
      <object_component id="oc-164">
         <name>.text.SYSCFG_DL_SYSCTL_init</name>
         <load_address>0x3310</load_address>
         <readonly>true</readonly>
         <executable>true</executable>
         <run_address>0x3310</run_address>
         <size>0x64</size>
         <alignment>0x4</alignment>
         <input_file_ref idref="fl-2"/>
      </object_component>
      <object_component id="oc-183">
         <name>.text.__aeabi_dcmp</name>
         <load_address>0x3374</load_address>
         <readonly>true</readonly>
         <executable>true</executable>
         <run_address>0x3374</run_address>
         <size>0x62</size>
         <alignment>0x4</alignment>
         <input_file_ref idref="fl-123"/>
      </object_component>
      <object_component id="oc-101">
         <name>.text:memset</name>
         <load_address>0x33d6</load_address>
         <readonly>true</readonly>
         <executable>true</executable>
         <run_address>0x33d6</run_address>
         <size>0x62</size>
         <alignment>0x1</alignment>
         <input_file_ref idref="fl-131"/>
      </object_component>
      <object_component id="oc-102">
         <name>.text.SYSCFG_DL_init</name>
         <load_address>0x3438</load_address>
         <readonly>true</readonly>
         <executable>true</executable>
         <run_address>0x3438</run_address>
         <size>0x60</size>
         <alignment>0x4</alignment>
         <input_file_ref idref="fl-2"/>
      </object_component>
      <object_component id="oc-26a">
         <name>.text.frexp</name>
         <load_address>0x3498</load_address>
         <readonly>true</readonly>
         <executable>true</executable>
         <run_address>0x3498</run_address>
         <size>0x5c</size>
         <alignment>0x4</alignment>
         <input_file_ref idref="fl-4d"/>
      </object_component>
      <object_component id="oc-272">
         <name>.text.__TI_ltoa</name>
         <load_address>0x34f4</load_address>
         <readonly>true</readonly>
         <executable>true</executable>
         <run_address>0x34f4</run_address>
         <size>0x58</size>
         <alignment>0x2</alignment>
         <input_file_ref idref="fl-55"/>
      </object_component>
      <object_component id="oc-227">
         <name>.text._pconv_f</name>
         <load_address>0x354c</load_address>
         <readonly>true</readonly>
         <executable>true</executable>
         <run_address>0x354c</run_address>
         <size>0x58</size>
         <alignment>0x2</alignment>
         <input_file_ref idref="fl-4c"/>
      </object_component>
      <object_component id="oc-295">
         <name>.text.__aeabi_idivmod</name>
         <load_address>0x35a4</load_address>
         <readonly>true</readonly>
         <executable>true</executable>
         <run_address>0x35a4</run_address>
         <size>0x56</size>
         <alignment>0x4</alignment>
         <input_file_ref idref="fl-125"/>
      </object_component>
      <object_component id="oc-16a">
         <name>.text.SYSCFG_DL_Sensor_init</name>
         <load_address>0x35fc</load_address>
         <readonly>true</readonly>
         <executable>true</executable>
         <run_address>0x35fc</run_address>
         <size>0x54</size>
         <alignment>0x4</alignment>
         <input_file_ref idref="fl-2"/>
      </object_component>
      <object_component id="oc-278">
         <name>.text._ecpy</name>
         <load_address>0x3650</load_address>
         <readonly>true</readonly>
         <executable>true</executable>
         <run_address>0x3650</run_address>
         <size>0x52</size>
         <alignment>0x2</alignment>
         <input_file_ref idref="fl-4c"/>
      </object_component>
      <object_component id="oc-66">
         <name>.text.Buzzer_Handle</name>
         <load_address>0x36a4</load_address>
         <readonly>true</readonly>
         <executable>true</executable>
         <run_address>0x36a4</run_address>
         <size>0x50</size>
         <alignment>0x4</alignment>
         <input_file_ref idref="fl-4"/>
      </object_component>
      <object_component id="oc-22c">
         <name>.text.Contrl_Pwm</name>
         <load_address>0x36f4</load_address>
         <readonly>true</readonly>
         <executable>true</executable>
         <run_address>0x36f4</run_address>
         <size>0x4c</size>
         <alignment>0x4</alignment>
         <input_file_ref idref="fl-c"/>
      </object_component>
      <object_component id="oc-177">
         <name>.text.__fixdfsi</name>
         <load_address>0x3740</load_address>
         <readonly>true</readonly>
         <executable>true</executable>
         <run_address>0x3740</run_address>
         <size>0x4a</size>
         <alignment>0x4</alignment>
         <input_file_ref idref="fl-11b"/>
      </object_component>
      <object_component id="oc-1eb">
         <name>.text.DL_UART_init</name>
         <load_address>0x378c</load_address>
         <readonly>true</readonly>
         <executable>true</executable>
         <run_address>0x378c</run_address>
         <size>0x48</size>
         <alignment>0x4</alignment>
         <input_file_ref idref="fl-27"/>
      </object_component>
      <object_component id="oc-169">
         <name>.text.SYSCFG_DL_TIMER_0_init</name>
         <load_address>0x37d4</load_address>
         <readonly>true</readonly>
         <executable>true</executable>
         <run_address>0x37d4</run_address>
         <size>0x48</size>
         <alignment>0x4</alignment>
         <input_file_ref idref="fl-2"/>
      </object_component>
      <object_component id="oc-1cd">
         <name>.text.DL_SYSCTL_switchMCLKfromSYSOSCtoHSCLK</name>
         <load_address>0x381c</load_address>
         <readonly>true</readonly>
         <executable>true</executable>
         <run_address>0x381c</run_address>
         <size>0x44</size>
         <alignment>0x4</alignment>
         <input_file_ref idref="fl-28"/>
      </object_component>
      <object_component id="oc-34">
         <name>.text.UART0_IRQHandler</name>
         <load_address>0x3860</load_address>
         <readonly>true</readonly>
         <executable>true</executable>
         <run_address>0x3860</run_address>
         <size>0x44</size>
         <alignment>0x4</alignment>
         <input_file_ref idref="fl-15"/>
      </object_component>
      <object_component id="oc-a5">
         <name>.text.delay_ms</name>
         <load_address>0x38a4</load_address>
         <readonly>true</readonly>
         <executable>true</executable>
         <run_address>0x38a4</run_address>
         <size>0x44</size>
         <alignment>0x4</alignment>
         <input_file_ref idref="fl-14"/>
      </object_component>
      <object_component id="oc-1f0">
         <name>.text.DL_ADC12_setClockConfig</name>
         <load_address>0x38e8</load_address>
         <readonly>true</readonly>
         <executable>true</executable>
         <run_address>0x38e8</run_address>
         <size>0x40</size>
         <alignment>0x4</alignment>
         <input_file_ref idref="fl-23"/>
      </object_component>
      <object_component id="oc-114">
         <name>.text.__aeabi_uidivmod</name>
         <load_address>0x3928</load_address>
         <readonly>true</readonly>
         <executable>true</executable>
         <run_address>0x3928</run_address>
         <size>0x40</size>
         <alignment>0x4</alignment>
         <input_file_ref idref="fl-128"/>
      </object_component>
      <object_component id="oc-20f">
         <name>.text.atoi</name>
         <load_address>0x3968</load_address>
         <readonly>true</readonly>
         <executable>true</executable>
         <run_address>0x3968</run_address>
         <size>0x40</size>
         <alignment>0x4</alignment>
         <input_file_ref idref="fl-42"/>
      </object_component>
      <object_component id="oc-19f">
         <name>.text.__floatsisf</name>
         <load_address>0x39a8</load_address>
         <readonly>true</readonly>
         <executable>true</executable>
         <run_address>0x39a8</run_address>
         <size>0x3c</size>
         <alignment>0x4</alignment>
         <input_file_ref idref="fl-11f"/>
      </object_component>
      <object_component id="oc-e5">
         <name>.text:__TI_auto_init_nobinit_nopinit</name>
         <load_address>0x39e4</load_address>
         <readonly>true</readonly>
         <executable>true</executable>
         <run_address>0x39e4</run_address>
         <size>0x3c</size>
         <alignment>0x4</alignment>
         <input_file_ref idref="fl-46"/>
      </object_component>
      <object_component id="oc-1f9">
         <name>.text.__muldsi3</name>
         <load_address>0x3a20</load_address>
         <readonly>true</readonly>
         <executable>true</executable>
         <run_address>0x3a20</run_address>
         <size>0x3a</size>
         <alignment>0x4</alignment>
         <input_file_ref idref="fl-116"/>
      </object_component>
      <object_component id="oc-1ab">
         <name>.text.__fixsfsi</name>
         <load_address>0x3a5c</load_address>
         <readonly>true</readonly>
         <executable>true</executable>
         <run_address>0x3a5c</run_address>
         <size>0x38</size>
         <alignment>0x4</alignment>
         <input_file_ref idref="fl-11c"/>
      </object_component>
      <object_component id="oc-b9">
         <name>.text.sprintf</name>
         <load_address>0x3a94</load_address>
         <readonly>true</readonly>
         <executable>true</executable>
         <run_address>0x3a94</run_address>
         <size>0x38</size>
         <alignment>0x4</alignment>
         <input_file_ref idref="fl-3f"/>
      </object_component>
      <object_component id="oc-bf">
         <name>.text.USART_SendString</name>
         <load_address>0x3acc</load_address>
         <readonly>true</readonly>
         <executable>true</executable>
         <run_address>0x3acc</run_address>
         <size>0x34</size>
         <alignment>0x4</alignment>
         <input_file_ref idref="fl-15"/>
      </object_component>
      <object_component id="oc-16d">
         <name>.text.SYSCFG_DL_ADC1_init</name>
         <load_address>0x3b00</load_address>
         <readonly>true</readonly>
         <executable>true</executable>
         <run_address>0x3b00</run_address>
         <size>0x30</size>
         <alignment>0x4</alignment>
         <input_file_ref idref="fl-2"/>
      </object_component>
      <object_component id="oc-279">
         <name>.text._fcpy</name>
         <load_address>0x3b30</load_address>
         <readonly>true</readonly>
         <executable>true</executable>
         <run_address>0x3b30</run_address>
         <size>0x30</size>
         <alignment>0x2</alignment>
         <input_file_ref idref="fl-4c"/>
      </object_component>
      <object_component id="oc-17b">
         <name>.text.__floatsidf</name>
         <load_address>0x3b60</load_address>
         <readonly>true</readonly>
         <executable>true</executable>
         <run_address>0x3b60</run_address>
         <size>0x2c</size>
         <alignment>0x4</alignment>
         <input_file_ref idref="fl-11e"/>
      </object_component>
      <object_component id="oc-c2">
         <name>.text.Buzzer_Toggle</name>
         <load_address>0x3b8c</load_address>
         <readonly>true</readonly>
         <executable>true</executable>
         <run_address>0x3b8c</run_address>
         <size>0x28</size>
         <alignment>0x4</alignment>
         <input_file_ref idref="fl-4"/>
      </object_component>
      <object_component id="oc-5a">
         <name>.text:_c_int00_noargs</name>
         <load_address>0x3bb4</load_address>
         <readonly>true</readonly>
         <executable>true</executable>
         <run_address>0x3bb4</run_address>
         <size>0x28</size>
         <alignment>0x4</alignment>
         <input_file_ref idref="fl-44"/>
      </object_component>
      <object_component id="oc-1de">
         <name>.text.DL_I2C_setClockConfig</name>
         <load_address>0x3bdc</load_address>
         <readonly>true</readonly>
         <executable>true</executable>
         <run_address>0x3bdc</run_address>
         <size>0x26</size>
         <alignment>0x2</alignment>
         <input_file_ref idref="fl-25"/>
      </object_component>
      <object_component id="oc-3a">
         <name>.text.TIMG0_IRQHandler</name>
         <load_address>0x3c04</load_address>
         <readonly>true</readonly>
         <executable>true</executable>
         <run_address>0x3c04</run_address>
         <size>0x24</size>
         <alignment>0x4</alignment>
         <input_file_ref idref="fl-13"/>
      </object_component>
      <object_component id="oc-a4">
         <name>.text.USART_Init</name>
         <load_address>0x3c28</load_address>
         <readonly>true</readonly>
         <executable>true</executable>
         <run_address>0x3c28</run_address>
         <size>0x24</size>
         <alignment>0x4</alignment>
         <input_file_ref idref="fl-15"/>
      </object_component>
      <object_component id="oc-118">
         <name>.text.__floatunsidf</name>
         <load_address>0x3c4c</load_address>
         <readonly>true</readonly>
         <executable>true</executable>
         <run_address>0x3c4c</run_address>
         <size>0x24</size>
         <alignment>0x4</alignment>
         <input_file_ref idref="fl-120"/>
      </object_component>
      <object_component id="oc-21c">
         <name>.text.__muldi3</name>
         <load_address>0x3c70</load_address>
         <readonly>true</readonly>
         <executable>true</executable>
         <run_address>0x3c70</run_address>
         <size>0x24</size>
         <alignment>0x4</alignment>
         <input_file_ref idref="fl-121"/>
      </object_component>
      <object_component id="oc-208">
         <name>.text.memccpy</name>
         <load_address>0x3c94</load_address>
         <readonly>true</readonly>
         <executable>true</executable>
         <run_address>0x3c94</run_address>
         <size>0x22</size>
         <alignment>0x2</alignment>
         <input_file_ref idref="fl-59"/>
      </object_component>
      <object_component id="oc-c3">
         <name>.text.Scheduler_Run</name>
         <load_address>0x3cb8</load_address>
         <readonly>true</readonly>
         <executable>true</executable>
         <run_address>0x3cb8</run_address>
         <size>0x20</size>
         <alignment>0x4</alignment>
         <input_file_ref idref="fl-12"/>
      </object_component>
      <object_component id="oc-b8">
         <name>.text.Get_Anolog_Value</name>
         <load_address>0x3cd8</load_address>
         <readonly>true</readonly>
         <executable>true</executable>
         <run_address>0x3cd8</run_address>
         <size>0x1e</size>
         <alignment>0x2</alignment>
         <input_file_ref idref="fl-7"/>
      </object_component>
      <object_component id="oc-b1">
         <name>.text.No_MCU_Ganv_Sensor_Init_Frist</name>
         <load_address>0x3cf6</load_address>
         <readonly>true</readonly>
         <executable>true</executable>
         <run_address>0x3cf6</run_address>
         <size>0x1e</size>
         <alignment>0x2</alignment>
         <input_file_ref idref="fl-7"/>
      </object_component>
      <object_component id="oc-28a">
         <name>.text.__ashldi3</name>
         <load_address>0x3d14</load_address>
         <readonly>true</readonly>
         <executable>true</executable>
         <run_address>0x3d14</run_address>
         <size>0x1e</size>
         <alignment>0x4</alignment>
         <input_file_ref idref="fl-12c"/>
      </object_component>
      <object_component id="oc-1d2">
         <name>.text.DL_Timer_setCaptCompUpdateMethod</name>
         <load_address>0x3d34</load_address>
         <readonly>true</readonly>
         <executable>true</executable>
         <run_address>0x3d34</run_address>
         <size>0x1c</size>
         <alignment>0x4</alignment>
         <input_file_ref idref="fl-26"/>
      </object_component>
      <object_component id="oc-1cf">
         <name>.text.DL_Timer_setClockConfig</name>
         <load_address>0x3d50</load_address>
         <readonly>true</readonly>
         <executable>true</executable>
         <run_address>0x3d50</run_address>
         <size>0x1c</size>
         <alignment>0x4</alignment>
         <input_file_ref idref="fl-26"/>
      </object_component>
      <object_component id="oc-16e">
         <name>.text.SYSCFG_DL_SYSTICK_init</name>
         <load_address>0x3d6c</load_address>
         <readonly>true</readonly>
         <executable>true</executable>
         <run_address>0x3d6c</run_address>
         <size>0x1c</size>
         <alignment>0x4</alignment>
         <input_file_ref idref="fl-2"/>
      </object_component>
      <object_component id="oc-1d1">
         <name>.text.DL_Timer_setCaptureCompareOutCtl</name>
         <load_address>0x3d88</load_address>
         <readonly>true</readonly>
         <executable>true</executable>
         <run_address>0x3d88</run_address>
         <size>0x18</size>
         <alignment>0x4</alignment>
         <input_file_ref idref="fl-26"/>
      </object_component>
      <object_component id="oc-ac">
         <name>.text.State_Machine_init</name>
         <load_address>0x3da0</load_address>
         <readonly>true</readonly>
         <executable>true</executable>
         <run_address>0x3da0</run_address>
         <size>0x18</size>
         <alignment>0x4</alignment>
         <input_file_ref idref="fl-e"/>
      </object_component>
      <object_component id="oc-110">
         <name>.text._outs</name>
         <load_address>0x3db8</load_address>
         <readonly>true</readonly>
         <executable>true</executable>
         <run_address>0x3db8</run_address>
         <size>0x18</size>
         <alignment>0x2</alignment>
         <input_file_ref idref="fl-3f"/>
      </object_component>
      <object_component id="oc-221">
         <name>.text.__aeabi_uldivmod</name>
         <load_address>0x3dd0</load_address>
         <readonly>true</readonly>
         <executable>true</executable>
         <run_address>0x3dd0</run_address>
         <size>0x14</size>
         <alignment>0x4</alignment>
         <input_file_ref idref="fl-129"/>
      </object_component>
      <object_component id="oc-277">
         <name>.text.strchr</name>
         <load_address>0x3de4</load_address>
         <readonly>true</readonly>
         <executable>true</executable>
         <run_address>0x3de4</run_address>
         <size>0x14</size>
         <alignment>0x2</alignment>
         <input_file_ref idref="fl-4c"/>
      </object_component>
      <object_component id="oc-1e5">
         <name>.text.DL_UART_setClockConfig</name>
         <load_address>0x3df8</load_address>
         <readonly>true</readonly>
         <executable>true</executable>
         <run_address>0x3df8</run_address>
         <size>0x12</size>
         <alignment>0x2</alignment>
         <input_file_ref idref="fl-27"/>
      </object_component>
      <object_component id="oc-20">
         <name>.text:decompress:none</name>
         <load_address>0x3e0a</load_address>
         <readonly>true</readonly>
         <executable>true</executable>
         <run_address>0x3e0a</run_address>
         <size>0x12</size>
         <alignment>0x2</alignment>
         <input_file_ref idref="fl-4a"/>
      </object_component>
      <object_component id="oc-8e">
         <name>.text.DL_Timer_setCaptureCompareValue</name>
         <load_address>0x3e1c</load_address>
         <readonly>true</readonly>
         <executable>true</executable>
         <run_address>0x3e1c</run_address>
         <size>0x10</size>
         <alignment>0x4</alignment>
         <input_file_ref idref="fl-26"/>
      </object_component>
      <object_component id="oc-ab">
         <name>.text.PWM_Buzzer_Init</name>
         <load_address>0x3e2c</load_address>
         <readonly>true</readonly>
         <executable>true</executable>
         <run_address>0x3e2c</run_address>
         <size>0x10</size>
         <alignment>0x4</alignment>
         <input_file_ref idref="fl-4"/>
      </object_component>
      <object_component id="oc-213">
         <name>.text.wcslen</name>
         <load_address>0x3e3c</load_address>
         <readonly>true</readonly>
         <executable>true</executable>
         <run_address>0x3e3c</run_address>
         <size>0x10</size>
         <alignment>0x2</alignment>
         <input_file_ref idref="fl-50"/>
      </object_component>
      <object_component id="oc-57">
         <name>.text:decompress:ZI</name>
         <load_address>0x3e4c</load_address>
         <readonly>true</readonly>
         <executable>true</executable>
         <run_address>0x3e4c</run_address>
         <size>0x10</size>
         <alignment>0x2</alignment>
         <input_file_ref idref="fl-49"/>
      </object_component>
      <object_component id="oc-207">
         <name>.text.__aeabi_memset</name>
         <load_address>0x3e5c</load_address>
         <readonly>true</readonly>
         <executable>true</executable>
         <run_address>0x3e5c</run_address>
         <size>0xe</size>
         <alignment>0x4</alignment>
         <input_file_ref idref="fl-127"/>
      </object_component>
      <object_component id="oc-206">
         <name>.text.strlen</name>
         <load_address>0x3e6a</load_address>
         <readonly>true</readonly>
         <executable>true</executable>
         <run_address>0x3e6a</run_address>
         <size>0xe</size>
         <alignment>0x2</alignment>
         <input_file_ref idref="fl-4c"/>
      </object_component>
      <object_component id="oc-125">
         <name>.text.Get_Time</name>
         <load_address>0x3e78</load_address>
         <readonly>true</readonly>
         <executable>true</executable>
         <run_address>0x3e78</run_address>
         <size>0xc</size>
         <alignment>0x4</alignment>
         <input_file_ref idref="fl-13"/>
      </object_component>
      <object_component id="oc-c1">
         <name>.text.LED2_Toggle</name>
         <load_address>0x3e84</load_address>
         <readonly>true</readonly>
         <executable>true</executable>
         <run_address>0x3e84</run_address>
         <size>0xc</size>
         <alignment>0x4</alignment>
         <input_file_ref idref="fl-a"/>
      </object_component>
      <object_component id="oc-94">
         <name>.text.LED_OFF</name>
         <load_address>0x3e90</load_address>
         <readonly>true</readonly>
         <executable>true</executable>
         <run_address>0x3e90</run_address>
         <size>0xc</size>
         <alignment>0x4</alignment>
         <input_file_ref idref="fl-a"/>
      </object_component>
      <object_component id="oc-89">
         <name>.text.LED_ON</name>
         <load_address>0x3e9c</load_address>
         <readonly>true</readonly>
         <executable>true</executable>
         <run_address>0x3e9c</run_address>
         <size>0xc</size>
         <alignment>0x4</alignment>
         <input_file_ref idref="fl-a"/>
      </object_component>
      <object_component id="oc-72">
         <name>.text.__aeabi_memclr</name>
         <load_address>0x3ea8</load_address>
         <readonly>true</readonly>
         <executable>true</executable>
         <run_address>0x3ea8</run_address>
         <size>0xc</size>
         <alignment>0x4</alignment>
         <input_file_ref idref="fl-127"/>
      </object_component>
      <object_component id="oc-241">
         <name>.text.Contrl_Speed</name>
         <load_address>0x3eb4</load_address>
         <readonly>true</readonly>
         <executable>true</executable>
         <run_address>0x3eb4</run_address>
         <size>0xa</size>
         <alignment>0x2</alignment>
         <input_file_ref idref="fl-c"/>
      </object_component>
      <object_component id="oc-1c3">
         <name>.text.DL_Common_delayCycles</name>
         <load_address>0x3ebe</load_address>
         <readonly>true</readonly>
         <executable>true</executable>
         <run_address>0x3ebe</run_address>
         <size>0xa</size>
         <alignment>0x2</alignment>
         <input_file_ref idref="fl-24"/>
      </object_component>
      <object_component id="oc-276">
         <name>.text.OUTLINED_FUNCTION_0</name>
         <load_address>0x3ec8</load_address>
         <readonly>true</readonly>
         <executable>true</executable>
         <run_address>0x3ec8</run_address>
         <size>0xa</size>
         <alignment>0x2</alignment>
         <input_file_ref idref="fl-4c"/>
      </object_component>
      <object_component id="oc-2ec">
         <name>.tramp.__aeabi_dsub.1</name>
         <load_address>0x3ed4</load_address>
         <readonly>true</readonly>
         <executable>true</executable>
         <run_address>0x3ed4</run_address>
         <size>0x10</size>
         <alignment>0x4</alignment>
         <input_file_ref idref="fl-114"/>
      </object_component>
      <object_component id="oc-27c">
         <name>.text.OUTLINED_FUNCTION_1</name>
         <load_address>0x3ee4</load_address>
         <readonly>true</readonly>
         <executable>true</executable>
         <run_address>0x3ee4</run_address>
         <size>0xa</size>
         <alignment>0x2</alignment>
         <input_file_ref idref="fl-4c"/>
      </object_component>
      <object_component id="oc-111">
         <name>.text._outc</name>
         <load_address>0x3eee</load_address>
         <readonly>true</readonly>
         <executable>true</executable>
         <run_address>0x3eee</run_address>
         <size>0xa</size>
         <alignment>0x2</alignment>
         <input_file_ref idref="fl-3f"/>
      </object_component>
      <object_component id="oc-217">
         <name>.text.__aeabi_errno_addr</name>
         <load_address>0x3ef8</load_address>
         <readonly>true</readonly>
         <executable>true</executable>
         <run_address>0x3ef8</run_address>
         <size>0x8</size>
         <alignment>0x4</alignment>
         <input_file_ref idref="fl-52"/>
      </object_component>
      <object_component id="oc-4a">
         <name>.text.__aeabi_memcpy</name>
         <load_address>0x3f00</load_address>
         <readonly>true</readonly>
         <executable>true</executable>
         <run_address>0x3f00</run_address>
         <size>0x8</size>
         <alignment>0x4</alignment>
         <input_file_ref idref="fl-126"/>
      </object_component>
      <object_component id="oc-19e">
         <name>.text.Get_Digtal_For_User</name>
         <load_address>0x3f08</load_address>
         <readonly>true</readonly>
         <executable>true</executable>
         <run_address>0x3f08</run_address>
         <size>0x6</size>
         <alignment>0x2</alignment>
         <input_file_ref idref="fl-7"/>
      </object_component>
      <object_component id="oc-de">
         <name>.text:abort</name>
         <load_address>0x3f0e</load_address>
         <readonly>true</readonly>
         <executable>true</executable>
         <run_address>0x3f0e</run_address>
         <size>0x6</size>
         <alignment>0x2</alignment>
         <input_file_ref idref="fl-53"/>
      </object_component>
      <object_component id="oc-150">
         <name>.text.HOSTexit</name>
         <load_address>0x3f14</load_address>
         <readonly>true</readonly>
         <executable>true</executable>
         <run_address>0x3f14</run_address>
         <size>0x4</size>
         <alignment>0x2</alignment>
         <input_file_ref idref="fl-103"/>
      </object_component>
      <object_component id="oc-2f">
         <name>.text.Reset_Handler</name>
         <load_address>0x3f18</load_address>
         <readonly>true</readonly>
         <executable>true</executable>
         <run_address>0x3f18</run_address>
         <size>0x4</size>
         <alignment>0x2</alignment>
         <input_file_ref idref="fl-3"/>
      </object_component>
      <object_component id="oc-77">
         <name>.text._system_pre_init</name>
         <load_address>0x3f1c</load_address>
         <readonly>true</readonly>
         <executable>true</executable>
         <run_address>0x3f1c</run_address>
         <size>0x4</size>
         <alignment>0x2</alignment>
         <input_file_ref idref="fl-47"/>
      </object_component>
      <object_component id="oc-2e8">
         <name>.cinit..data.load</name>
         <load_address>0x4110</load_address>
         <readonly>true</readonly>
         <run_address>0x4110</run_address>
         <size>0x33</size>
         <alignment>0x1</alignment>
      </object_component>
      <object_component id="oc-2e6">
         <name>__TI_handler_table</name>
         <load_address>0x4144</load_address>
         <readonly>true</readonly>
         <run_address>0x4144</run_address>
         <size>0xc</size>
         <alignment>0x4</alignment>
      </object_component>
      <object_component id="oc-2e9">
         <name>.cinit..bss.load</name>
         <load_address>0x4150</load_address>
         <readonly>true</readonly>
         <run_address>0x4150</run_address>
         <size>0x8</size>
         <alignment>0x4</alignment>
      </object_component>
      <object_component id="oc-2e7">
         <name>__TI_cinit_table</name>
         <load_address>0x4158</load_address>
         <readonly>true</readonly>
         <run_address>0x4158</run_address>
         <size>0x10</size>
         <alignment>0x4</alignment>
      </object_component>
      <object_component id="oc-259">
         <name>.rodata:__aeabi_ctype_table_</name>
         <load_address>0x3f20</load_address>
         <readonly>true</readonly>
         <run_address>0x3f20</run_address>
         <size>0x101</size>
         <alignment>0x10</alignment>
         <input_file_ref idref="fl-51"/>
      </object_component>
      <object_component id="oc-1d3">
         <name>.rodata.gBUZZERClockConfig</name>
         <load_address>0x4021</load_address>
         <readonly>true</readonly>
         <run_address>0x4021</run_address>
         <size>0x3</size>
         <alignment>0x1</alignment>
         <input_file_ref idref="fl-2"/>
      </object_component>
      <object_component id="oc-1ce">
         <name>.rodata.gSYSPLLConfig</name>
         <load_address>0x4024</load_address>
         <readonly>true</readonly>
         <run_address>0x4024</run_address>
         <size>0x28</size>
         <alignment>0x4</alignment>
         <input_file_ref idref="fl-2"/>
      </object_component>
      <object_component id="oc-d6">
         <name>.rodata.str1.9517790425240694019.1</name>
         <load_address>0x404c</load_address>
         <readonly>true</readonly>
         <run_address>0x404c</run_address>
         <size>0x21</size>
         <alignment>0x1</alignment>
         <input_file_ref idref="fl-1"/>
      </object_component>
      <object_component id="oc-1d9">
         <name>.rodata.gPWM_MOTORClockConfig</name>
         <load_address>0x406d</load_address>
         <readonly>true</readonly>
         <run_address>0x406d</run_address>
         <size>0x3</size>
         <alignment>0x1</alignment>
         <input_file_ref idref="fl-2"/>
      </object_component>
      <object_component id="oc-1dd">
         <name>.rodata.gTIMER_0TimerConfig</name>
         <load_address>0x4070</load_address>
         <readonly>true</readonly>
         <run_address>0x4070</run_address>
[...]
         <object_component_ref idref="oc-134"/>
      </symbol>
      <symbol id="sm-1b3">
         <name>q6_circle_N</name>
         <value>0x202005f0</value>
         <object_component_ref idref="oc-135"/>
      </symbol>
      <symbol id="sm-1c5">
         <name>speed_L</name>
         <value>0x20200608</value>
         <object_component_ref idref="oc-137"/>
      </symbol>
      <symbol id="sm-1c6">
         <name>speed_R</name>
         <value>0x20200614</value>
         <object_component_ref idref="oc-138"/>
      </symbol>
      <symbol id="sm-1c7">
         <name>TB_Control</name>
         <value>0x2d19</value>
         <object_component_ref idref="oc-c8"/>
      </symbol>
      <symbol id="sm-1d1">
         <name>Scheduler_Run</name>
         <value>0x3cb9</value>
         <object_component_ref idref="oc-c3"/>
      </symbol>
      <symbol id="sm-1d2">
         <name>tasks</name>
         <value>0x20200594</value>
         <object_component_ref idref="oc-126"/>
      </symbol>
      <symbol id="sm-1df">
         <name>TIMG0_IRQHandler</name>
         <value>0x3c05</value>
         <object_component_ref idref="oc-3a"/>
      </symbol>
      <symbol id="sm-1e0">
         <name>systick_counter</name>
         <value>0x20200618</value>
         <object_component_ref idref="oc-6b"/>
      </symbol>
      <symbol id="sm-1e1">
         <name>Get_Time</name>
         <value>0x3e79</value>
         <object_component_ref idref="oc-125"/>
      </symbol>
      <symbol id="sm-1ec">
         <name>delay_ms</name>
         <value>0x38a5</value>
         <object_component_ref idref="oc-a5"/>
      </symbol>
      <symbol id="sm-1fd">
         <name>USART_Init</name>
         <value>0x3c29</value>
         <object_component_ref idref="oc-a4"/>
      </symbol>
      <symbol id="sm-1fe">
         <name>USART_SendString</name>
         <value>0x3acd</value>
         <object_component_ref idref="oc-bf"/>
      </symbol>
      <symbol id="sm-1ff">
         <name>UART0_IRQHandler</name>
         <value>0x3861</value>
         <object_component_ref idref="oc-34"/>
      </symbol>
      <symbol id="sm-200">
         <name>recv0_length</name>
         <value>0x20200624</value>
         <object_component_ref idref="oc-61"/>
      </symbol>
      <symbol id="sm-201">
         <name>recv0_buff</name>
         <value>0x202004bc</value>
         <object_component_ref idref="oc-62"/>
      </symbol>
      <symbol id="sm-202">
         <name>recv0_flag</name>
         <value>0x20200629</value>
         <object_component_ref idref="oc-63"/>
      </symbol>
      <symbol id="sm-203">
         <name>__TI_ATRegion0_src_addr</name>
         <value>0x0</value>
      </symbol>
      <symbol id="sm-204">
         <name>__TI_ATRegion0_trg_addr</name>
         <value>0x0</value>
      </symbol>
      <symbol id="sm-205">
         <name>__TI_ATRegion0_region_sz</name>
         <value>0x0</value>
      </symbol>
      <symbol id="sm-206">
         <name>__TI_ATRegion1_src_addr</name>
         <value>0x0</value>
      </symbol>
      <symbol id="sm-207">
         <name>__TI_ATRegion1_trg_addr</name>
         <value>0x0</value>
      </symbol>
      <symbol id="sm-208">
         <name>__TI_ATRegion1_region_sz</name>
         <value>0x0</value>
      </symbol>
      <symbol id="sm-209">
         <name>__TI_ATRegion2_src_addr</name>
         <value>0x0</value>
      </symbol>
      <symbol id="sm-20a">
         <name>__TI_ATRegion2_trg_addr</name>
         <value>0x0</value>
      </symbol>
      <symbol id="sm-20b">
         <name>__TI_ATRegion2_region_sz</name>
         <value>0x0</value>
      </symbol>
      <symbol id="sm-216">
         <name>DL_ADC12_setClockConfig</name>
         <value>0x38e9</value>
         <object_component_ref idref="oc-1f0"/>
      </symbol>
      <symbol id="sm-21f">
         <name>DL_Common_delayCycles</name>
         <value>0x3ebf</value>
         <object_component_ref idref="oc-1c3"/>
      </symbol>
      <symbol id="sm-229">
         <name>DL_I2C_setClockConfig</name>
         <value>0x3bdd</value>
         <object_component_ref idref="oc-1de"/>
      </symbol>
      <symbol id="sm-245">
         <name>DL_Timer_setClockConfig</name>
         <value>0x3d51</value>
         <object_component_ref idref="oc-1cf"/>
      </symbol>
      <symbol id="sm-246">
         <name>DL_Timer_initTimerMode</name>
         <value>0x1ff9</value>
         <object_component_ref idref="oc-1db"/>
      </symbol>
      <symbol id="sm-247">
         <name>DL_Timer_setCaptureCompareValue</name>
         <value>0x3e1d</value>
         <object_component_ref idref="oc-8e"/>
      </symbol>
      <symbol id="sm-248">
         <name>DL_Timer_setCaptCompUpdateMethod</name>
         <value>0x3d35</value>
         <object_component_ref idref="oc-1d2"/>
      </symbol>
      <symbol id="sm-249">
         <name>DL_Timer_setCaptureCompareOutCtl</name>
         <value>0x3d89</value>
         <object_component_ref idref="oc-1d1"/>
      </symbol>
      <symbol id="sm-24a">
         <name>DL_Timer_initFourCCPWMMode</name>
         <value>0x1dfd</value>
         <object_component_ref idref="oc-1d0"/>
      </symbol>
      <symbol id="sm-257">
         <name>DL_UART_init</name>
         <value>0x378d</value>
         <object_component_ref idref="oc-1eb"/>
      </symbol>
      <symbol id="sm-258">
         <name>DL_UART_setClockConfig</name>
         <value>0x3df9</value>
         <object_component_ref idref="oc-1e5"/>
      </symbol>
      <symbol id="sm-266">
         <name>DL_SYSCTL_configSYSPLL</name>
         <value>0x238d</value>
         <object_component_ref idref="oc-1c7"/>
      </symbol>
      <symbol id="sm-267">
         <name>DL_SYSCTL_switchMCLKfromSYSOSCtoHSCLK</name>
         <value>0x381d</value>
         <object_component_ref idref="oc-1cd"/>
      </symbol>
      <symbol id="sm-278">
         <name>sprintf</name>
         <value>0x3a95</value>
         <object_component_ref idref="oc-b9"/>
      </symbol>
      <symbol id="sm-284">
         <name>atoi</name>
         <value>0x3969</value>
         <object_component_ref idref="oc-20f"/>
      </symbol>
      <symbol id="sm-290">
         <name>_c_int00_noargs</name>
         <value>0x3bb5</value>
         <object_component_ref idref="oc-5a"/>
      </symbol>
      <symbol id="sm-291">
         <name>__stack</name>
         <value>0x20207e00</value>
         <object_component_ref idref="oc-1a"/>
      </symbol>
      <symbol id="sm-29d">
         <name>__TI_auto_init_nobinit_nopinit</name>
         <value>0x39e5</value>
         <object_component_ref idref="oc-e5"/>
      </symbol>
      <symbol id="sm-2a5">
         <name>_system_pre_init</name>
         <value>0x3f1d</value>
         <object_component_ref idref="oc-77"/>
      </symbol>
      <symbol id="sm-2b0">
         <name>__TI_zero_init</name>
         <value>0x3e4d</value>
         <object_component_ref idref="oc-57"/>
      </symbol>
      <symbol id="sm-2b9">
         <name>__TI_decompress_none</name>
         <value>0x3e0b</value>
         <object_component_ref idref="oc-20"/>
      </symbol>
      <symbol id="sm-2c4">
         <name>__TI_decompress_lzss</name>
         <value>0x2ea9</value>
         <object_component_ref idref="oc-1c"/>
      </symbol>
      <symbol id="sm-30d">
         <name>__TI_printfi</name>
         <value>0xc1</value>
         <object_component_ref idref="oc-18e"/>
      </symbol>
      <symbol id="sm-317">
         <name>frexp</name>
         <value>0x3499</value>
         <object_component_ref idref="oc-26a"/>
      </symbol>
      <symbol id="sm-318">
         <name>frexpl</name>
         <value>0x3499</value>
         <object_component_ref idref="oc-26a"/>
      </symbol>
      <symbol id="sm-322">
         <name>scalbn</name>
         <value>0x27cd</value>
         <object_component_ref idref="oc-26e"/>
      </symbol>
      <symbol id="sm-323">
         <name>ldexp</name>
         <value>0x27cd</value>
         <object_component_ref idref="oc-26e"/>
      </symbol>
      <symbol id="sm-324">
         <name>scalbnl</name>
         <value>0x27cd</value>
         <object_component_ref idref="oc-26e"/>
      </symbol>
      <symbol id="sm-325">
         <name>ldexpl</name>
         <value>0x27cd</value>
         <object_component_ref idref="oc-26e"/>
      </symbol>
      <symbol id="sm-32f">
         <name>wcslen</name>
         <value>0x3e3d</value>
         <object_component_ref idref="oc-213"/>
      </symbol>
      <symbol id="sm-330">
         <name>__aeabi_ctype_table_</name>
         <value>0x3f20</value>
         <object_component_ref idref="oc-259"/>
      </symbol>
      <symbol id="sm-331">
         <name>__aeabi_ctype_table_C</name>
         <value>0x3f20</value>
         <object_component_ref idref="oc-259"/>
      </symbol>
      <symbol id="sm-33c">
         <name>__aeabi_errno_addr</name>
         <value>0x3ef9</value>
         <object_component_ref idref="oc-217"/>
      </symbol>
      <symbol id="sm-33d">
         <name>__aeabi_errno</name>
         <value>0x202005a8</value>
         <object_component_ref idref="oc-260"/>
      </symbol>
      <symbol id="sm-347">
         <name>abort</name>
         <value>0x3f0f</value>
         <object_component_ref idref="oc-de"/>
      </symbol>
      <symbol id="sm-351">
         <name>__TI_ltoa</name>
         <value>0x34f5</value>
         <object_component_ref idref="oc-272"/>
      </symbol>
      <symbol id="sm-35d">
         <name>memccpy</name>
         <value>0x3c95</value>
         <object_component_ref idref="oc-208"/>
      </symbol>
      <symbol id="sm-36f">
         <name>HOSTexit</name>
         <value>0x3f15</value>
         <object_component_ref idref="oc-150"/>
      </symbol>
      <symbol id="sm-370">
         <name>C$$EXIT</name>
         <value>0x3f14</value>
         <object_component_ref idref="oc-150"/>
      </symbol>
      <symbol id="sm-385">
         <name>__aeabi_fadd</name>
         <value>0x28af</value>
         <object_component_ref idref="oc-1a3"/>
      </symbol>
      <symbol id="sm-386">
         <name>__addsf3</name>
         <value>0x28af</value>
         <object_component_ref idref="oc-1a3"/>
      </symbol>
      <symbol id="sm-387">
         <name>__aeabi_fsub</name>
         <value>0x28a5</value>
         <object_component_ref idref="oc-1a3"/>
      </symbol>
      <symbol id="sm-388">
         <name>__subsf3</name>
         <value>0x28a5</value>
         <object_component_ref idref="oc-1a3"/>
      </symbol>
      <symbol id="sm-38e">
         <name>__aeabi_dadd</name>
         <value>0x129b</value>
         <object_component_ref idref="oc-11c"/>
      </symbol>
      <symbol id="sm-38f">
         <name>__adddf3</name>
         <value>0x129b</value>
         <object_component_ref idref="oc-11c"/>
      </symbol>
      <symbol id="sm-390">
         <name>__aeabi_dsub</name>
         <value>0x1291</value>
         <object_component_ref idref="oc-11c"/>
      </symbol>
      <symbol id="sm-391">
         <name>__subdf3</name>
         <value>0x1291</value>
         <object_component_ref idref="oc-11c"/>
      </symbol>
      <symbol id="sm-39a">
         <name>__aeabi_dmul</name>
         <value>0x22a9</value>
         <object_component_ref idref="oc-17f"/>
      </symbol>
      <symbol id="sm-39b">
         <name>__muldf3</name>
         <value>0x22a9</value>
         <object_component_ref idref="oc-17f"/>
      </symbol>
      <symbol id="sm-3a1">
         <name>__muldsi3</name>
         <value>0x3a21</value>
         <object_component_ref idref="oc-1f9"/>
      </symbol>
      <symbol id="sm-3a7">
         <name>__aeabi_fmul</name>
         <value>0x2c8d</value>
         <object_component_ref idref="oc-1a7"/>
      </symbol>
      <symbol id="sm-3a8">
         <name>__mulsf3</name>
         <value>0x2c8d</value>
         <object_component_ref idref="oc-1a7"/>
      </symbol>
      <symbol id="sm-3ae">
         <name>__aeabi_fdiv</name>
         <value>0x2e25</value>
         <object_component_ref idref="oc-23d"/>
      </symbol>
      <symbol id="sm-3af">
         <name>__divsf3</name>
         <value>0x2e25</value>
         <object_component_ref idref="oc-23d"/>
      </symbol>
      <symbol id="sm-3b5">
         <name>__aeabi_ddiv</name>
         <value>0x1cf1</value>
         <object_component_ref idref="oc-120"/>
      </symbol>
      <symbol id="sm-3b6">
         <name>__divdf3</name>
         <value>0x1cf1</value>
         <object_component_ref idref="oc-120"/>
      </symbol>
      <symbol id="sm-3bc">
         <name>__aeabi_d2iz</name>
         <value>0x3741</value>
         <object_component_ref idref="oc-177"/>
      </symbol>
      <symbol id="sm-3bd">
         <name>__fixdfsi</name>
         <value>0x3741</value>
         <object_component_ref idref="oc-177"/>
      </symbol>
      <symbol id="sm-3c3">
         <name>__aeabi_f2iz</name>
         <value>0x3a5d</value>
         <object_component_ref idref="oc-1ab"/>
      </symbol>
      <symbol id="sm-3c4">
         <name>__fixsfsi</name>
         <value>0x3a5d</value>
         <object_component_ref idref="oc-1ab"/>
      </symbol>
      <symbol id="sm-3ca">
         <name>__aeabi_i2d</name>
         <value>0x3b61</value>
         <object_component_ref idref="oc-17b"/>
      </symbol>
      <symbol id="sm-3cb">
         <name>__floatsidf</name>
         <value>0x3b61</value>
         <object_component_ref idref="oc-17b"/>
      </symbol>
      <symbol id="sm-3d1">
         <name>__aeabi_i2f</name>
         <value>0x39a9</value>
         <object_component_ref idref="oc-19f"/>
      </symbol>
      <symbol id="sm-3d2">
         <name>__floatsisf</name>
         <value>0x39a9</value>
         <object_component_ref idref="oc-19f"/>
      </symbol>
      <symbol id="sm-3d8">
         <name>__aeabi_ui2d</name>
         <value>0x3c4d</value>
         <object_component_ref idref="oc-118"/>
      </symbol>
      <symbol id="sm-3d9">
         <name>__floatunsidf</name>
         <value>0x3c4d</value>
         <object_component_ref idref="oc-118"/>
      </symbol>
      <symbol id="sm-3df">
         <name>__aeabi_lmul</name>
         <value>0x3c71</value>
         <object_component_ref idref="oc-21c"/>
      </symbol>
      <symbol id="sm-3e0">
         <name>__muldi3</name>
         <value>0x3c71</value>
         <object_component_ref idref="oc-21c"/>
      </symbol>
      <symbol id="sm-3e6">
         <name>__aeabi_dcmpeq</name>
         <value>0x3375</value>
         <object_component_ref idref="oc-183"/>
      </symbol>
      <symbol id="sm-3e7">
         <name>__aeabi_dcmplt</name>
         <value>0x3389</value>
         <object_component_ref idref="oc-183"/>
      </symbol>
      <symbol id="sm-3e8">
         <name>__aeabi_dcmple</name>
         <value>0x339d</value>
         <object_component_ref idref="oc-183"/>
      </symbol>
      <symbol id="sm-3e9">
         <name>__aeabi_dcmpge</name>
         <value>0x33b1</value>
         <object_component_ref idref="oc-183"/>
      </symbol>
      <symbol id="sm-3ea">
         <name>__aeabi_dcmpgt</name>
         <value>0x33c5</value>
         <object_component_ref idref="oc-183"/>
      </symbol>
      <symbol id="sm-3f0">
         <name>__aeabi_idiv</name>
         <value>0x35a5</value>
         <object_component_ref idref="oc-295"/>
      </symbol>
      <symbol id="sm-3f1">
         <name>__aeabi_idivmod</name>
         <value>0x35a5</value>
         <object_component_ref idref="oc-295"/>
      </symbol>
      <symbol id="sm-3f7">
         <name>__aeabi_memcpy</name>
         <value>0x3f01</value>
         <object_component_ref idref="oc-4a"/>
      </symbol>
      <symbol id="sm-3f8">
         <name>__aeabi_memcpy4</name>
         <value>0x3f01</value>
         <object_component_ref idref="oc-4a"/>
      </symbol>
      <symbol id="sm-3f9">
         <name>__aeabi_memcpy8</name>
         <value>0x3f01</value>
         <object_component_ref idref="oc-4a"/>
      </symbol>
      <symbol id="sm-402">
         <name>__aeabi_memset</name>
         <value>0x3e5d</value>
         <object_component_ref idref="oc-207"/>
      </symbol>
      <symbol id="sm-403">
         <name>__aeabi_memset4</name>
         <value>0x3e5d</value>
         <object_component_ref idref="oc-207"/>
      </symbol>
      <symbol id="sm-404">
         <name>__aeabi_memset8</name>
         <value>0x3e5d</value>
         <object_component_ref idref="oc-207"/>
      </symbol>
      <symbol id="sm-405">
         <name>__aeabi_memclr</name>
         <value>0x3ea9</value>
         <object_component_ref idref="oc-72"/>
      </symbol>
      <symbol id="sm-406">
         <name>__aeabi_memclr4</name>
         <value>0x3ea9</value>
         <object_component_ref idref="oc-72"/>
      </symbol>
      <symbol id="sm-407">
         <name>__aeabi_memclr8</name>
         <value>0x3ea9</value>
         <object_component_ref idref="oc-72"/>
      </symbol>
      <symbol id="sm-40d">
         <name>__aeabi_uidiv</name>
         <value>0x3929</value>
         <object_component_ref idref="oc-114"/>
      </symbol>
      <symbol id="sm-40e">
         <name>__aeabi_uidivmod</name>
         <value>0x3929</value>
         <object_component_ref idref="oc-114"/>
      </symbol>
      <symbol id="sm-414">
         <name>__aeabi_uldivmod</name>
         <value>0x3dd1</value>
         <object_component_ref idref="oc-221"/>
      </symbol>
      <symbol id="sm-41a">
         <name>__udivmoddi4</name>
         <value>0x2a31</value>
         <object_component_ref idref="oc-265"/>
      </symbol>
      <symbol id="sm-420">
         <name>__aeabi_llsl</name>
         <value>0x3d15</value>
         <object_component_ref idref="oc-28a"/>
      </symbol>
      <symbol id="sm-421">
         <name>__ashldi3</name>
         <value>0x3d15</value>
         <object_component_ref idref="oc-28a"/>
      </symbol>
      <symbol id="sm-42f">
         <name>__ledf2</name>
         <value>0x3241</value>
         <object_component_ref idref="oc-1fe"/>
      </symbol>
      <symbol id="sm-430">
         <name>__gedf2</name>
         <value>0x3085</value>
         <object_component_ref idref="oc-204"/>
      </symbol>
      <symbol id="sm-431">
         <name>__cmpdf2</name>
         <value>0x3241</value>
         <object_component_ref idref="oc-1fe"/>
      </symbol>
      <symbol id="sm-432">
         <name>__eqdf2</name>
         <value>0x3241</value>
         <object_component_ref idref="oc-1fe"/>
      </symbol>
      <symbol id="sm-433">
         <name>__ltdf2</name>
         <value>0x3241</value>
         <object_component_ref idref="oc-1fe"/>
      </symbol>
      <symbol id="sm-434">
         <name>__nedf2</name>
         <value>0x3241</value>
         <object_component_ref idref="oc-1fe"/>
      </symbol>
      <symbol id="sm-435">
         <name>__gtdf2</name>
         <value>0x3085</value>
         <object_component_ref idref="oc-204"/>
      </symbol>
      <symbol id="sm-441">
         <name>__aeabi_idiv0</name>
         <value>0x2ea7</value>
         <object_component_ref idref="oc-18f"/>
      </symbol>
      <symbol id="sm-442">
         <name>__aeabi_ldiv0</name>
         <value>0x330f</value>
         <object_component_ref idref="oc-289"/>
      </symbol>
      <symbol id="sm-45c">
         <name>memcpy</name>
         <value>0x2ad3</value>
         <object_component_ref idref="oc-9f"/>
      </symbol>
      <symbol id="sm-46b">
         <name>memset</name>
         <value>0x33d7</value>
         <object_component_ref idref="oc-101"/>
      </symbol>
      <symbol id="sm-46c">
         <name>__TI_static_base__</name>
         <value>0x0</value>
      </symbol>
      <symbol id="sm-470">
         <name>__mpu_init</name>
         <value>0x0</value>
      </symbol>
      <symbol id="sm-471">
         <name>_system_post_cinit</name>
         <value>0x0</value>
      </symbol>
   </symbol_table>
   <title>Link successful</title>
</link_info>
